Archive member included because of file (symbol)

d:/arm-eabi/bin/../lib/gcc/arm-eabi/4.9.2/../../../../arm-eabi/lib/thumb/fpu/cortex_m4\libc.a(lib_a-atexit.o)
                              d:/arm-eabi/bin/../lib/gcc/arm-eabi/4.9.2/../../../../arm-eabi/lib/thumb/fpu/cortex_m4/crt0.o (atexit)
d:/arm-eabi/bin/../lib/gcc/arm-eabi/4.9.2/../../../../arm-eabi/lib/thumb/fpu/cortex_m4\libc.a(lib_a-exit.o)
                              d:/arm-eabi/bin/../lib/gcc/arm-eabi/4.9.2/../../../../arm-eabi/lib/thumb/fpu/cortex_m4/crt0.o (exit)
d:/arm-eabi/bin/../lib/gcc/arm-eabi/4.9.2/../../../../arm-eabi/lib/thumb/fpu/cortex_m4\libc.a(lib_a-fini.o)
                              d:/arm-eabi/bin/../lib/gcc/arm-eabi/4.9.2/../../../../arm-eabi/lib/thumb/fpu/cortex_m4/crt0.o (__libc_fini_array)
d:/arm-eabi/bin/../lib/gcc/arm-eabi/4.9.2/../../../../arm-eabi/lib/thumb/fpu/cortex_m4\libc.a(lib_a-impure.o)
                              d:/arm-eabi/bin/../lib/gcc/arm-eabi/4.9.2/../../../../arm-eabi/lib/thumb/fpu/cortex_m4\libc.a(lib_a-exit.o) (_global_impure_ptr)
d:/arm-eabi/bin/../lib/gcc/arm-eabi/4.9.2/../../../../arm-eabi/lib/thumb/fpu/cortex_m4\libc.a(lib_a-init.o)
                              d:/arm-eabi/bin/../lib/gcc/arm-eabi/4.9.2/../../../../arm-eabi/lib/thumb/fpu/cortex_m4/crt0.o (__libc_init_array)
d:/arm-eabi/bin/../lib/gcc/arm-eabi/4.9.2/../../../../arm-eabi/lib/thumb/fpu/cortex_m4\libc.a(lib_a-memset.o)
                              d:/arm-eabi/bin/../lib/gcc/arm-eabi/4.9.2/../../../../arm-eabi/lib/thumb/fpu/cortex_m4/crt0.o (memset)
d:/arm-eabi/bin/../lib/gcc/arm-eabi/4.9.2/../../../../arm-eabi/lib/thumb/fpu/cortex_m4\libc.a(lib_a-rand.o)
                              src/main.o (rand)
d:/arm-eabi/bin/../lib/gcc/arm-eabi/4.9.2/../../../../arm-eabi/lib/thumb/fpu/cortex_m4\libc.a(lib_a-reent.o)
                              src/newlib_stubs.o (errno)
d:/arm-eabi/bin/../lib/gcc/arm-eabi/4.9.2/../../../../arm-eabi/lib/thumb/fpu/cortex_m4\libc.a(lib_a-syscalls.o)
                              d:/arm-eabi/bin/../lib/gcc/arm-eabi/4.9.2/../../../../arm-eabi/lib/thumb/fpu/cortex_m4/crt0.o (initialise_monitor_handles)
d:/arm-eabi/bin/../lib/gcc/arm-eabi/4.9.2/../../../../arm-eabi/lib/thumb/fpu/cortex_m4\libc.a(lib_a-__atexit.o)
                              d:/arm-eabi/bin/../lib/gcc/arm-eabi/4.9.2/../../../../arm-eabi/lib/thumb/fpu/cortex_m4\libc.a(lib_a-atexit.o) (__register_exitproc)
d:/arm-eabi/bin/../lib/gcc/arm-eabi/4.9.2/../../../../arm-eabi/lib/thumb/fpu/cortex_m4\libc.a(lib_a-__call_atexit.o)
                              d:/arm-eabi/bin/../lib/gcc/arm-eabi/4.9.2/../../../../arm-eabi/lib/thumb/fpu/cortex_m4\libc.a(lib_a-exit.o) (__call_exitprocs)
d:/arm-eabi/bin/../lib/gcc/arm-eabi/4.9.2/../../../../arm-eabi/lib/thumb/fpu/cortex_m4\libc.a(lib_a-errno.o)
                              d:/arm-eabi/bin/../lib/gcc/arm-eabi/4.9.2/../../../../arm-eabi/lib/thumb/fpu/cortex_m4\libc.a(lib_a-syscalls.o) (__errno)
d:/arm-eabi/bin/../lib/gcc/arm-eabi/4.9.2/../../../../arm-eabi/lib/thumb/fpu/cortex_m4\libc.a(lib_a-findfp.o)
                              d:/arm-eabi/bin/../lib/gcc/arm-eabi/4.9.2/../../../../arm-eabi/lib/thumb/fpu/cortex_m4\libc.a(lib_a-syscalls.o) (__sinit)
d:/arm-eabi/bin/../lib/gcc/arm-eabi/4.9.2/../../../../arm-eabi/lib/thumb/fpu/cortex_m4\libc.a(lib_a-freer.o)
                              d:/arm-eabi/bin/../lib/gcc/arm-eabi/4.9.2/../../../../arm-eabi/lib/thumb/fpu/cortex_m4\libc.a(lib_a-reent.o) (_free_r)
d:/arm-eabi/bin/../lib/gcc/arm-eabi/4.9.2/../../../../arm-eabi/lib/thumb/fpu/cortex_m4\libc.a(lib_a-fwalk.o)
                              d:/arm-eabi/bin/../lib/gcc/arm-eabi/4.9.2/../../../../arm-eabi/lib/thumb/fpu/cortex_m4\libc.a(lib_a-findfp.o) (_fwalk)
d:/arm-eabi/bin/../lib/gcc/arm-eabi/4.9.2/../../../../arm-eabi/lib/thumb/fpu/cortex_m4\libc.a(lib_a-mallocr.o)
                              d:/arm-eabi/bin/../lib/gcc/arm-eabi/4.9.2/../../../../arm-eabi/lib/thumb/fpu/cortex_m4\libc.a(lib_a-findfp.o) (_malloc_r)
d:/arm-eabi/bin/../lib/gcc/arm-eabi/4.9.2/../../../../arm-eabi/lib/thumb/fpu/cortex_m4\libc.a(lib_a-mlock.o)
                              d:/arm-eabi/bin/../lib/gcc/arm-eabi/4.9.2/../../../../arm-eabi/lib/thumb/fpu/cortex_m4\libc.a(lib_a-freer.o) (__malloc_lock)
d:/arm-eabi/bin/../lib/gcc/arm-eabi/4.9.2/../../../../arm-eabi/lib/thumb/fpu/cortex_m4\libc.a(lib_a-sbrkr.o)
                              d:/arm-eabi/bin/../lib/gcc/arm-eabi/4.9.2/../../../../arm-eabi/lib/thumb/fpu/cortex_m4\libc.a(lib_a-freer.o) (_sbrk_r)
d:/arm-eabi/bin/../lib/gcc/arm-eabi/4.9.2/../../../../arm-eabi/lib/thumb/fpu/cortex_m4\libc.a(lib_a-stdio.o)
                              d:/arm-eabi/bin/../lib/gcc/arm-eabi/4.9.2/../../../../arm-eabi/lib/thumb/fpu/cortex_m4\libc.a(lib_a-findfp.o) (__sread)
d:/arm-eabi/bin/../lib/gcc/arm-eabi/4.9.2/../../../../arm-eabi/lib/thumb/fpu/cortex_m4\libc.a(lib_a-strlen.o)
[...]
Memory Configuration

Name             Origin             Length             Attributes
FLASH            0x08000000         0x00040000         xr
RAM              0x20000000         0x0000a000         xrw
MEMORY_B1        0x60000000         0x00000000         xr
CCMRAM           0x10000000         0x00002000         rw
*default*        0x00000000         0xffffffff

Linker script and memory map

LOAD d:/arm-eabi/bin/../lib/gcc/arm-eabi/4.9.2/thumb/fpu/cortex_m4/crti.o
LOAD d:/arm-eabi/bin/../lib/gcc/arm-eabi/4.9.2/thumb/fpu/cortex_m4/crtbegin.o
LOAD d:/arm-eabi/bin/../lib/gcc/arm-eabi/4.9.2/../../../../arm-eabi/lib/thumb/fpu/cortex_m4/crt0.o
LOAD Libraries/STM32F30x_StdPeriph_Driver/src/stm32f30x_gpio.o
LOAD Libraries/STM32F30x_StdPeriph_Driver/src/stm32f30x_spi.o
LOAD Libraries/STM32F30x_StdPeriph_Driver/src/stm32f30x_adc.o
LOAD Libraries/STM32F30x_StdPeriph_Driver/src/stm32f30x_iwdg.o
LOAD Libraries/STM32F30x_StdPeriph_Driver/src/stm32f30x_tim.o
LOAD Libraries/STM32F30x_StdPeriph_Driver/src/stm32f30x_misc.o
LOAD Libraries/STM32F30x_StdPeriph_Driver/src/stm32f30x_rtc.o
LOAD Libraries/STM32F30x_StdPeriph_Driver/src/stm32f30x_usart.o
LOAD Libraries/STM32F30x_StdPeriph_Driver/src/stm32f30x_syscfg.o
LOAD Libraries/STM32F30x_StdPeriph_Driver/src/stm32f30x_flash.o
LOAD Libraries/STM32F30x_StdPeriph_Driver/src/stm32f30x_rcc.o
LOAD Libraries/STM32F30x_StdPeriph_Driver/src/stm32f30x_crc.o
LOAD Libraries/STM32F30x_StdPeriph_Driver/src/stm32f30x_i2c.o
LOAD Libraries/STM32F30x_StdPeriph_Driver/src/stm32f30x_pwr.o
LOAD Libraries/STM32F30x_StdPeriph_Driver/src/stm32f30x_can.o
LOAD Libraries/STM32F30x_StdPeriph_Driver/src/stm32f30x_dac.o
LOAD Libraries/STM32F30x_StdPeriph_Driver/src/stm32f30x_dbgmcu.o
LOAD Libraries/STM32F30x_StdPeriph_Driver/src/stm32f30x_dma.o
LOAD Libraries/STM32F30x_StdPeriph_Driver/src/stm32f30x_exti.o
LOAD Libraries/STM32F30x_StdPeriph_Driver/src/stm32f30x_wwdg.o
LOAD Libraries/STM32F30x_StdPeriph_Driver/src/stm32f30x_opamp.o
LOAD Libraries/STM32F30x_StdPeriph_Driver/src/stm32f30x_comp.o
LOAD src/timer.o
LOAD src/system_stm32f30x.o
LOAD src/sound.o
LOAD src/main.o
LOAD src/game.o
LOAD src/newlib_stubs.o
LOAD src/stm32f3_discovery.o
LOAD src/common.o
LOAD src/io.o
LOAD src/score.o
LOAD src/startup_stm32f30x.o
LOAD d:/arm-eabi/bin/../lib/gcc/arm-eabi/4.9.2/../../../../arm-eabi/lib/thumb/fpu/cortex_m4\libm.a
LOAD d:/arm-eabi/bin/../lib/gcc/arm-eabi/4.9.2/../../../../arm-eabi/lib/thumb/fpu/cortex_m4\libc.a
START GROUP
LOAD d:/arm-eabi/bin/../lib/gcc/arm-eabi/4.9.2/thumb/fpu/cortex_m4\libgcc.a
LOAD d:/arm-eabi/bin/../lib/gcc/arm-eabi/4.9.2/../../../../arm-eabi/lib/thumb/fpu/cortex_m4\libg.a
LOAD d:/arm-eabi/bin/../lib/gcc/arm-eabi/4.9.2/../../../../arm-eabi/lib/thumb/fpu/cortex_m4\libc.a
END GROUP
LOAD d:/arm-eabi/bin/../lib/gcc/arm-eabi/4.9.2/thumb/fpu/cortex_m4/crtend.o
LOAD d:/arm-eabi/bin/../lib/gcc/arm-eabi/4.9.2/thumb/fpu/cortex_m4/crtn.o
                0x2000a000                _estack = 0x2000a000
                0x00000000                _Min_Heap_Size = 0x0
                0x00000200                _Min_Stack_Size = 0x200

.isr_vector     0x08000000      0x188
                0x08000000                . = ALIGN (0x4)
 *(.isr_vector)
 .isr_vector    0x08000000      0x188 src/startup_stm32f30x.o
                0x08000000                g_pfnVectors
                0x08000188                . = ALIGN (0x4)

.text           0x08000188     0x2c38
                0x08000188                . = ALIGN (0x4)
 *(.text)
 .text          0x08000188       0xa4 d:/arm-eabi/bin/../lib/gcc/arm-eabi/4.9.2/thumb/fpu/cortex_m4/crtbegin.o
 .text          0x0800022c       0x50 d:/arm-eabi/bin/../lib/gcc/arm-eabi/4.9.2/../../../../arm-eabi/lib/thumb/fpu/cortex_m4\libc.a(lib_a-init.o)
                0x0800022c                __libc_init_array
 .text          0x0800027c       0x54 d:/arm-eabi/bin/../lib/gcc/arm-eabi/4.9.2/../../../../arm-eabi/lib/thumb/fpu/cortex_m4\libc.a(lib_a-rand.o)
                0x0800027c                srand
                0x08000290                rand
 *(.text*)
 .text.GPIO_Init
                0x080002d0      0x2ac Libraries/STM32F30x_StdPeriph_Driver/src/stm32f30x_gpio.o
                0x080002d0                GPIO_Init
 .text.GPIO_ReadInputDataBit
                0x0800057c        0xc Libraries/STM32F30x_StdPeriph_Driver/src/stm32f30x_gpio.o
                0x0800057c                GPIO_ReadInputDataBit
 .text.TIM_TimeBaseInit
                0x08000588       0xb0 Libraries/STM32F30x_StdPeriph_Driver/src/stm32f30x_tim.o
                0x08000588                TIM_TimeBaseInit
 .text.TIM_SetCounter
                0x08000638        0x4 Libraries/STM32F30x_StdPeriph_Driver/src/stm32f30x_tim.o
                0x08000638                TIM_SetCounter
 .text.TIM_Cmd  0x0800063c       0x1c Libraries/STM32F30x_StdPeriph_Driver/src/stm32f30x_tim.o
                0x0800063c                TIM_Cmd
 .text.TIM_GetITStatus
                0x08000658       0x14 Libraries/STM32F30x_StdPeriph_Driver/src/stm32f30x_tim.o
                0x08000658                TIM_GetITStatus
 .text.TIM_ClearITPendingBit
                0x0800066c        0x8 Libraries/STM32F30x_StdPeriph_Driver/src/stm32f30x_tim.o
                0x0800066c                TIM_ClearITPendingBit
 .text.NVIC_Init
                0x08000674       0x70 Libraries/STM32F30x_StdPeriph_Driver/src/stm32f30x_misc.o
                0x08000674                NVIC_Init
 .text.SYSCFG_EXTILineConfig
                0x080006e4       0x38 Libraries/STM32F30x_StdPeriph_Driver/src/stm32f30x_syscfg.o
                0x080006e4                SYSCFG_EXTILineConfig
 .text.RCC_AHBPeriphClockCmd
                0x0800071c       0x18 Libraries/STM32F30x_StdPeriph_Driver/src/stm32f30x_rcc.o
                0x0800071c                RCC_AHBPeriphClockCmd
 .text.RCC_APB2PeriphClockCmd
                0x08000734       0x18 Libraries/STM32F30x_StdPeriph_Driver/src/stm32f30x_rcc.o
                0x08000734                RCC_APB2PeriphClockCmd
 .text.EXTI_Init
                0x0800074c      0x128 Libraries/STM32F30x_StdPeriph_Driver/src/stm32f30x_exti.o
                0x0800074c                EXTI_Init
 .text.TIM1_BRK_TIM15_IRQHandler
                0x08000874      0x138 src/timer.o
                0x08000874                TIM1_BRK_TIM15_IRQHandler
 .text.TIM8_BRK_IRQHandler
                0x080009ac      0x138 src/timer.o
                0x080009ac                TIM8_BRK_IRQHandler
 .text.TIM2_IRQHandler
                0x08000ae4      0x138 src/timer.o
                0x08000ae4                TIM2_IRQHandler
 .text.TIM3_IRQHandler
                0x08000c1c      0x138 src/timer.o
                0x08000c1c                TIM3_IRQHandler
 .text.TIM4_IRQHandler
                0x08000d54      0x138 src/timer.o
                0x08000d54                TIM4_IRQHandler
 .text.TIM7_IRQHandler
                0x08000e8c      0x138 src/timer.o
                0x08000e8c                TIM7_IRQHandler
 .text.TIM6_DAC_IRQHandler
                0x08000fc4      0x138 src/timer.o
                0x08000fc4                TIM6_DAC_IRQHandler
 .text.TIM8_CC_IRQHandler
                0x080010fc      0x138 src/timer.o
                0x080010fc                TIM8_CC_IRQHandler
 .text.TIM8_TRG_COM_IRQHandler
                0x08001234      0x138 src/timer.o
                0x08001234                TIM8_TRG_COM_IRQHandler
 .text.TIM8_UP_IRQHandler
                0x0800136c      0x138 src/timer.o
                0x0800136c                TIM8_UP_IRQHandler
 .text.TIM1_CC_IRQHandler
                0x080014a4      0x138 src/timer.o
                0x080014a4                TIM1_CC_IRQHandler
 .text.TIM1_TRG_COM_TIM17_IRQHandler
                0x080015dc      0x138 src/timer.o
                0x080015dc                TIM1_TRG_COM_TIM17_IRQHandler
 .text.TIM1_UP_TIM16_IRQHandler
                0x08001714      0x138 src/timer.o
                0x08001714                TIM1_UP_TIM16_IRQHandler
 .text.callFuncIn_s
                0x0800184c       0xf0 src/timer.o
                0x0800184c                callFuncIn_s
 .text.SystemInit
                0x0800193c      0x120 src/system_stm32f30x.o
                0x0800193c                SystemInit
 .text.SystemCoreClockUpdate
                0x08001a5c       0x64 src/system_stm32f30x.o
                0x08001a5c                SystemCoreClockUpdate
 .text.pwmFunc  0x08001ac0       0x34 src/main.o
                0x08001ac0                pwmFunc
 .text.startup.main
                0x08001af4      0x1d4 src/main.o
                0x08001af4                main
 .text.WWDG_IRQHandler
                0x08001cc8        0x4 src/main.o
                0x08001cc8                WWDG_IRQHandler
 .text.PVD_IRQHandler
                0x08001ccc        0x4 src/main.o
                0x08001ccc                PVD_IRQHandler
 .text.TAMPER_STAMP_IRQHandler
                0x08001cd0        0x4 src/main.o
                0x08001cd0                TAMPER_STAMP_IRQHandler
 .text.RTC_WKUP_IRQHandler
                0x08001cd4        0x4 src/main.o
                0x08001cd4                RTC_WKUP_IRQHandler
 .text.FLASH_IRQHandler
                0x08001cd8        0x4 src/main.o
                0x08001cd8                FLASH_IRQHandler
 .text.RCC_IRQHandler
                0x08001cdc        0x4 src/main.o
                0x08001cdc                RCC_IRQHandler
 .text.EXTI0_IRQHandler
                0x08001ce0        0x4 src/main.o
                0x08001ce0                EXTI0_IRQHandler
 .text.EXTI1_IRQHandler
                0x08001ce4        0x4 src/main.o
                0x08001ce4                EXTI1_IRQHandler
 .text.EXTI2_TS_IRQHandler
                0x08001ce8        0x4 src/main.o
                0x08001ce8                EXTI2_TS_IRQHandler
 .text.EXTI3_IRQHandler
                0x08001cec        0x4 src/main.o
                0x08001cec                EXTI3_IRQHandler
 .text.EXTI4_IRQHandler
                0x08001cf0        0x4 src/main.o
                0x08001cf0                EXTI4_IRQHandler
 .text.DMA1_Channel1_IRQHandler
                0x08001cf4        0x4 src/main.o
                0x08001cf4                DMA1_Channel1_IRQHandler
 .text.DMA1_Channel2_IRQHandler
                0x08001cf8        0x4 src/main.o
                0x08001cf8                DMA1_Channel2_IRQHandler
 .text.DMA1_Channel3_IRQHandler
                0x08001cfc        0x4 src/main.o
                0x08001cfc                DMA1_Channel3_IRQHandler
 .text.DMA1_Channel4_IRQHandler
                0x08001d00        0x4 src/main.o
                0x08001d00                DMA1_Channel4_IRQHandler
 .text.DMA1_Channel5_IRQHandler
                0x08001d04        0x4 src/main.o
                0x08001d04                DMA1_Channel5_IRQHandler
 .text.DMA1_Channel6_IRQHandler
                0x08001d08        0x4 src/main.o
                0x08001d08                DMA1_Channel6_IRQHandler
 .text.DMA1_Channel7_IRQHandler
                0x08001d0c        0x4 src/main.o
                0x08001d0c                DMA1_Channel7_IRQHandler
 .text.ADC1_2_IRQHandler
                0x08001d10        0x4 src/main.o
                0x08001d10                ADC1_2_IRQHandler
 .text.USB_HP_CAN1_TX_IRQHandler
                0x08001d14        0x4 src/main.o
                0x08001d14                USB_HP_CAN1_TX_IRQHandler
 .text.USB_LP_CAN1_RX0_IRQHandler
                0x08001d18        0x4 src/main.o
                0x08001d18                USB_LP_CAN1_RX0_IRQHandler
 .text.CAN1_RX1_IRQHandler
                0x08001d1c        0x4 src/main.o
                0x08001d1c                CAN1_RX1_IRQHandler
 .text.CAN1_SCE_IRQHandler
                0x08001d20        0x4 src/main.o
                0x08001d20                CAN1_SCE_IRQHandler
 .text.EXTI9_5_IRQHandler
                0x08001d24        0x4 src/main.o
                0x08001d24                EXTI9_5_IRQHandler
 .text.I2C1_EV_IRQHandler
                0x08001d28        0x4 src/main.o
                0x08001d28                I2C1_EV_IRQHandler
 .text.I2C1_ER_IRQHandler
                0x08001d2c        0x4 src/main.o
                0x08001d2c                I2C1_ER_IRQHandler
 .text.I2C2_EV_IRQHandler
                0x08001d30        0x4 src/main.o
                0x08001d30                I2C2_EV_IRQHandler
 .text.I2C2_ER_IRQHandler
                0x08001d34        0x4 src/main.o
                0x08001d34                I2C2_ER_IRQHandler
 .text.SPI1_IRQHandler
                0x08001d38        0x4 src/main.o
                0x08001d38                SPI1_IRQHandler
 .text.SPI2_IRQHandler
                0x08001d3c        0x4 src/main.o
                0x08001d3c                SPI2_IRQHandler
 .text.USART1_IRQHandler
                0x08001d40        0x4 src/main.o
                0x08001d40                USART1_IRQHandler
 .text.USART2_IRQHandler
                0x08001d44        0x4 src/main.o
                0x08001d44                USART2_IRQHandler
 .text.USART3_IRQHandler
                0x08001d48        0x4 src/main.o
                0x08001d48                USART3_IRQHandler
 .text.EXTI15_10_IRQHandler
                0x08001d4c        0x4 src/main.o
                0x08001d4c                EXTI15_10_IRQHandler
 .text.RTC_Alarm_IRQHandler
                0x08001d50        0x4 src/main.o
                0x08001d50                RTC_Alarm_IRQHandler
 .text.USBWakeUp_IRQHandler
                0x08001d54        0x4 src/main.o
                0x08001d54                USBWakeUp_IRQHandler
 .text.ADC3_IRQHandler
                0x08001d58        0x4 src/main.o
                0x08001d58                ADC3_IRQHandler
 .text.SPI3_IRQHandler
                0x08001d5c        0x4 src/main.o
                0x08001d5c                SPI3_IRQHandler
 .text.UART4_IRQHandler
                0x08001d60        0x4 src/main.o
                0x08001d60                UART4_IRQHandler
 .text.UART5_IRQHandler
                0x08001d64        0x4 src/main.o
                0x08001d64                UART5_IRQHandler
 .text.DMA2_Channel1_IRQHandler
                0x08001d68        0x4 src/main.o
                0x08001d68                DMA2_Channel1_IRQHandler
 .text.DMA2_Channel2_IRQHandler
                0x08001d6c        0x4 src/main.o
                0x08001d6c                DMA2_Channel2_IRQHandler
 .text.DMA2_Channel3_IRQHandler
                0x08001d70        0x4 src/main.o
                0x08001d70                DMA2_Channel3_IRQHandler
 .text.DMA2_Channel4_IRQHandler
                0x08001d74        0x4 src/main.o
                0x08001d74                DMA2_Channel4_IRQHandler
 .text.DMA2_Channel5_IRQHandler
                0x08001d78        0x4 src/main.o
                0x08001d78                DMA2_Channel5_IRQHandler
 .text.ADC4_IRQHandler
                0x08001d7c        0x4 src/main.o
                0x08001d7c                ADC4_IRQHandler
 .text.COMP1_2_3_IRQHandler
                0x08001d80        0x4 src/main.o
                0x08001d80                COMP1_2_3_IRQHandler
 .text.COMP4_5_6_IRQHandler
                0x08001d84        0x4 src/main.o
                0x08001d84                COMP4_5_6_IRQHandler
 .text.COMP7_IRQHandler
                0x08001d88        0x4 src/main.o
                0x08001d88                COMP7_IRQHandler
 .text.USB_HP_IRQHandler
                0x08001d8c        0x4 src/main.o
                0x08001d8c                USB_HP_IRQHandler
 .text.USB_LP_IRQHandler
                0x08001d90        0x4 src/main.o
                0x08001d90                USB_LP_IRQHandler
 .text.USBWakeUp_RMP_IRQHandler
                0x08001d94        0x4 src/main.o
                0x08001d94                USBWakeUp_RMP_IRQHandler
 .text.FPU_IRQHandler
                0x08001d98        0x4 src/main.o
                0x08001d98                FPU_IRQHandler
 .text.STM_EVAL_LEDInit
                0x08001d9c       0x50 src/stm32f3_discovery.o
                0x08001d9c                STM_EVAL_LEDInit
 .text.STM_EVAL_LEDOn
                0x08001dec       0x18 src/stm32f3_discovery.o
                0x08001dec                STM_EVAL_LEDOn
 .text.STM_EVAL_LEDOff
                0x08001e04       0x18 src/stm32f3_discovery.o
                0x08001e04                STM_EVAL_LEDOff
 .text.STM_EVAL_LEDToggle
                0x08001e1c       0x24 src/stm32f3_discovery.o
                0x08001e1c                STM_EVAL_LEDToggle
 .text.STM_EVAL_PBInit
                0x08001e40       0x84 src/stm32f3_discovery.o
                0x08001e40                STM_EVAL_PBInit
 .text.STM_EVAL_PBGetState
                0x08001ec4       0x14 src/stm32f3_discovery.o
                0x08001ec4                STM_EVAL_PBGetState
 .text.SysTick_Handler
                0x08001ed8       0x1c src/common.o
                0x08001ed8                SysTick_Handler
 .text.turnOffSolenoid
                0x08001ef4       0x58 src/io.o
                0x08001ef4                turnOffSolenoid
 .text.initIOs  0x08001f4c      0xacc src/io.o
                0x08001f4c                initIOs
 .text.updateIOs
                0x08002a18      0x284 src/io.o
                0x08002a18                updateIOs
 .text.setLed   0x08002c9c       0x10 src/io.o
                0x08002c9c                setLed
 .text.setPWMFunc
                0x08002cac       0x1c src/io.o
                0x08002cac                setPWMFunc
 .text.offsetLed
                0x08002cc8       0x18 src/io.o
                0x08002cc8                offsetLed
 .text.setFlash
                0x08002ce0       0x20 src/io.o
                0x08002ce0                setFlash
 .text.Reset_Handler
                0x08002d00       0x48 src/startup_stm32f30x.o
                0x08002d00                Reset_Handler
 .text.Default_Handler
                0x08002d48        0x2 src/startup_stm32f30x.o
                0x08002d48                DebugMon_Handler
                0x08002d48                HardFault_Handler
                0x08002d48                PendSV_Handler
                0x08002d48                NMI_Handler
                0x08002d48                UsageFault_Handler
                0x08002d48                Default_Handler
                0x08002d48                MemManage_Handler
                0x08002d48                SVC_Handler
                0x08002d48                BusFault_Handler
 *(.rodata)
 *(.rodata*)
 *fill*         0x08002d4a        0x2 
 .rodata.GPIO_CLK
                0x08002d4c       0x20 src/stm32f3_discovery.o
                0x08002d4c                GPIO_CLK
 .rodata.GPIO_PIN
                0x08002d6c       0x10 src/stm32f3_discovery.o
                0x08002d6c                GPIO_PIN
 .rodata.heldRelayMaxOnTime
                0x08002d7c       0x28 src/io.o
 .rodata.str1.4
                0x08002da4        0x4 d:/arm-eabi/bin/../lib/gcc/arm-eabi/4.9.2/../../../../arm-eabi/lib/thumb/fpu/cortex_m4\libc.a(lib_a-impure.o)
 *(.glue_7)
 .glue_7        0x00000000        0x0 linker stubs
 *(.glue_7t)
 .glue_7t       0x00000000        0x0 linker stubs
 *(.eh_frame)
 .eh_frame      0x08002da8        0x0 d:/arm-eabi/bin/../lib/gcc/arm-eabi/4.9.2/thumb/fpu/cortex_m4/crtbegin.o
 *(.init)
 .init          0x08002da8        0x4 d:/arm-eabi/bin/../lib/gcc/arm-eabi/4.9.2/thumb/fpu/cortex_m4/crti.o
                0x08002da8                _init
 .init          0x08002dac        0x8 d:/arm-eabi/bin/../lib/gcc/arm-eabi/4.9.2/thumb/fpu/cortex_m4/crtn.o
 *(.fini)
 .fini          0x08002db4        0x4 d:/arm-eabi/bin/../lib/gcc/arm-eabi/4.9.2/thumb/fpu/cortex_m4/crti.o
                0x08002db4                _fini
 .fini          0x08002db8        0x8 d:/arm-eabi/bin/../lib/gcc/arm-eabi/4.9.2/thumb/fpu/cortex_m4/crtn.o
                0x08002dc0                . = ALIGN (0x4)
                0x08002dc0                _etext = .

.vfp11_veneer   0x08002dc0        0x0
 .vfp11_veneer  0x00000000        0x0 linker stubs

.v4_bx          0x08002dc0        0x0
 .v4_bx         0x00000000        0x0 linker stubs

.iplt           0x08002dc0        0x0
 .iplt          0x00000000        0x0 d:/arm-eabi/bin/../lib/gcc/arm-eabi/4.9.2/thumb/fpu/cortex_m4/crtbegin.o

.rel.dyn        0x08002dc0        0x0
 .rel.iplt      0x00000000        0x0 d:/arm-eabi/bin/../lib/gcc/arm-eabi/4.9.2/thumb/fpu/cortex_m4/crtbegin.o

.ARM.extab
 *(.ARM.extab* .gnu.linkonce.armextab.*)

.ARM            0x08002dc0        0x0
                0x08002dc0                __exidx_start = .
 *(.ARM.exidx*)
                0x08002dc0                __exidx_end = .

.preinit_array  0x08002dc0        0x0
                0x08002dc0                PROVIDE (__preinit_array_start, .)
 *(.preinit_array*)
                0x08002dc0                PROVIDE (__preinit_array_end, .)

.init_array     0x08002dc0        0x4
                0x08002dc0                PROVIDE (__init_array_start, .)
 *(SORT(.init_array.*))
 *(.init_array*)
 .init_array    0x08002dc0        0x4 d:/arm-eabi/bin/../lib/gcc/arm-eabi/4.9.2/thumb/fpu/cortex_m4/crtbegin.o
                0x08002dc4                PROVIDE (__init_array_end, .)

.fini_array     0x08002dc4        0x4
                0x08002dc4                PROVIDE (__fini_array_start, .)
 *(SORT(.fini_array.*))
 *(.fini_array*)
 .fini_array    0x08002dc4        0x4 d:/arm-eabi/bin/../lib/gcc/arm-eabi/4.9.2/thumb/fpu/cortex_m4/crtbegin.o
                0x08002dc8                PROVIDE (__fini_array_end, .)
                0x08002dc8                _sidata = LOADADDR (.data)

.data           0x20000000      0xb58 load address 0x08002dc8
                0x20000000                . = ALIGN (0x4)
                0x20000000                _sdata = .
 *(.data)
 .data          0x20000000      0x430 d:/arm-eabi/bin/../lib/gcc/arm-eabi/4.9.2/../../../../arm-eabi/lib/thumb/fpu/cortex_m4\libc.a(lib_a-impure.o)
                0x20000000                _impure_ptr
 *(.data*)
 .data.timerIds
                0x20000430       0x28 src/timer.o
                0x20000430                timerIds
 .data.AHBPrescTable
                0x20000458       0x10 src/system_stm32f30x.o
                0x20000458                AHBPrescTable
 .data.SystemCoreClock
                0x20000468        0x4 src/system_stm32f30x.o
                0x20000468                SystemCoreClock
 .data.bsint    0x2000046c      0x100 src/main.o
                0x2000046c                bsint
 .data.GPIO_PORT
                0x2000056c       0x20 src/stm32f3_discovery.o
                0x2000056c                GPIO_PORT
 .data.BUTTON_PORT
                0x2000058c        0x4 src/stm32f3_discovery.o
                0x2000058c                BUTTON_PORT
 .data.RIGHT_CAPTURE_EJECT
                0x20000590       0x14 src/io.o
                0x20000590                RIGHT_CAPTURE_EJECT
 .data.LEFT_BLOCK
                0x200005a4       0x14 src/io.o
                0x200005a4                LEFT_BLOCK
 .data.RIGHT_FLIPPER
                0x200005b8       0x14 src/io.o
                0x200005b8                RIGHT_FLIPPER
 .data.TOP_CAPTURE_EJECT
                0x200005cc       0x14 src/io.o
                0x200005cc                TOP_CAPTURE_EJECT
 .data.SCORE    0x200005e0       0x50 src/io.o
                0x200005e0                SCORE
 .data.DROP_TARGET
                0x20000630       0xb4 src/io.o
                0x20000630                DROP_TARGET
 .data.SHOOT_BUTTON
                0x200006e4       0x14 src/io.o
                0x200006e4                SHOOT_BUTTON
 .data.LEFT_FLIPPER
                0x200006f8       0x14 src/io.o
                0x200006f8                LEFT_FLIPPER
 .data.SCORE_ZERO
                0x2000070c       0x50 src/io.o
                0x2000070c                SCORE_ZERO
 .data.TOP_CAPTURE
                0x2000075c       0x14 src/io.o
                0x2000075c                TOP_CAPTURE
 .data.START    0x20000770       0x14 src/io.o
                0x20000770                START
 .data.FIVE_TARGET
                0x20000784       0x64 src/io.o
                0x20000784                FIVE_TARGET
 .data.BONUS    0x200007e8       0x50 src/io.o
                0x200007e8                BONUS
 .data.BALL_SHOOT
                0x20000838       0x14 src/io.o
                0x20000838                BALL_SHOOT
 .data.RED_TARGET
                0x2000084c       0x50 src/io.o
                0x2000084c                RED_TARGET
 .data.RIGHT_BLOCK
                0x2000089c       0x14 src/io.o
                0x2000089c                RIGHT_BLOCK
 .data.CAB_LEFT
                0x200008b0       0x14 src/io.o
                0x200008b0                CAB_LEFT
 .data.FIVE_DROP_RESET
                0x200008c4       0x14 src/io.o
                0x200008c4                FIVE_DROP_RESET
 .data.LEFT_POP
                0x200008d8       0x14 src/io.o
                0x200008d8                LEFT_POP
 .data.LEFT_CAPTURE_EJECT
                0x200008ec       0x14 src/io.o
                0x200008ec                LEFT_CAPTURE_EJECT
 .data.CAB_RIGHT
                0x20000900       0x14 src/io.o
                0x20000900                CAB_RIGHT
 .data.LANES    0x20000914       0x50 src/io.o
                0x20000914                LANES
 .data.LEFT_DROP_RESET
                0x20000964       0x14 src/io.o
                0x20000964                LEFT_DROP_RESET
 .data.ACTIVATE_TARGET
                0x20000978       0x14 src/io.o
                0x20000978                ACTIVATE_TARGET
 .data.RIGHT_DROP_RESET
                0x2000098c       0x14 src/io.o
                0x2000098c                RIGHT_DROP_RESET
 .data.BUMPER   0x200009a0       0x14 src/io.o
                0x200009a0                BUMPER
 .data.RIGHT_CAPTURE
                0x200009b4       0x14 src/io.o
                0x200009b4                RIGHT_CAPTURE
 .data.RIGHT_POP
                0x200009c8       0x14 src/io.o
                0x200009c8                RIGHT_POP
 .data.BONUS_ZERO
                0x200009dc       0x50 src/io.o
                0x200009dc                BONUS_ZERO
 .data.TOP_DROP_RESET
                0x20000a2c       0x14 src/io.o
                0x20000a2c                TOP_DROP_RESET
 .data.heldRelays
                0x20000a40       0xc8 src/io.o
                0x20000a40                heldRelays
 .data.LEFT_CAPTURE
                0x20000b08       0x14 src/io.o
                0x20000b08                LEFT_CAPTURE
 .data.BALL_OUT
                0x20000b1c       0x14 src/io.o
                0x20000b1c                BALL_OUT
 .data.HOLD     0x20000b30       0x14 src/io.o
                0x20000b30                HOLD
 .data.ROTATE_ROLLOVER
                0x20000b44       0x14 src/io.o
                0x20000b44                ROTATE_ROLLOVER
                0x20000b58                . = ALIGN (0x4)
                0x20000b58                _edata = .
                0x08003920                _siccmram = LOADADDR (.ccmram)

.jcr            0x20000b58        0x0 load address 0x08003920
 .jcr           0x20000b58        0x0 d:/arm-eabi/bin/../lib/gcc/arm-eabi/4.9.2/thumb/fpu/cortex_m4/crtbegin.o

.tm_clone_table
                0x20000b58        0x0 load address 0x08003920
 .tm_clone_table
                0x20000b58        0x0 d:/arm-eabi/bin/../lib/gcc/arm-eabi/4.9.2/thumb/fpu/cortex_m4/crtbegin.o
 .tm_clone_table
                0x20000b58        0x0 d:/arm-eabi/bin/../lib/gcc/arm-eabi/4.9.2/thumb/fpu/cortex_m4/crtend.o

.igot.plt       0x20000b58        0x0 load address 0x08003920
 .igot.plt      0x00000000        0x0 d:/arm-eabi/bin/../lib/gcc/arm-eabi/4.9.2/thumb/fpu/cortex_m4/crtbegin.o

.ccmram         0x10000000        0x0 load address 0x08003920
                0x10000000                . = ALIGN (0x4)
                0x10000000                _sccmram = .
 *(.ccmram)
 *(.ccmram*)
                0x10000000                . = ALIGN (0x4)
                0x10000000                _eccmram = .
                0x10000000                . = ALIGN (0x4)

.bss            0x20000b58      0x57c
                0x20000b58                _sbss = .
                0x20000b58                __bss_start__ = _sbss
 *(.bss)
 .bss           0x20000b58       0x1c d:/arm-eabi/bin/../lib/gcc/arm-eabi/4.9.2/thumb/fpu/cortex_m4/crtbegin.o
 *(.bss*)
 .bss.msElapsed
                0x20000b74        0x4 src/timer.o
                0x20000b74                msElapsed
 .bss.msTicks   0x20000b78        0x4 src/timer.o
                0x20000b78                msTicks
 .bss.buttonState
                0x20000b7c        0x4 src/main.o
                0x20000b7c                buttonState
 .bss.ioTicks   0x20000b80        0x4 src/io.o
                0x20000b80                ioTicks
 .bss.LED_Dirty
                0x20000b84        0x1 src/io.o
                0x20000b84                LED_Dirty
 *(COMMON)
 *fill*         0x20000b85        0x3 
 COMMON         0x20000b88       0x88 src/timer.o
                0x20000b88                timerFuncs
                0x20000bb4                active
                0x20000bc0                setting
                0x20000be8                timerData
 COMMON         0x20000c10        0x4 src/main.o
                0x20000c10                ii
 COMMON         0x20000c14      0x4be src/io.o
                0x20000c14                heldRelayState
                0x20000c20                lastHeldRelayOnTime
                0x20000c48                ledState
                0x200010c8                mInputState
                0x200010cc                mLEDState
                0x200010d4                . = ALIGN (0x4)
 *fill*         0x200010d2        0x2 
                0x200010d4                _ebss = .
                0x200010d4                __bss_end__ = _ebss

._user_heap_stack
                0x200010d4      0x200
                0x200010d4                . = ALIGN (0x4)
                0x200010d4                PROVIDE (end, .)
                0x200010d4                PROVIDE (_end, .)
                0x200010d4                . = (. + _Min_Heap_Size)
                0x200012d4                . = (. + _Min_Stack_Size)
 *fill*         0x200010d4      0x200 
                0x200012d4                . = ALIGN (0x4)

.memory_b1_text
 *(.mb1text)
 *(.mb1text*)
 *(.mb1rodata)
 *(.mb1rodata*)

/DISCARD/
 libc.a(*)
 libm.a(*)
 libgcc.a(*)

.ARM.attributes
                0x00000000       0x35
 *(.ARM.attributes)
 .ARM.attributes
                0x00000000       0x23 d:/arm-eabi/bin/../lib/gcc/arm-eabi/4.9.2/thumb/fpu/cortex_m4/crti.o
 .ARM.attributes
                0x00000023       0x39 d:/arm-eabi/bin/../lib/gcc/arm-eabi/4.9.2/thumb/fpu/cortex_m4/crtbegin.o
 .ARM.attributes
                0x0000005c       0x39 Libraries/STM32F30x_StdPeriph_Driver/src/stm32f30x_gpio.o
 .ARM.attributes
                0x00000095       0x39 Libraries/STM32F30x_StdPeriph_Driver/src/stm32f30x_tim.o
 .ARM.attributes
                0x000000ce       0x39 Libraries/STM32F30x_StdPeriph_Driver/src/stm32f30x_misc.o
 .ARM.attributes
                0x00000107       0x39 Libraries/STM32F30x_StdPeriph_Driver/src/stm32f30x_syscfg.o
 .ARM.attributes
                0x00000140       0x39 Libraries/STM32F30x_StdPeriph_Driver/src/stm32f30x_rcc.o
 .ARM.attributes
                0x00000179       0x39 Libraries/STM32F30x_StdPeriph_Driver/src/stm32f30x_exti.o
 .ARM.attributes
                0x000001b2       0x39 src/timer.o
 .ARM.attributes
                0x000001eb       0x39 src/system_stm32f30x.o
 .ARM.attributes
                0x00000224       0x39 src/main.o
 .ARM.attributes
                0x0000025d       0x39 src/stm32f3_discovery.o
 .ARM.attributes
                0x00000296       0x39 src/common.o
 .ARM.attributes
                0x000002cf       0x39 src/io.o
 .ARM.attributes
                0x00000308       0x21 src/startup_stm32f30x.o
 .ARM.attributes
                0x00000329       0x39 d:/arm-eabi/bin/../lib/gcc/arm-eabi/4.9.2/../../../../arm-eabi/lib/thumb/fpu/cortex_m4\libc.a(lib_a-impure.o)
 .ARM.attributes
                0x00000362       0x39 d:/arm-eabi/bin/../lib/gcc/arm-eabi/4.9.2/../../../../arm-eabi/lib/thumb/fpu/cortex_m4\libc.a(lib_a-init.o)
 .ARM.attributes
                0x0000039b       0x39 d:/arm-eabi/bin/../lib/gcc/arm-eabi/4.9.2/../../../../arm-eabi/lib/thumb/fpu/cortex_m4\libc.a(lib_a-rand.o)
 .ARM.attributes
                0x000003d4       0x39 d:/arm-eabi/bin/../lib/gcc/arm-eabi/4.9.2/thumb/fpu/cortex_m4/crtend.o
 .ARM.attributes
                0x0000040d       0x23 d:/arm-eabi/bin/../lib/gcc/arm-eabi/4.9.2/thumb/fpu/cortex_m4/crtn.o
OUTPUT(pinball.elf elf32-littlearm)

.comment        0x00000000       0x11
 .comment       0x00000000       0x11 d:/arm-eabi/bin/../lib/gcc/arm-eabi/4.9.2/thumb/fpu/cortex_m4/crtbegin.o
                                 0x12 (size before relaxing)
 .comment       0x00000000       0x12 Libraries/STM32F30x_StdPeriph_Driver/src/stm32f30x_gpio.o
 .comment       0x00000000       0x12 Libraries/STM32F30x_StdPeriph_Driver/src/stm32f30x_tim.o
 .comment       0x00000000       0x12 Libraries/STM32F30x_StdPeriph_Driver/src/stm32f30x_misc.o
 .comment       0x00000000       0x12 Libraries/STM32F30x_StdPeriph_Driver/src/stm32f30x_syscfg.o
 .comment       0x00000000       0x12 Libraries/STM32F30x_StdPeriph_Driver/src/stm32f30x_rcc.o
 .comment       0x00000000       0x12 Libraries/STM32F30x_StdPeriph_Driver/src/stm32f30x_exti.o
 .comment       0x00000000       0x12 src/timer.o
 .comment       0x00000000       0x12 src/system_stm32f30x.o
 .comment       0x00000000       0x12 src/main.o
 .comment       0x00000000       0x12 src/stm32f3_discovery.o
 .comment       0x00000000       0x12 src/common.o
 .comment       0x00000000       0x12 src/io.o
 .comment       0x00000000       0x12 d:/arm-eabi/bin/../lib/gcc/arm-eabi/4.9.2/../../../../arm-eabi/lib/thumb/fpu/cortex_m4\libc.a(lib_a-impure.o)
 .comment       0x00000000       0x12 d:/arm-eabi/bin/../lib/gcc/arm-eabi/4.9.2/../../../../arm-eabi/lib/thumb/fpu/cortex_m4\libc.a(lib_a-init.o)
 .comment       0x00000000       0x12 d:/arm-eabi/bin/../lib/gcc/arm-eabi/4.9.2/../../../../arm-eabi/lib/thumb/fpu/cortex_m4\libc.a(lib_a-rand.o)
 .comment       0x00000000       0x12 d:/arm-eabi/bin/../lib/gcc/arm-eabi/4.9.2/thumb/fpu/cortex_m4/crtend.o

.debug_info     0x00000000     0xc4e2
 .debug_info    0x00000000      0x751 Libraries/STM32F30x_StdPeriph_Driver/src/stm32f30x_gpio.o
 .debug_info    0x00000751     0x2966 Libraries/STM32F30x_StdPeriph_Driver/src/stm32f30x_tim.o
 .debug_info    0x000030b7      0x547 Libraries/STM32F30x_StdPeriph_Driver/src/stm32f30x_misc.o
 .debug_info    0x000035fe      0x3d4 Libraries/STM32F30x_StdPeriph_Driver/src/stm32f30x_syscfg.o
 .debug_info    0x000039d2      0xb5a Libraries/STM32F30x_StdPeriph_Driver/src/stm32f30x_rcc.o
 .debug_info    0x0000452c      0x3c1 Libraries/STM32F30x_StdPeriph_Driver/src/stm32f30x_exti.o
 .debug_info    0x000048ed     0x1fc3 src/timer.o
 .debug_info    0x000068b0      0x4bc src/system_stm32f30x.o
 .debug_info    0x00006d6c     0x1536 src/main.o
 .debug_info    0x000082a2      0x9ca src/stm32f3_discovery.o
 .debug_info    0x00008c6c      0x102 src/common.o
 .debug_info    0x00008d6e     0x24af src/io.o
 .debug_info    0x0000b21d       0x65 src/startup_stm32f30x.o
 .debug_info    0x0000b282      0x894 d:/arm-eabi/bin/../lib/gcc/arm-eabi/4.9.2/../../../../arm-eabi/lib/thumb/fpu/cortex_m4\libc.a(lib_a-impure.o)
 .debug_info    0x0000bb16      0x105 d:/arm-eabi/bin/../lib/gcc/arm-eabi/4.9.2/../../../../arm-eabi/lib/thumb/fpu/cortex_m4\libc.a(lib_a-init.o)
 .debug_info    0x0000bc1b      0x8c7 d:/arm-eabi/bin/../lib/gcc/arm-eabi/4.9.2/../../../../arm-eabi/lib/thumb/fpu/cortex_m4\libc.a(lib_a-rand.o)

.debug_abbrev   0x00000000     0x1ee7
 .debug_abbrev  0x00000000      0x1e9 Libraries/STM32F30x_StdPeriph_Driver/src/stm32f30x_gpio.o
 .debug_abbrev  0x000001e9      0x291 Libraries/STM32F30x_StdPeriph_Driver/src/stm32f30x_tim.o
 .debug_abbrev  0x0000047a      0x156 Libraries/STM32F30x_StdPeriph_Driver/src/stm32f30x_misc.o
 .debug_abbrev  0x000005d0      0x1a1 Libraries/STM32F30x_StdPeriph_Driver/src/stm32f30x_syscfg.o
 .debug_abbrev  0x00000771      0x289 Libraries/STM32F30x_StdPeriph_Driver/src/stm32f30x_rcc.o
 .debug_abbrev  0x000009fa      0x18b Libraries/STM32F30x_StdPeriph_Driver/src/stm32f30x_exti.o
 .debug_abbrev  0x00000b85      0x360 src/timer.o
 .debug_abbrev  0x00000ee5      0x145 src/system_stm32f30x.o
 .debug_abbrev  0x0000102a      0x3ce src/main.o
 .debug_abbrev  0x000013f8      0x1cf src/stm32f3_discovery.o
 .debug_abbrev  0x000015c7       0x89 src/common.o
 .debug_abbrev  0x00001650      0x473 src/io.o
 .debug_abbrev  0x00001ac3       0x12 src/startup_stm32f30x.o
 .debug_abbrev  0x00001ad5      0x180 d:/arm-eabi/bin/../lib/gcc/arm-eabi/4.9.2/../../../../arm-eabi/lib/thumb/fpu/cortex_m4\libc.a(lib_a-impure.o)
 .debug_abbrev  0x00001c55       0xba d:/arm-eabi/bin/../lib/gcc/arm-eabi/4.9.2/../../../../arm-eabi/lib/thumb/fpu/cortex_m4\libc.a(lib_a-init.o)
 .debug_abbrev  0x00001d0f      0x1d8 d:/arm-eabi/bin/../lib/gcc/arm-eabi/4.9.2/../../../../arm-eabi/lib/thumb/fpu/cortex_m4\libc.a(lib_a-rand.o)

.debug_loc      0x00000000     0x7ec9
 .debug_loc     0x00000000      0x412 Libraries/STM32F30x_StdPeriph_Driver/src/stm32f30x_gpio.o
 .debug_loc     0x00000412     0x2e8d Libraries/STM32F30x_StdPeriph_Driver/src/stm32f30x_tim.o
 .debug_loc     0x0000329f      0x177 Libraries/STM32F30x_StdPeriph_Driver/src/stm32f30x_misc.o
 .debug_loc     0x00003416      0x2b5 Libraries/STM32F30x_StdPeriph_Driver/src/stm32f30x_syscfg.o
 .debug_loc     0x000036cb      0xc40 Libraries/STM32F30x_StdPeriph_Driver/src/stm32f30x_rcc.o
 .debug_loc     0x0000430b      0x290 Libraries/STM32F30x_StdPeriph_Driver/src/stm32f30x_exti.o
 .debug_loc     0x0000459b      0xaea src/timer.o
 .debug_loc     0x00005085      0x129 src/system_stm32f30x.o
 .debug_loc     0x000051ae      0x2b6 src/main.o
 .debug_loc     0x00005464       0xe7 src/stm32f3_discovery.o
 .debug_loc     0x0000554b     0x28b1 src/io.o
 .debug_loc     0x00007dfc       0xae d:/arm-eabi/bin/../lib/gcc/arm-eabi/4.9.2/../../../../arm-eabi/lib/thumb/fpu/cortex_m4\libc.a(lib_a-init.o)
 .debug_loc     0x00007eaa       0x1f d:/arm-eabi/bin/../lib/gcc/arm-eabi/4.9.2/../../../../arm-eabi/lib/thumb/fpu/cortex_m4\libc.a(lib_a-rand.o)

.debug_aranges  0x00000000      0xaf8
 .debug_aranges
                0x00000000       0x80 Libraries/STM32F30x_StdPeriph_Driver/src/stm32f30x_gpio.o
 .debug_aranges
                0x00000080      0x388 Libraries/STM32F30x_StdPeriph_Driver/src/stm32f30x_tim.o
 .debug_aranges
                0x00000408       0x40 Libraries/STM32F30x_StdPeriph_Driver/src/stm32f30x_misc.o
 .debug_aranges
                0x00000448       0x88 Libraries/STM32F30x_StdPeriph_Driver/src/stm32f30x_syscfg.o
 .debug_aranges
                0x000004d0      0x150 Libraries/STM32F30x_StdPeriph_Driver/src/stm32f30x_rcc.o
 .debug_aranges
                0x00000620       0x58 Libraries/STM32F30x_StdPeriph_Driver/src/stm32f30x_exti.o
 .debug_aranges
                0x00000678       0xd0 src/timer.o
 .debug_aranges
                0x00000748       0x28 src/system_stm32f30x.o
 .debug_aranges
                0x00000770      0x1e8 src/main.o
 .debug_aranges
                0x00000958       0x48 src/stm32f3_discovery.o
 .debug_aranges
                0x000009a0       0x20 src/common.o
 .debug_aranges
                0x000009c0       0xb8 src/io.o
 .debug_aranges
                0x00000a78       0x28 src/startup_stm32f30x.o
 .debug_aranges
                0x00000aa0       0x18 d:/arm-eabi/bin/../lib/gcc/arm-eabi/4.9.2/../../../../arm-eabi/lib/thumb/fpu/cortex_m4\libc.a(lib_a-impure.o)
 .debug_aranges
                0x00000ab8       0x20 d:/arm-eabi/bin/../lib/gcc/arm-eabi/4.9.2/../../../../arm-eabi/lib/thumb/fpu/cortex_m4\libc.a(lib_a-init.o)
 .debug_aranges
                0x00000ad8       0x20 d:/arm-eabi/bin/../lib/gcc/arm-eabi/4.9.2/../../../../arm-eabi/lib/thumb/fpu/cortex_m4\libc.a(lib_a-rand.o)

.debug_ranges   0x00000000     0x1a28
 .debug_ranges  0x00000000       0x70 Libraries/STM32F30x_StdPeriph_Driver/src/stm32f30x_gpio.o
 .debug_ranges  0x00000070      0x3f0 Libraries/STM32F30x_StdPeriph_Driver/src/stm32f30x_tim.o
 .debug_ranges  0x00000460       0x30 Libraries/STM32F30x_StdPeriph_Driver/src/stm32f30x_misc.o
 .debug_ranges  0x00000490       0x78 Libraries/STM32F30x_StdPeriph_Driver/src/stm32f30x_syscfg.o
 .debug_ranges  0x00000508      0x168 Libraries/STM32F30x_StdPeriph_Driver/src/stm32f30x_rcc.o
 .debug_ranges  0x00000670       0x48 Libraries/STM32F30x_StdPeriph_Driver/src/stm32f30x_exti.o
 .debug_ranges  0x000006b8      0x4e8 src/timer.o
 .debug_ranges  0x00000ba0       0x30 src/system_stm32f30x.o
 .debug_ranges  0x00000bd0      0x290 src/main.o
 .debug_ranges  0x00000e60       0x38 src/stm32f3_discovery.o
 .debug_ranges  0x00000e98       0x10 src/common.o
 .debug_ranges  0x00000ea8      0xb60 src/io.o
 .debug_ranges  0x00001a08       0x20 src/startup_stm32f30x.o

.debug_line     0x00000000     0x39e5
 .debug_line    0x00000000      0x34d Libraries/STM32F30x_StdPeriph_Driver/src/stm32f30x_gpio.o
 .debug_line    0x0000034d      0xd51 Libraries/STM32F30x_StdPeriph_Driver/src/stm32f30x_tim.o
 .debug_line    0x0000109e      0x1df Libraries/STM32F30x_StdPeriph_Driver/src/stm32f30x_misc.o
 .debug_line    0x0000127d      0x23f Libraries/STM32F30x_StdPeriph_Driver/src/stm32f30x_syscfg.o
 .debug_line    0x000014bc      0x593 Libraries/STM32F30x_StdPeriph_Driver/src/stm32f30x_rcc.o
 .debug_line    0x00001a4f      0x240 Libraries/STM32F30x_StdPeriph_Driver/src/stm32f30x_exti.o
 .debug_line    0x00001c8f      0x6db src/timer.o
 .debug_line    0x0000236a      0x17c src/system_stm32f30x.o
 .debug_line    0x000024e6      0x5b2 src/main.o
 .debug_line    0x00002a98      0x240 src/stm32f3_discovery.o
 .debug_line    0x00002cd8       0xd4 src/common.o
 .debug_line    0x00002dac      0x8da src/io.o
 .debug_line    0x00003686       0x74 src/startup_stm32f30x.o
 .debug_line    0x000036fa       0xe8 d:/arm-eabi/bin/../lib/gcc/arm-eabi/4.9.2/../../../../arm-eabi/lib/thumb/fpu/cortex_m4\libc.a(lib_a-impure.o)
 .debug_line    0x000037e2       0xc9 d:/arm-eabi/bin/../lib/gcc/arm-eabi/4.9.2/../../../../arm-eabi/lib/thumb/fpu/cortex_m4\libc.a(lib_a-init.o)
 .debug_line    0x000038ab      0x13a d:/arm-eabi/bin/../lib/gcc/arm-eabi/4.9.2/../../../../arm-eabi/lib/thumb/fpu/cortex_m4\libc.a(lib_a-rand.o)

.debug_str      0x00000000     0x3ae3
 .debug_str     0x00000000      0x48b Libraries/STM32F30x_StdPeriph_Driver/src/stm32f30x_gpio.o
                                0x4f6 (size before relaxing)
 .debug_str     0x0000048b      0xd8b Libraries/STM32F30x_StdPeriph_Driver/src/stm32f30x_tim.o
                                0xfdd (size before relaxing)
 .debug_str     0x00001216      0x234 Libraries/STM32F30x_StdPeriph_Driver/src/stm32f30x_misc.o
                                0x406 (size before relaxing)
 .debug_str     0x0000144a      0x265 Libraries/STM32F30x_StdPeriph_Driver/src/stm32f30x_syscfg.o
                                0x434 (size before relaxing)
 .debug_str     0x000016af      0x5d5 Libraries/STM32F30x_StdPeriph_Driver/src/stm32f30x_rcc.o
                                0x82c (size before relaxing)
 .debug_str     0x00001c84      0x1e7 Libraries/STM32F30x_StdPeriph_Driver/src/stm32f30x_exti.o
                                0x3b8 (size before relaxing)
 .debug_str     0x00001e6b      0x654 src/timer.o
                                0xa33 (size before relaxing)
 .debug_str     0x000024bf       0x78 src/system_stm32f30x.o
                                0x31b (size before relaxing)
 .debug_str     0x00002537      0xa76 src/main.o
                               0x11b7 (size before relaxing)
 .debug_str     0x00002fad       0xd1 src/stm32f3_discovery.o
                                0xb05 (size before relaxing)
 .debug_str     0x0000307e       0x29 src/common.o
                                0x1c7 (size before relaxing)
 .debug_str     0x000030a7      0x34a src/io.o
                                0xa12 (size before relaxing)
 .debug_str     0x000033f1      0x4f5 d:/arm-eabi/bin/../lib/gcc/arm-eabi/4.9.2/../../../../arm-eabi/lib/thumb/fpu/cortex_m4\libc.a(lib_a-impure.o)
                                0x5ac (size before relaxing)
 .debug_str     0x000038e6      0x130 d:/arm-eabi/bin/../lib/gcc/arm-eabi/4.9.2/../../../../arm-eabi/lib/thumb/fpu/cortex_m4\libc.a(lib_a-init.o)
                                0x23a (size before relaxing)
 .debug_str     0x00003a16       0xcd d:/arm-eabi/bin/../lib/gcc/arm-eabi/4.9.2/../../../../arm-eabi/lib/thumb/fpu/cortex_m4\libc.a(lib_a-rand.o)
                                0x5a3 (size before relaxing)

.debug_frame    0x00000000     0x1a40
 .debug_frame   0x00000000      0x140 Libraries/STM32F30x_StdPeriph_Driver/src/stm32f30x_gpio.o
 .debug_frame   0x00000140      0x85c Libraries/STM32F30x_StdPeriph_Driver/src/stm32f30x_tim.o
 .debug_frame   0x0000099c       0x74 Libraries/STM32F30x_StdPeriph_Driver/src/stm32f30x_misc.o
 .debug_frame   0x00000a10       0xfc Libraries/STM32F30x_StdPeriph_Driver/src/stm32f30x_syscfg.o
 .debug_frame   0x00000b0c      0x298 Libraries/STM32F30x_StdPeriph_Driver/src/stm32f30x_rcc.o
 .debug_frame   0x00000da4       0xb8 Libraries/STM32F30x_StdPeriph_Driver/src/stm32f30x_exti.o
 .debug_frame   0x00000e5c      0x3f0 src/timer.o
 .debug_frame   0x0000124c       0x3c src/system_stm32f30x.o
 .debug_frame   0x00001288      0x3dc src/main.o
 .debug_frame   0x00001664       0xa0 src/stm32f3_discovery.o
 .debug_frame   0x00001704       0x20 src/common.o
 .debug_frame   0x00001724      0x2b4 src/io.o
 .debug_frame   0x000019d8       0x2c d:/arm-eabi/bin/../lib/gcc/arm-eabi/4.9.2/../../../../arm-eabi/lib/thumb/fpu/cortex_m4\libc.a(lib_a-init.o)
 .debug_frame   0x00001a04       0x3c d:/arm-eabi/bin/../lib/gcc/arm-eabi/4.9.2/../../../../arm-eabi/lib/thumb/fpu/cortex_m4\libc.a(lib_a-rand.o)
