Archive member included because of file (symbol)

d:/root/arm-none-eabi/bin/../lib/gcc/arm-none-eabi/4.8.4/../../../../arm-none-eabi/lib/armv7e-m/fpu\libc.a(lib_a-exit.o)
                              d:/root/arm-none-eabi/bin/../lib/gcc/arm-none-eabi/4.8.4/../../../../arm-none-eabi/lib/armv7e-m/fpu/crt0.o (exit)
d:/root/arm-none-eabi/bin/../lib/gcc/arm-none-eabi/4.8.4/../../../../arm-none-eabi/lib/armv7e-m/fpu\libc.a(lib_a-impure.o)
                              d:/root/arm-none-eabi/bin/../lib/gcc/arm-none-eabi/4.8.4/../../../../arm-none-eabi/lib/armv7e-m/fpu\libc.a(lib_a-exit.o) (_global_impure_ptr)
d:/root/arm-none-eabi/bin/../lib/gcc/arm-none-eabi/4.8.4/../../../../arm-none-eabi/lib/armv7e-m/fpu\libc.a(lib_a-init.o)
                              d:/root/arm-none-eabi/bin/../lib/gcc/arm-none-eabi/4.8.4/../../../../arm-none-eabi/lib/armv7e-m/fpu/crt0.o (__libc_init_array)
d:/root/arm-none-eabi/bin/../lib/gcc/arm-none-eabi/4.8.4/../../../../arm-none-eabi/lib/armv7e-m/fpu\libc.a(lib_a-memcpy.o)
                              src/sound.o (memcpy)
d:/root/arm-none-eabi/bin/../lib/gcc/arm-none-eabi/4.8.4/../../../../arm-none-eabi/lib/armv7e-m/fpu\libc.a(lib_a-memset.o)
                              d:/root/arm-none-eabi/bin/../lib/gcc/arm-none-eabi/4.8.4/../../../../arm-none-eabi/lib/armv7e-m/fpu/crt0.o (memset)
d:/root/arm-none-eabi/bin/../lib/gcc/arm-none-eabi/4.8.4/../../../../arm-none-eabi/lib/armv7e-m/fpu\libc.a(lib_a-reent.o)
                              src/newlib_stubs.o (errno)
d:/root/arm-none-eabi/bin/../lib/gcc/arm-none-eabi/4.8.4/../../../../arm-none-eabi/lib/armv7e-m/fpu\libc.a(lib_a-__call_atexit.o)
                              d:/root/arm-none-eabi/bin/../lib/gcc/arm-none-eabi/4.8.4/../../../../arm-none-eabi/lib/armv7e-m/fpu\libc.a(lib_a-exit.o) (__call_exitprocs)
d:/root/arm-none-eabi/bin/../lib/gcc/arm-none-eabi/4.8.4/../../../../arm-none-eabi/lib/armv7e-m/fpu\libc.a(lib_a-atexit.o)
                              d:/root/arm-none-eabi/bin/../lib/gcc/arm-none-eabi/4.8.4/../../../../arm-none-eabi/lib/armv7e-m/fpu\libc.a(lib_a-__call_atexit.o) (atexit)
d:/root/arm-none-eabi/bin/../lib/gcc/arm-none-eabi/4.8.4/../../../../arm-none-eabi/lib/armv7e-m/fpu\libc.a(lib_a-fini.o)
                              d:/root/arm-none-eabi/bin/../lib/gcc/arm-none-eabi/4.8.4/../../../../arm-none-eabi/lib/armv7e-m/fpu\libc.a(lib_a-__call_atexit.o) (__libc_fini_array)
d:/root/arm-none-eabi/bin/../lib/gcc/arm-none-eabi/4.8.4/../../../../arm-none-eabi/lib/armv7e-m/fpu\libc.a(lib_a-freer.o)
                              d:/root/arm-none-eabi/bin/../lib/gcc/arm-none-eabi/4.8.4/../../../../arm-none-eabi/lib/armv7e-m/fpu\libc.a(lib_a-reent.o) (_free_r)
d:/root/arm-none-eabi/bin/../lib/gcc/arm-none-eabi/4.8.4/../../../../arm-none-eabi/lib/armv7e-m/fpu\libc.a(lib_a-mallocr.o)
                              d:/root/arm-none-eabi/bin/../lib/gcc/arm-none-eabi/4.8.4/../../../../arm-none-eabi/lib/armv7e-m/fpu\libc.a(lib_a-freer.o) (__malloc_current_mallinfo)
d:/root/arm-none-eabi/bin/../lib/gcc/arm-none-eabi/4.8.4/../../../../arm-none-eabi/lib/armv7e-m/fpu\libc.a(lib_a-mlock.o)
                              d:/root/arm-none-eabi/bin/../lib/gcc/arm-none-eabi/4.8.4/../../../../arm-none-eabi/lib/armv7e-m/fpu\libc.a(lib_a-freer.o) (__malloc_lock)
d:/root/arm-none-eabi/bin/../lib/gcc/arm-none-eabi/4.8.4/../../../../arm-none-eabi/lib/armv7e-m/fpu\libc.a(lib_a-sbrkr.o)
                              d:/root/arm-none-eabi/bin/../lib/gcc/arm-none-eabi/4.8.4/../../../../arm-none-eabi/lib/armv7e-m/fpu\libc.a(lib_a-freer.o) (_sbrk_r)
d:/root/arm-none-eabi/bin/../lib/gcc/arm-none-eabi/4.8.4/../../../../arm-none-eabi/lib/armv7e-m/fpu\libc.a(lib_a-__atexit.o)
                              d:/root/arm-none-eabi/bin/../lib/gcc/arm-none-eabi/4.8.4/../../../../arm-none-eabi/lib/armv7e-m/fpu\libc.a(lib_a-atexit.o) (__register_exitproc)
d:/root/arm-none-eabi/bin/../lib/gcc/arm-none-eabi/4.8.4/armv7e-m/fpu\libgcc.a(_arm_addsubdf3.o)
                              src/sound.o (__aeabi_dadd)
d:/root/arm-none-eabi/bin/../lib/gcc/arm-none-eabi/4.8.4/armv7e-m/fpu\libgcc.a(_arm_muldivdf3.o)
                              src/sound.o (__aeabi_ddiv)
d:/root/arm-none-eabi/bin/../lib/gcc/arm-none-eabi/4.8.4/armv7e-m/fpu\libgcc.a(_arm_fixdfsi.o)
                              src/sound.o (__aeabi_d2iz)

Allocating common symbols
Common symbol       size              file

timerFuncs          0x2c              src/timer.o
errno               0x4               d:/root/arm-none-eabi/bin/../lib/gcc/arm-none-eabi/4.8.4/../../../../arm-none-eabi/lib/armv7e-m/fpu\libc.a(lib_a-reent.o)
heldRelayState      0xa               src/io.o
active              0xa               src/timer.o
LedState            0xc0              src/io.o
setting             0x28              src/timer.o
ii                  0x4               src/main.o
mInputState         0x4               src/io.o
channels            0x40              src/sound.o
s                   0x1               src/sound.o
[...]
Memory Configuration

Name             Origin             Length             Attributes
FLASH            0x08000000         0x00040000         xr
RAM              0x20000000         0x0000a000         xrw
MEMORY_B1        0x60000000         0x00000000         xr
CCMRAM           0x10000000         0x00002000         rw
*default*        0x00000000         0xffffffff

Linker script and memory map

LOAD d:/root/arm-none-eabi/bin/../lib/gcc/arm-none-eabi/4.8.4/armv7e-m/fpu/crti.o
LOAD d:/root/arm-none-eabi/bin/../lib/gcc/arm-none-eabi/4.8.4/armv7e-m/fpu/crtbegin.o
LOAD d:/root/arm-none-eabi/bin/../lib/gcc/arm-none-eabi/4.8.4/../../../../arm-none-eabi/lib/armv7e-m/fpu/crt0.o
LOAD Libraries/STM32F30x_StdPeriph_Driver/src/stm32f30x_gpio.o
LOAD Libraries/STM32F30x_StdPeriph_Driver/src/stm32f30x_spi.o
LOAD Libraries/STM32F30x_StdPeriph_Driver/src/stm32f30x_adc.o
LOAD Libraries/STM32F30x_StdPeriph_Driver/src/stm32f30x_iwdg.o
LOAD Libraries/STM32F30x_StdPeriph_Driver/src/stm32f30x_tim.o
LOAD Libraries/STM32F30x_StdPeriph_Driver/src/stm32f30x_misc.o
LOAD Libraries/STM32F30x_StdPeriph_Driver/src/stm32f30x_rtc.o
LOAD Libraries/STM32F30x_StdPeriph_Driver/src/stm32f30x_usart.o
LOAD Libraries/STM32F30x_StdPeriph_Driver/src/stm32f30x_syscfg.o
LOAD Libraries/STM32F30x_StdPeriph_Driver/src/stm32f30x_flash.o
LOAD Libraries/STM32F30x_StdPeriph_Driver/src/stm32f30x_rcc.o
LOAD Libraries/STM32F30x_StdPeriph_Driver/src/stm32f30x_crc.o
LOAD Libraries/STM32F30x_StdPeriph_Driver/src/stm32f30x_i2c.o
LOAD Libraries/STM32F30x_StdPeriph_Driver/src/stm32f30x_pwr.o
LOAD Libraries/STM32F30x_StdPeriph_Driver/src/stm32f30x_can.o
LOAD Libraries/STM32F30x_StdPeriph_Driver/src/stm32f30x_dac.o
LOAD Libraries/STM32F30x_StdPeriph_Driver/src/stm32f30x_dbgmcu.o
LOAD Libraries/STM32F30x_StdPeriph_Driver/src/stm32f30x_dma.o
LOAD Libraries/STM32F30x_StdPeriph_Driver/src/stm32f30x_exti.o
LOAD Libraries/STM32F30x_StdPeriph_Driver/src/stm32f30x_wwdg.o
LOAD Libraries/STM32F30x_StdPeriph_Driver/src/stm32f30x_opamp.o
LOAD Libraries/STM32F30x_StdPeriph_Driver/src/stm32f30x_comp.o
LOAD src/timer.o
LOAD src/system_stm32f30x.o
LOAD src/sound.o
LOAD src/main.o
LOAD src/newlib_stubs.o
LOAD src/stm32f3_discovery.o
LOAD src/common.o
LOAD src/io.o
LOAD src/startup_stm32f30x.o
LOAD d:/root/arm-none-eabi/bin/../lib/gcc/arm-none-eabi/4.8.4/../../../../arm-none-eabi/lib/armv7e-m/fpu\libm.a
LOAD d:/root/arm-none-eabi/bin/../lib/gcc/arm-none-eabi/4.8.4/../../../../arm-none-eabi/lib/armv7e-m/fpu\libc.a
START GROUP
LOAD d:/root/arm-none-eabi/bin/../lib/gcc/arm-none-eabi/4.8.4/armv7e-m/fpu\libgcc.a
LOAD d:/root/arm-none-eabi/bin/../lib/gcc/arm-none-eabi/4.8.4/../../../../arm-none-eabi/lib/armv7e-m/fpu\libg.a
LOAD d:/root/arm-none-eabi/bin/../lib/gcc/arm-none-eabi/4.8.4/../../../../arm-none-eabi/lib/armv7e-m/fpu\libc.a
END GROUP
LOAD d:/root/arm-none-eabi/bin/../lib/gcc/arm-none-eabi/4.8.4/armv7e-m/fpu/crtend.o
LOAD d:/root/arm-none-eabi/bin/../lib/gcc/arm-none-eabi/4.8.4/armv7e-m/fpu/crtn.o
                0x2000a000                _estack = 0x2000a000
                0x00000000                _Min_Heap_Size = 0x0
                0x00000200                _Min_Stack_Size = 0x200

.isr_vector     0x08000000      0x188
                0x08000000                . = ALIGN (0x4)
 *(.isr_vector)
 .isr_vector    0x08000000      0x188 src/startup_stm32f30x.o
                0x08000000                g_pfnVectors
                0x08000188                . = ALIGN (0x4)

.text           0x08000188     0x20a8
                0x08000188                . = ALIGN (0x4)
 *(.text)
 .text          0x08000188       0x54 d:/root/arm-none-eabi/bin/../lib/gcc/arm-none-eabi/4.8.4/armv7e-m/fpu/crtbegin.o
 *(.text*)
 .text.GPIO_Init
                0x080001dc      0x128 Libraries/STM32F30x_StdPeriph_Driver/src/stm32f30x_gpio.o
                0x080001dc                GPIO_Init
 .text.GPIO_ReadInputDataBit
                0x08000304       0x38 Libraries/STM32F30x_StdPeriph_Driver/src/stm32f30x_gpio.o
                0x08000304                GPIO_ReadInputDataBit
 .text.GPIO_WriteBit
                0x0800033c       0x30 Libraries/STM32F30x_StdPeriph_Driver/src/stm32f30x_gpio.o
                0x0800033c                GPIO_WriteBit
 .text.TIM_TimeBaseInit
                0x0800036c       0xec Libraries/STM32F30x_StdPeriph_Driver/src/stm32f30x_tim.o
                0x0800036c                TIM_TimeBaseInit
 .text.TIM_SetCounter
                0x08000458       0x1c Libraries/STM32F30x_StdPeriph_Driver/src/stm32f30x_tim.o
                0x08000458                TIM_SetCounter
 .text.TIM_Cmd  0x08000474       0x40 Libraries/STM32F30x_StdPeriph_Driver/src/stm32f30x_tim.o
                0x08000474                TIM_Cmd
 .text.TIM_ITConfig
                0x080004b4       0x40 Libraries/STM32F30x_StdPeriph_Driver/src/stm32f30x_tim.o
                0x080004b4                TIM_ITConfig
 .text.TIM_GetITStatus
                0x080004f4       0x54 Libraries/STM32F30x_StdPeriph_Driver/src/stm32f30x_tim.o
                0x080004f4                TIM_GetITStatus
 .text.TIM_ClearITPendingBit
                0x08000548       0x24 Libraries/STM32F30x_StdPeriph_Driver/src/stm32f30x_tim.o
                0x08000548                TIM_ClearITPendingBit
 .text.NVIC_Init
                0x0800056c       0xc0 Libraries/STM32F30x_StdPeriph_Driver/src/stm32f30x_misc.o
                0x0800056c                NVIC_Init
 .text.SYSCFG_EXTILineConfig
                0x0800062c       0x7c Libraries/STM32F30x_StdPeriph_Driver/src/stm32f30x_syscfg.o
                0x0800062c                SYSCFG_EXTILineConfig
 .text.RCC_AHBPeriphClockCmd
                0x080006a8       0x3c Libraries/STM32F30x_StdPeriph_Driver/src/stm32f30x_rcc.o
                0x080006a8                RCC_AHBPeriphClockCmd
 .text.RCC_APB2PeriphClockCmd
                0x080006e4       0x3c Libraries/STM32F30x_StdPeriph_Driver/src/stm32f30x_rcc.o
                0x080006e4                RCC_APB2PeriphClockCmd
 .text.RCC_APB1PeriphClockCmd
                0x08000720       0x3c Libraries/STM32F30x_StdPeriph_Driver/src/stm32f30x_rcc.o
                0x08000720                RCC_APB1PeriphClockCmd
 .text.EXTI_Init
                0x0800075c      0x1f4 Libraries/STM32F30x_StdPeriph_Driver/src/stm32f30x_exti.o
                0x0800075c                EXTI_Init
 .text.TIM_IRQHandler
                0x08000950       0x98 src/timer.o
                0x08000950                TIM_IRQHandler
 .text.TIM1_BRK_TIM15_IRQHandler
                0x080009e8        0xc src/timer.o
                0x080009e8                TIM1_BRK_TIM15_IRQHandler
 .text.TIM8_BRK_IRQHandler
                0x080009f4        0xc src/timer.o
                0x080009f4                TIM8_BRK_IRQHandler
 .text.TIM2_IRQHandler
                0x08000a00        0xc src/timer.o
                0x08000a00                TIM2_IRQHandler
 .text.TIM3_IRQHandler
                0x08000a0c        0xc src/timer.o
                0x08000a0c                TIM3_IRQHandler
 .text.TIM4_IRQHandler
                0x08000a18        0xc src/timer.o
                0x08000a18                TIM4_IRQHandler
 .text.TIM7_IRQHandler
                0x08000a24        0xc src/timer.o
                0x08000a24                TIM7_IRQHandler
 .text.TIM6_DAC_IRQHandler
                0x08000a30        0xc src/timer.o
                0x08000a30                TIM6_DAC_IRQHandler
 .text.TIM8_CC_IRQHandler
                0x08000a3c        0xc src/timer.o
                0x08000a3c                TIM8_CC_IRQHandler
 .text.TIM8_TRG_COM_IRQHandler
                0x08000a48        0xc src/timer.o
                0x08000a48                TIM8_TRG_COM_IRQHandler
 .text.TIM8_UP_IRQHandler
                0x08000a54        0xc src/timer.o
                0x08000a54                TIM8_UP_IRQHandler
 .text.TIM1_CC_IRQHandler
                0x08000a60        0xc src/timer.o
                0x08000a60                TIM1_CC_IRQHandler
 .text.TIM1_TRG_COM_TIM17_IRQHandler
                0x08000a6c        0xc src/timer.o
                0x08000a6c                TIM1_TRG_COM_TIM17_IRQHandler
 .text.TIM1_UP_TIM16_IRQHandler
                0x08000a78        0xc src/timer.o
                0x08000a78                TIM1_UP_TIM16_IRQHandler
 .text.startTimer
                0x08000a84       0x50 src/timer.o
                0x08000a84                startTimer
 .text.setTimer
                0x08000ad4       0x4c src/timer.o
                0x08000ad4                setTimer
 .text.stopTimer
                0x08000b20       0x24 src/timer.o
                0x08000b20                stopTimer
 .text.initTimers
                0x08000b44      0x134 src/timer.o
                0x08000b44                initTimers
 .text.callFuncIn
                0x08000c78       0x74 src/timer.o
                0x08000c78                callFuncIn
 .text.callFuncIn_s
                0x08000cec       0x30 src/timer.o
                0x08000cec                callFuncIn_s
 .text.wait     0x08000d1c       0x2c src/timer.o
                0x08000d1c                wait
 .text.SystemInit
                0x08000d48       0x78 src/system_stm32f30x.o
                0x08000d48                SystemInit
 .text.SystemCoreClockUpdate
                0x08000dc0       0xd4 src/system_stm32f30x.o
                0x08000dc0                SystemCoreClockUpdate
 .text.SetSysClock
                0x08000e94      0x114 src/system_stm32f30x.o
 .text.NVIC_SetPriority
                0x08000fa8       0x54 src/main.o
 .text.SysTick_Config
                0x08000ffc       0x44 src/main.o
 .text.switchPlayerRelay
                0x08001040       0x44 src/main.o
                0x08001040                switchPlayerRelay
 .text.main     0x08001084      0x11c src/main.o
                0x08001084                main
 .text.STM_EVAL_LEDInit
                0x080011a0       0x5c src/stm32f3_discovery.o
                0x080011a0                STM_EVAL_LEDInit
 .text.STM_EVAL_LEDOn
                0x080011fc       0x30 src/stm32f3_discovery.o
                0x080011fc                STM_EVAL_LEDOn
 .text.STM_EVAL_LEDOff
                0x0800122c       0x30 src/stm32f3_discovery.o
                0x0800122c                STM_EVAL_LEDOff
 .text.STM_EVAL_LEDToggle
                0x0800125c       0x40 src/stm32f3_discovery.o
                0x0800125c                STM_EVAL_LEDToggle
 .text.STM_EVAL_PBInit
                0x0800129c       0x94 src/stm32f3_discovery.o
                0x0800129c                STM_EVAL_PBInit
 .text.STM_EVAL_PBGetState
                0x08001330       0x2c src/stm32f3_discovery.o
                0x08001330                STM_EVAL_PBGetState
 .text.SysTick_Handler
                0x0800135c       0x50 src/common.o
                0x0800135c                SysTick_Handler
 .text.initInput
                0x080013ac       0x48 src/io.o
                0x080013ac                initInput
 .text.initOutput
                0x080013f4       0x44 src/io.o
                0x080013f4                initOutput
 .text.setOutDirect
                0x08001438       0x34 src/io.o
                0x08001438                setOutDirect
 .text.setOut   0x0800146c       0xb4 src/io.o
                0x0800146c                setOut
 .text.getInDirect
                0x08001520       0x30 src/io.o
                0x08001520                getInDirect
 .text.getIn    0x08001550       0x68 src/io.o
                0x08001550                getIn
 .text.initIOs  0x080015b8      0x3e0 src/io.o
                0x080015b8                initIOs
 .text.updateInput
                0x08001998       0x68 src/io.o
                0x08001998                updateInput
 .text.updateIOs
                0x08001a00      0x3a8 src/io.o
                0x08001a00                updateIOs
 .text.updateSlowInputs
                0x08001da8      0x104 src/io.o
                0x08001da8                updateSlowInputs
 .text.turnOffSolenoid
                0x08001eac       0x2c src/io.o
                0x08001eac                turnOffSolenoid
 .text.fireSolenoid
                0x08001ed8       0x1c src/io.o
                0x08001ed8                fireSolenoid
 .text.fireSolenoidFor
                0x08001ef4       0x44 src/io.o
                0x08001ef4                fireSolenoidFor
 .text.setHeldRelay
                0x08001f38       0x84 src/io.o
                0x08001f38                setHeldRelay
 .text.Reset_Handler
                0x08001fbc       0x50 src/startup_stm32f30x.o
                0x08001fbc                Reset_Handler
 .text.Default_Handler
                0x0800200c        0x4 src/startup_stm32f30x.o
                0x0800200c                RTC_Alarm_IRQHandler
                0x0800200c                DebugMon_Handler
                0x0800200c                HardFault_Handler
                0x0800200c                USB_HP_IRQHandler
                0x0800200c                PVD_IRQHandler
                0x0800200c                PendSV_Handler
                0x0800200c                NMI_Handler
                0x0800200c                EXTI3_IRQHandler
                0x0800200c                EXTI0_IRQHandler
                0x0800200c                I2C2_EV_IRQHandler
                0x0800200c                FPU_IRQHandler
                0x0800200c                EXTI2_TS_IRQHandler
                0x0800200c                UsageFault_Handler
                0x0800200c                ADC1_2_IRQHandler
                0x0800200c                SPI1_IRQHandler
                0x0800200c                DMA2_Channel2_IRQHandler
                0x0800200c                DMA1_Channel4_IRQHandler
                0x0800200c                USART3_IRQHandler
                0x0800200c                DMA1_Channel7_IRQHandler
                0x0800200c                CAN1_RX1_IRQHandler
                0x0800200c                UART5_IRQHandler
                0x0800200c                ADC3_IRQHandler
                0x0800200c                DMA2_Channel1_IRQHandler
                0x0800200c                I2C1_EV_IRQHandler
                0x0800200c                DMA1_Channel6_IRQHandler
                0x0800200c                UART4_IRQHandler
                0x0800200c                DMA2_Channel4_IRQHandler
                0x0800200c                RCC_IRQHandler
                0x0800200c                DMA1_Channel1_IRQHandler
                0x0800200c                Default_Handler
                0x0800200c                USBWakeUp_RMP_IRQHandler
                0x0800200c                EXTI15_10_IRQHandler
                0x0800200c                EXTI9_5_IRQHandler
                0x0800200c                TAMPER_STAMP_IRQHandler
                0x0800200c                RTC_WKUP_IRQHandler
                0x0800200c                SPI2_IRQHandler
                0x0800200c                MemManage_Handler
                0x0800200c                SVC_Handler
                0x0800200c                DMA2_Channel5_IRQHandler
                0x0800200c                DMA1_Channel5_IRQHandler
                0x0800200c                USB_LP_IRQHandler
                0x0800200c                EXTI4_IRQHandler
                0x0800200c                USB_LP_CAN1_RX0_IRQHandler
                0x0800200c                USB_HP_CAN1_TX_IRQHandler
                0x0800200c                DMA1_Channel3_IRQHandler
                0x0800200c                ADC4_IRQHandler
                0x0800200c                WWDG_IRQHandler
                0x0800200c                COMP7_IRQHandler
                0x0800200c                COMP1_2_3_IRQHandler
                0x0800200c                EXTI1_IRQHandler
                0x0800200c                USART2_IRQHandler
                0x0800200c                COMP4_5_6_IRQHandler
                0x0800200c                I2C2_ER_IRQHandler
                0x0800200c                DMA1_Channel2_IRQHandler
                0x0800200c                CAN1_SCE_IRQHandler
                0x0800200c                FLASH_IRQHandler
                0x0800200c                BusFault_Handler
                0x0800200c                USART1_IRQHandler
                0x0800200c                SPI3_IRQHandler
                0x0800200c                I2C1_ER_IRQHandler
                0x0800200c                USBWakeUp_IRQHandler
                0x0800200c                DMA2_Channel3_IRQHandler
 .text.__libc_init_array
                0x08002010       0x50 d:/root/arm-none-eabi/bin/../lib/gcc/arm-none-eabi/4.8.4/../../../../arm-none-eabi/lib/armv7e-m/fpu\libc.a(lib_a-init.o)
                0x08002010                __libc_init_array
 .text.startup.register_fini
                0x08002060       0x14 d:/root/arm-none-eabi/bin/../lib/gcc/arm-none-eabi/4.8.4/../../../../arm-none-eabi/lib/armv7e-m/fpu\libc.a(lib_a-__call_atexit.o)
 .text.atexit   0x08002074        0xc d:/root/arm-none-eabi/bin/../lib/gcc/arm-none-eabi/4.8.4/../../../../arm-none-eabi/lib/armv7e-m/fpu\libc.a(lib_a-atexit.o)
                0x08002074                atexit
 .text.__libc_fini_array
                0x08002080       0x30 d:/root/arm-none-eabi/bin/../lib/gcc/arm-none-eabi/4.8.4/../../../../arm-none-eabi/lib/armv7e-m/fpu\libc.a(lib_a-fini.o)
                0x08002080                __libc_fini_array
 .text.__register_exitproc
                0x080020b0       0xa8 d:/root/arm-none-eabi/bin/../lib/gcc/arm-none-eabi/4.8.4/../../../../arm-none-eabi/lib/armv7e-m/fpu\libc.a(lib_a-__atexit.o)
                0x080020b0                __register_exitproc
 *(.rodata)
 .rodata        0x08002158       0x10 src/timer.o
 *(.rodata*)
 .rodata.PLAYER_ENABLE
                0x08002168       0x10 src/main.o
 .rodata.SCORE  0x08002178       0x20 src/main.o
 .rodata.GPIO_PIN
                0x08002198       0x10 src/stm32f3_discovery.o
                0x08002198                GPIO_PIN
 .rodata.GPIO_CLK
                0x080021a8       0x20 src/stm32f3_discovery.o
                0x080021a8                GPIO_CLK
 .rodata.MULTI_IN_LATCH
                0x080021c8        0x8 src/io.o
 .rodata.MULTI_IN_CLOCK
                0x080021d0        0x8 src/io.o
 .rodata.MULTI_IN_DATA
                0x080021d8       0x20 src/io.o
 .rodata.LED_LATCH
                0x080021f8        0x8 src/io.o
 .rodata.LED_DATA
                0x08002200        0x8 src/io.o
 .rodata.LED_CLOCK
                0x08002208        0x8 src/io.o
 .rodata.str1.4
                0x08002210        0x4 d:/root/arm-none-eabi/bin/../lib/gcc/arm-none-eabi/4.8.4/../../../../arm-none-eabi/lib/armv7e-m/fpu\libc.a(lib_a-impure.o)
 .rodata._global_impure_ptr
                0x08002214        0x4 d:/root/arm-none-eabi/bin/../lib/gcc/arm-none-eabi/4.8.4/../../../../arm-none-eabi/lib/armv7e-m/fpu\libc.a(lib_a-impure.o)
                0x08002214                _global_impure_ptr
 *(.glue_7)
 .glue_7        0x00000000        0x0 linker stubs
 *(.glue_7t)
 .glue_7t       0x00000000        0x0 linker stubs
 *(.eh_frame)
 .eh_frame      0x08002218        0x0 d:/root/arm-none-eabi/bin/../lib/gcc/arm-none-eabi/4.8.4/armv7e-m/fpu/crtbegin.o
 *(.init)
 .init          0x08002218        0x4 d:/root/arm-none-eabi/bin/../lib/gcc/arm-none-eabi/4.8.4/armv7e-m/fpu/crti.o
                0x08002218                _init
 .init          0x0800221c        0x8 d:/root/arm-none-eabi/bin/../lib/gcc/arm-none-eabi/4.8.4/armv7e-m/fpu/crtn.o
 *(.fini)
 .fini          0x08002224        0x4 d:/root/arm-none-eabi/bin/../lib/gcc/arm-none-eabi/4.8.4/armv7e-m/fpu/crti.o
                0x08002224                _fini
 .fini          0x08002228        0x8 d:/root/arm-none-eabi/bin/../lib/gcc/arm-none-eabi/4.8.4/armv7e-m/fpu/crtn.o
                0x08002230                . = ALIGN (0x4)
                0x08002230                _etext = .

.vfp11_veneer   0x08002230        0x0
 .vfp11_veneer  0x00000000        0x0 linker stubs

.v4_bx          0x08002230        0x0
 .v4_bx         0x00000000        0x0 linker stubs

.iplt           0x08002230        0x0
 .iplt          0x00000000        0x0 d:/root/arm-none-eabi/bin/../lib/gcc/arm-none-eabi/4.8.4/armv7e-m/fpu/crtbegin.o

.rel.dyn        0x08002230        0x0
 .rel.iplt      0x00000000        0x0 d:/root/arm-none-eabi/bin/../lib/gcc/arm-none-eabi/4.8.4/armv7e-m/fpu/crtbegin.o

.ARM.extab
 *(.ARM.extab* .gnu.linkonce.armextab.*)

.ARM            0x08002230        0x0
                0x08002230                __exidx_start = .
 *(.ARM.exidx*)
                0x08002230                __exidx_end = .

.preinit_array  0x08002230        0x0
                0x08002230                PROVIDE (__preinit_array_start, .)
 *(.preinit_array*)
                0x08002230                PROVIDE (__preinit_array_end, .)

.init_array     0x08002230        0x8
                0x08002230                PROVIDE (__init_array_start, .)
 *(SORT(.init_array.*))
 .init_array.00000
                0x08002230        0x4 d:/root/arm-none-eabi/bin/../lib/gcc/arm-none-eabi/4.8.4/../../../../arm-none-eabi/lib/armv7e-m/fpu\libc.a(lib_a-__call_atexit.o)
 *(.init_array*)
 .init_array    0x08002234        0x4 d:/root/arm-none-eabi/bin/../lib/gcc/arm-none-eabi/4.8.4/armv7e-m/fpu/crtbegin.o
                0x08002238                PROVIDE (__init_array_end, .)

.fini_array     0x08002238        0x4
                0x08002238                PROVIDE (__fini_array_start, .)
 *(SORT(.fini_array.*))
 *(.fini_array*)
 .fini_array    0x08002238        0x4 d:/root/arm-none-eabi/bin/../lib/gcc/arm-none-eabi/4.8.4/armv7e-m/fpu/crtbegin.o
                0x0800223c                PROVIDE (__fini_array_end, .)
                0x0800223c                _sidata = LOADADDR (.data)

.data           0x20000000      0xa58 load address 0x0800223c
                0x20000000                . = ALIGN (0x4)
                0x20000000                _sdata = .
 *(.data)
 *(.data*)
 .data.timerIds
                0x20000000       0x28 src/timer.o
                0x20000000                timerIds
 .data.SystemCoreClock
                0x20000028        0x4 src/system_stm32f30x.o
                0x20000028                SystemCoreClock
 .data.AHBPrescTable
                0x2000002c       0x10 src/system_stm32f30x.o
                0x2000002c                AHBPrescTable
 .data.GPIO_PORT
                0x2000003c       0x20 src/stm32f3_discovery.o
                0x2000003c                GPIO_PORT
 .data.BUTTON_PORT
                0x2000005c        0x4 src/stm32f3_discovery.o
                0x2000005c                BUTTON_PORT
 .data.count.8530
                0x20000060        0x4 src/common.o
 .data.HOLD     0x20000064       0x14 src/io.o
                0x20000064                HOLD
 .data.SCORE    0x20000078       0x50 src/io.o
                0x20000078                SCORE
 .data.BONUS    0x200000c8       0x50 src/io.o
                0x200000c8                BONUS
 .data.BALL_SHOOT
                0x20000118       0x14 src/io.o
                0x20000118                BALL_SHOOT
 .data.LEFT_DROP_RESET
                0x2000012c       0x14 src/io.o
                0x2000012c                LEFT_DROP_RESET
 .data.RIGHT_DROP_RESET
                0x20000140       0x14 src/io.o
                0x20000140                RIGHT_DROP_RESET
 .data.TOP_DROP_RESET
                0x20000154       0x14 src/io.o
                0x20000154                TOP_DROP_RESET
 .data.FIVE_DROP_RESET
                0x20000168       0x14 src/io.o
                0x20000168                FIVE_DROP_RESET
 .data.LEFT_CAPTURE_EJECT
                0x2000017c       0x14 src/io.o
                0x2000017c                LEFT_CAPTURE_EJECT
 .data.RIGHT_CAPTURE_EJECT
                0x20000190       0x14 src/io.o
                0x20000190                RIGHT_CAPTURE_EJECT
 .data.TOP_CAPTURE_EJECT
                0x200001a4       0x14 src/io.o
                0x200001a4                TOP_CAPTURE_EJECT
 .data.heldRelays
                0x200001b8       0xc8 src/io.o
                0x200001b8                heldRelays
 .data.DROP_TARGET
                0x20000280       0xb4 src/io.o
                0x20000280                DROP_TARGET
 .data.FIVE_TARGET
                0x20000334       0x64 src/io.o
                0x20000334                FIVE_TARGET
 .data.LEFT_CAPTURE
                0x20000398       0x14 src/io.o
                0x20000398                LEFT_CAPTURE
 .data.RIGHT_CAPTURE
                0x200003ac       0x14 src/io.o
                0x200003ac                RIGHT_CAPTURE
 .data.TOP_CAPTURE
                0x200003c0       0x14 src/io.o
                0x200003c0                TOP_CAPTURE
 .data.SCORE_ZERO
                0x200003d4       0x50 src/io.o
                0x200003d4                SCORE_ZERO
 .data.BONUS_ZERO
                0x20000424       0x50 src/io.o
                0x20000424                BONUS_ZERO
 .data.BALL_OUT
                0x20000474       0x14 src/io.o
                0x20000474                BALL_OUT
 .data.BALL_LOADED
                0x20000488       0x14 src/io.o
                0x20000488                BALL_LOADED
 .data.LANES    0x2000049c       0x50 src/io.o
                0x2000049c                LANES
 .data.LEFT_FLIPPER
                0x200004ec       0x14 src/io.o
                0x200004ec                LEFT_FLIPPER
 .data.LEFT_BLOCK
                0x20000500       0x14 src/io.o
                0x20000500                LEFT_BLOCK
 .data.RIGHT_FLIPPER
                0x20000514       0x14 src/io.o
                0x20000514                RIGHT_FLIPPER
 .data.RIGHT_BLOCK
                0x20000528       0x14 src/io.o
                0x20000528                RIGHT_BLOCK
 .data.START    0x2000053c       0x14 src/io.o
                0x2000053c                START
 .data.CAB_LEFT
                0x20000550       0x14 src/io.o
                0x20000550                CAB_LEFT
 .data.CAB_RIGHT
                0x20000564       0x14 src/io.o
                0x20000564                CAB_RIGHT
 .data.LEFT_POP
                0x20000578       0x14 src/io.o
                0x20000578                LEFT_POP
 .data.RIGHT_POP
                0x2000058c       0x14 src/io.o
                0x2000058c                RIGHT_POP
 .data.BUMPER   0x200005a0       0x14 src/io.o
                0x200005a0                BUMPER
 .data.ROTATE_ROLLOVER
                0x200005b4       0x14 src/io.o
                0x200005b4                ROTATE_ROLLOVER
 .data.ACTIVATE_TARGET
                0x200005c8       0x14 src/io.o
                0x200005c8                ACTIVATE_TARGET
 .data.RED_TARGET
                0x200005dc       0x50 src/io.o
                0x200005dc                RED_TARGET
 *fill*         0x2000062c        0x4 
 .data.impure_data
                0x20000630      0x428 d:/root/arm-none-eabi/bin/../lib/gcc/arm-none-eabi/4.8.4/../../../../arm-none-eabi/lib/armv7e-m/fpu\libc.a(lib_a-impure.o)
                0x20000a58                . = ALIGN (0x4)
                0x20000a58                _edata = .
                0x08002c94                _siccmram = LOADADDR (.ccmram)

.jcr            0x20000a58        0x0 load address 0x08002c94
 .jcr           0x20000a58        0x0 d:/root/arm-none-eabi/bin/../lib/gcc/arm-none-eabi/4.8.4/armv7e-m/fpu/crtbegin.o

.igot.plt       0x20000a58        0x0 load address 0x08002c94
 .igot.plt      0x00000000        0x0 d:/root/arm-none-eabi/bin/../lib/gcc/arm-none-eabi/4.8.4/armv7e-m/fpu/crtbegin.o

.ccmram         0x10000000        0x0 load address 0x08002c94
                0x10000000                . = ALIGN (0x4)
                0x10000000                _sccmram = .
 *(.ccmram)
 *(.ccmram*)
                0x10000000                . = ALIGN (0x4)
                0x10000000                _eccmram = .
                0x10000000                . = ALIGN (0x4)

.bss            0x20000a58      0x190
                0x20000a58                _sbss = .
                0x20000a58                __bss_start__ = _sbss
 *(.bss)
 .bss           0x20000a58       0x1c d:/root/arm-none-eabi/bin/../lib/gcc/arm-none-eabi/4.8.4/armv7e-m/fpu/crtbegin.o
 *(.bss*)
 .bss.msTicks   0x20000a74        0x4 src/timer.o
                0x20000a74                msTicks
 .bss.msElapsed
                0x20000a78        0x4 src/timer.o
                0x20000a78                msElapsed
 .bss.buttonState
                0x20000a7c        0x4 src/main.o
                0x20000a7c                buttonState
 .bss.LED_Dirty
                0x20000a80        0x1 src/io.o
                0x20000a80                LED_Dirty
 *(COMMON)
 *fill*         0x20000a81        0x3 
 COMMON         0x20000a84       0x88 src/timer.o
                0x20000a84                timerFuncs
                0x20000ab0                active
                0x20000abc                setting
                0x20000ae4                timerData
 COMMON         0x20000b0c        0x4 src/main.o
                0x20000b0c                ii
 COMMON         0x20000b10       0xd6 src/io.o
                0x20000b10                heldRelayState
                0x20000b1c                LedState
                0x20000bdc                mInputState
                0x20000be0                mLEDState
                0x20000be8                . = ALIGN (0x4)
 *fill*         0x20000be6        0x2 
                0x20000be8                _ebss = .
                0x20000be8                __bss_end__ = _ebss

._user_heap_stack
                0x20000be8      0x200
                0x20000be8                . = ALIGN (0x4)
                0x20000be8                PROVIDE (end, .)
                0x20000be8                PROVIDE (_end, .)
                0x20000be8                . = (. + _Min_Heap_Size)
                0x20000de8                . = (. + _Min_Stack_Size)
 *fill*         0x20000be8      0x200 
                0x20000de8                . = ALIGN (0x4)

.memory_b1_text
 *(.mb1text)
 *(.mb1text*)
 *(.mb1rodata)
 *(.mb1rodata*)

/DISCARD/
 libc.a(*)
 libm.a(*)
 libgcc.a(*)

.ARM.attributes
                0x00000000       0x30
 *(.ARM.attributes)
 .ARM.attributes
                0x00000000       0x22 d:/root/arm-none-eabi/bin/../lib/gcc/arm-none-eabi/4.8.4/armv7e-m/fpu/crti.o
 .ARM.attributes
                0x00000022       0x34 d:/root/arm-none-eabi/bin/../lib/gcc/arm-none-eabi/4.8.4/armv7e-m/fpu/crtbegin.o
 .ARM.attributes
                0x00000056       0x39 Libraries/STM32F30x_StdPeriph_Driver/src/stm32f30x_gpio.o
 .ARM.attributes
                0x0000008f       0x39 Libraries/STM32F30x_StdPeriph_Driver/src/stm32f30x_tim.o
 .ARM.attributes
                0x000000c8       0x39 Libraries/STM32F30x_StdPeriph_Driver/src/stm32f30x_misc.o
 .ARM.attributes
                0x00000101       0x39 Libraries/STM32F30x_StdPeriph_Driver/src/stm32f30x_syscfg.o
 .ARM.attributes
                0x0000013a       0x39 Libraries/STM32F30x_StdPeriph_Driver/src/stm32f30x_rcc.o
 .ARM.attributes
                0x00000173       0x39 Libraries/STM32F30x_StdPeriph_Driver/src/stm32f30x_exti.o
 .ARM.attributes
                0x000001ac       0x39 src/timer.o
 .ARM.attributes
                0x000001e5       0x39 src/system_stm32f30x.o
 .ARM.attributes
                0x0000021e       0x39 src/main.o
 .ARM.attributes
                0x00000257       0x39 src/stm32f3_discovery.o
 .ARM.attributes
                0x00000290       0x39 src/common.o
 .ARM.attributes
                0x000002c9       0x39 src/io.o
 .ARM.attributes
                0x00000302       0x21 src/startup_stm32f30x.o
 .ARM.attributes
                0x00000323       0x34 d:/root/arm-none-eabi/bin/../lib/gcc/arm-none-eabi/4.8.4/../../../../arm-none-eabi/lib/armv7e-m/fpu\libc.a(lib_a-impure.o)
 .ARM.attributes
                0x00000357       0x34 d:/root/arm-none-eabi/bin/../lib/gcc/arm-none-eabi/4.8.4/../../../../arm-none-eabi/lib/armv7e-m/fpu\libc.a(lib_a-init.o)
 .ARM.attributes
                0x0000038b       0x34 d:/root/arm-none-eabi/bin/../lib/gcc/arm-none-eabi/4.8.4/../../../../arm-none-eabi/lib/armv7e-m/fpu\libc.a(lib_a-__call_atexit.o)
 .ARM.attributes
                0x000003bf       0x34 d:/root/arm-none-eabi/bin/../lib/gcc/arm-none-eabi/4.8.4/../../../../arm-none-eabi/lib/armv7e-m/fpu\libc.a(lib_a-atexit.o)
 .ARM.attributes
                0x000003f3       0x34 d:/root/arm-none-eabi/bin/../lib/gcc/arm-none-eabi/4.8.4/../../../../arm-none-eabi/lib/armv7e-m/fpu\libc.a(lib_a-fini.o)
 .ARM.attributes
                0x00000427       0x34 d:/root/arm-none-eabi/bin/../lib/gcc/arm-none-eabi/4.8.4/../../../../arm-none-eabi/lib/armv7e-m/fpu\libc.a(lib_a-__atexit.o)
 .ARM.attributes
                0x0000045b       0x22 d:/root/arm-none-eabi/bin/../lib/gcc/arm-none-eabi/4.8.4/armv7e-m/fpu/crtn.o
OUTPUT(pinball.elf elf32-littlearm)

.debug_info     0x00000000     0x6e68
 .debug_info    0x00000000      0x5fe Libraries/STM32F30x_StdPeriph_Driver/src/stm32f30x_gpio.o
 .debug_info    0x000005fe     0x2188 Libraries/STM32F30x_StdPeriph_Driver/src/stm32f30x_tim.o
 .debug_info    0x00002786      0x541 Libraries/STM32F30x_StdPeriph_Driver/src/stm32f30x_misc.o
 .debug_info    0x00002cc7      0x3c8 Libraries/STM32F30x_StdPeriph_Driver/src/stm32f30x_syscfg.o
 .debug_info    0x0000308f      0xab0 Libraries/STM32F30x_StdPeriph_Driver/src/stm32f30x_rcc.o
 .debug_info    0x00003b3f      0x3b8 Libraries/STM32F30x_StdPeriph_Driver/src/stm32f30x_exti.o
 .debug_info    0x00003ef7      0x951 src/timer.o
 .debug_info    0x00004848      0x49c src/system_stm32f30x.o
 .debug_info    0x00004ce4      0xab2 src/main.o
 .debug_info    0x00005796      0x857 src/stm32f3_discovery.o
 .debug_info    0x00005fed      0x11f src/common.o
 .debug_info    0x0000610c      0xcff src/io.o
 .debug_info    0x00006e0b       0x5d src/startup_stm32f30x.o

.debug_abbrev   0x00000000     0x1345
 .debug_abbrev  0x00000000      0x196 Libraries/STM32F30x_StdPeriph_Driver/src/stm32f30x_gpio.o
 .debug_abbrev  0x00000196      0x189 Libraries/STM32F30x_StdPeriph_Driver/src/stm32f30x_tim.o
 .debug_abbrev  0x0000031f      0x147 Libraries/STM32F30x_StdPeriph_Driver/src/stm32f30x_misc.o
 .debug_abbrev  0x00000466      0x183 Libraries/STM32F30x_StdPeriph_Driver/src/stm32f30x_syscfg.o
 .debug_abbrev  0x000005e9      0x1e5 Libraries/STM32F30x_StdPeriph_Driver/src/stm32f30x_rcc.o
 .debug_abbrev  0x000007ce      0x17c Libraries/STM32F30x_StdPeriph_Driver/src/stm32f30x_exti.o
 .debug_abbrev  0x0000094a      0x1de src/timer.o
 .debug_abbrev  0x00000b28      0x147 src/system_stm32f30x.o
 .debug_abbrev  0x00000c6f      0x214 src/main.o
 .debug_abbrev  0x00000e83      0x185 src/stm32f3_discovery.o
 .debug_abbrev  0x00001008       0x9a src/common.o
 .debug_abbrev  0x000010a2      0x291 src/io.o
 .debug_abbrev  0x00001333       0x12 src/startup_stm32f30x.o

.debug_aranges  0x00000000      0x900
 .debug_aranges
                0x00000000       0x80 Libraries/STM32F30x_StdPeriph_Driver/src/stm32f30x_gpio.o
 .debug_aranges
                0x00000080      0x3a8 Libraries/STM32F30x_StdPeriph_Driver/src/stm32f30x_tim.o
 .debug_aranges
                0x00000428       0x40 Libraries/STM32F30x_StdPeriph_Driver/src/stm32f30x_misc.o
 .debug_aranges
                0x00000468       0x88 Libraries/STM32F30x_StdPeriph_Driver/src/stm32f30x_syscfg.o
 .debug_aranges
                0x000004f0      0x150 Libraries/STM32F30x_StdPeriph_Driver/src/stm32f30x_rcc.o
 .debug_aranges
                0x00000640       0x58 Libraries/STM32F30x_StdPeriph_Driver/src/stm32f30x_exti.o
 .debug_aranges
                0x00000698       0xd0 src/timer.o
 .debug_aranges
                0x00000768       0x30 src/system_stm32f30x.o
 .debug_aranges
                0x00000798       0x40 src/main.o
 .debug_aranges
                0x000007d8       0x48 src/stm32f3_discovery.o
 .debug_aranges
                0x00000820       0x20 src/common.o
 .debug_aranges
                0x00000840       0x98 src/io.o
 .debug_aranges
                0x000008d8       0x28 src/startup_stm32f30x.o

.debug_ranges   0x00000000      0x838
 .debug_ranges  0x00000000       0x70 Libraries/STM32F30x_StdPeriph_Driver/src/stm32f30x_gpio.o
 .debug_ranges  0x00000070      0x398 Libraries/STM32F30x_StdPeriph_Driver/src/stm32f30x_tim.o
 .debug_ranges  0x00000408       0x30 Libraries/STM32F30x_StdPeriph_Driver/src/stm32f30x_misc.o
 .debug_ranges  0x00000438       0x78 Libraries/STM32F30x_StdPeriph_Driver/src/stm32f30x_syscfg.o
 .debug_ranges  0x000004b0      0x140 Libraries/STM32F30x_StdPeriph_Driver/src/stm32f30x_rcc.o
 .debug_ranges  0x000005f0       0x48 Libraries/STM32F30x_StdPeriph_Driver/src/stm32f30x_exti.o
 .debug_ranges  0x00000638       0xc0 src/timer.o
 .debug_ranges  0x000006f8       0x20 src/system_stm32f30x.o
 .debug_ranges  0x00000718       0x30 src/main.o
 .debug_ranges  0x00000748       0x38 src/stm32f3_discovery.o
 .debug_ranges  0x00000780       0x10 src/common.o
 .debug_ranges  0x00000790       0x88 src/io.o
 .debug_ranges  0x00000818       0x20 src/startup_stm32f30x.o

.debug_line     0x00000000     0x2989
 .debug_line    0x00000000      0x2af Libraries/STM32F30x_StdPeriph_Driver/src/stm32f30x_gpio.o
 .debug_line    0x000002af      0xbc4 Libraries/STM32F30x_StdPeriph_Driver/src/stm32f30x_tim.o
 .debug_line    0x00000e73      0x1e4 Libraries/STM32F30x_StdPeriph_Driver/src/stm32f30x_misc.o
 .debug_line    0x00001057      0x258 Libraries/STM32F30x_StdPeriph_Driver/src/stm32f30x_syscfg.o
 .debug_line    0x000012af      0x51a Libraries/STM32F30x_StdPeriph_Driver/src/stm32f30x_rcc.o
 .debug_line    0x000017c9      0x23e Libraries/STM32F30x_StdPeriph_Driver/src/stm32f30x_exti.o
 .debug_line    0x00001a07      0x3ae src/timer.o
 .debug_line    0x00001db5      0x19b src/system_stm32f30x.o
 .debug_line    0x00001f50      0x1ea src/main.o
 .debug_line    0x0000213a      0x219 src/stm32f3_discovery.o
 .debug_line    0x00002353       0xe9 src/common.o
 .debug_line    0x0000243c      0x4d9 src/io.o
 .debug_line    0x00002915       0x74 src/startup_stm32f30x.o

.debug_str      0x00000000     0x2b68
 .debug_str     0x00000000      0x495 Libraries/STM32F30x_StdPeriph_Driver/src/stm32f30x_gpio.o
                                0x500 (size before relaxing)
 .debug_str     0x00000495      0xd6d Libraries/STM32F30x_StdPeriph_Driver/src/stm32f30x_tim.o
                                0xfdf (size before relaxing)
 .debug_str     0x00001202      0x234 Libraries/STM32F30x_StdPeriph_Driver/src/stm32f30x_misc.o
                                0x436 (size before relaxing)
 .debug_str     0x00001436      0x265 Libraries/STM32F30x_StdPeriph_Driver/src/stm32f30x_syscfg.o
                                0x464 (size before relaxing)
 .debug_str     0x0000169b      0x619 Libraries/STM32F30x_StdPeriph_Driver/src/stm32f30x_rcc.o
                                0x85c (size before relaxing)
 .debug_str     0x00001cb4      0x1e7 Libraries/STM32F30x_StdPeriph_Driver/src/stm32f30x_exti.o
                                0x3e8 (size before relaxing)
 .debug_str     0x00001e9b      0x64c src/timer.o
                                0x9af (size before relaxing)
 .debug_str     0x000024e7       0x78 src/system_stm32f30x.o
                                0x34b (size before relaxing)
 .debug_str     0x0000255f      0x23b src/main.o
                                0x96f (size before relaxing)
 .debug_str     0x0000279a      0x166 src/stm32f3_discovery.o
                                0xabe (size before relaxing)
 .debug_str     0x00002900       0x2f src/common.o
                                0x209 (size before relaxing)
 .debug_str     0x0000292f      0x239 src/io.o
                                0x762 (size before relaxing)

.comment        0x00000000       0x70
 .comment       0x00000000       0x70 Libraries/STM32F30x_StdPeriph_Driver/src/stm32f30x_gpio.o
                                 0x71 (size before relaxing)
 .comment       0x00000000       0x71 Libraries/STM32F30x_StdPeriph_Driver/src/stm32f30x_tim.o
 .comment       0x00000000       0x71 Libraries/STM32F30x_StdPeriph_Driver/src/stm32f30x_misc.o
 .comment       0x00000000       0x71 Libraries/STM32F30x_StdPeriph_Driver/src/stm32f30x_syscfg.o
 .comment       0x00000000       0x71 Libraries/STM32F30x_StdPeriph_Driver/src/stm32f30x_rcc.o
 .comment       0x00000000       0x71 Libraries/STM32F30x_StdPeriph_Driver/src/stm32f30x_exti.o
 .comment       0x00000000       0x71 src/timer.o
 .comment       0x00000000       0x71 src/system_stm32f30x.o
 .comment       0x00000000       0x71 src/main.o
 .comment       0x00000000       0x71 src/stm32f3_discovery.o
 .comment       0x00000000       0x71 src/common.o
 .comment       0x00000000       0x71 src/io.o

.debug_frame    0x00000000     0x1d34
 .debug_frame   0x00000000      0x180 Libraries/STM32F30x_StdPeriph_Driver/src/stm32f30x_gpio.o
 .debug_frame   0x00000180      0xca4 Libraries/STM32F30x_StdPeriph_Driver/src/stm32f30x_tim.o
 .debug_frame   0x00000e24       0x9c Libraries/STM32F30x_StdPeriph_Driver/src/stm32f30x_misc.o
 .debug_frame   0x00000ec0      0x194 Libraries/STM32F30x_StdPeriph_Driver/src/stm32f30x_syscfg.o
 .debug_frame   0x00001054      0x44c Libraries/STM32F30x_StdPeriph_Driver/src/stm32f30x_rcc.o
 .debug_frame   0x000014a0       0xec Libraries/STM32F30x_StdPeriph_Driver/src/stm32f30x_exti.o
 .debug_frame   0x0000158c      0x2b8 src/timer.o
 .debug_frame   0x00001844       0x64 src/system_stm32f30x.o
 .debug_frame   0x000018a8       0xac src/main.o
 .debug_frame   0x00001954       0xc4 src/stm32f3_discovery.o
 .debug_frame   0x00001a18       0x28 src/common.o
 .debug_frame   0x00001a40      0x204 src/io.o
 .debug_frame   0x00001c44       0x2c d:/root/arm-none-eabi/bin/../lib/gcc/arm-none-eabi/4.8.4/../../../../arm-none-eabi/lib/armv7e-m/fpu\libc.a(lib_a-init.o)
 .debug_frame   0x00001c70       0x48 d:/root/arm-none-eabi/bin/../lib/gcc/arm-none-eabi/4.8.4/../../../../arm-none-eabi/lib/armv7e-m/fpu\libc.a(lib_a-__call_atexit.o)
 .debug_frame   0x00001cb8       0x20 d:/root/arm-none-eabi/bin/../lib/gcc/arm-none-eabi/4.8.4/../../../../arm-none-eabi/lib/armv7e-m/fpu\libc.a(lib_a-atexit.o)
 .debug_frame   0x00001cd8       0x2c d:/root/arm-none-eabi/bin/../lib/gcc/arm-none-eabi/4.8.4/../../../../arm-none-eabi/lib/armv7e-m/fpu\libc.a(lib_a-fini.o)
 .debug_frame   0x00001d04       0x30 d:/root/arm-none-eabi/bin/../lib/gcc/arm-none-eabi/4.8.4/../../../../arm-none-eabi/lib/armv7e-m/fpu\libc.a(lib_a-__atexit.o)
