Archive member included because of file (symbol)

d:/programs/atollic/truestudio for arm lite 5.0.0/armtools/bin/../lib/gcc/arm-atollic-eabi/4.7.3/../../../../arm-atollic-eabi/lib/armv7e-m/fpu\libc_s.a(lib_a-init.o)
                              src\startup_stm32f30x.o (__libc_init_array)
d:/programs/atollic/truestudio for arm lite 5.0.0/armtools/bin/../lib/gcc/arm-atollic-eabi/4.7.3/../../../../arm-atollic-eabi/lib/armv7e-m/fpu\libc_s.a(lib_a-malloc.o)
                              src\io.o (malloc)
d:/programs/atollic/truestudio for arm lite 5.0.0/armtools/bin/../lib/gcc/arm-atollic-eabi/4.7.3/../../../../arm-atollic-eabi/lib/armv7e-m/fpu\libc_s.a(lib_a-mallocr.o)
                              d:/programs/atollic/truestudio for arm lite 5.0.0/armtools/bin/../lib/gcc/arm-atollic-eabi/4.7.3/../../../../arm-atollic-eabi/lib/armv7e-m/fpu\libc_s.a(lib_a-malloc.o) (_malloc_r)
d:/programs/atollic/truestudio for arm lite 5.0.0/armtools/bin/../lib/gcc/arm-atollic-eabi/4.7.3/../../../../arm-atollic-eabi/lib/armv7e-m/fpu\libc_s.a(lib_a-memcpy.o)
                              src\io.o (memcpy)
d:/programs/atollic/truestudio for arm lite 5.0.0/armtools/bin/../lib/gcc/arm-atollic-eabi/4.7.3/../../../../arm-atollic-eabi/lib/armv7e-m/fpu\libc_s.a(lib_a-sbrkr.o)
                              d:/programs/atollic/truestudio for arm lite 5.0.0/armtools/bin/../lib/gcc/arm-atollic-eabi/4.7.3/../../../../arm-atollic-eabi/lib/armv7e-m/fpu\libc_s.a(lib_a-mallocr.o) (_sbrk_r)
d:/programs/atollic/truestudio for arm lite 5.0.0/armtools/bin/../lib/gcc/arm-atollic-eabi/4.7.3/../../../../arm-atollic-eabi/lib/armv7e-m/fpu\libc_s.a(lib_a-strlen.o)
                              src\tiny_printf.o (strlen)
d:/programs/atollic/truestudio for arm lite 5.0.0/armtools/bin/../lib/gcc/arm-atollic-eabi/4.7.3/../../../../arm-atollic-eabi/lib/armv7e-m/fpu\libc_s.a(lib_a-syscalls.o)
                              src\tiny_printf.o (_write)
d:/programs/atollic/truestudio for arm lite 5.0.0/armtools/bin/../lib/gcc/arm-atollic-eabi/4.7.3/../../../../arm-atollic-eabi/lib/armv7e-m/fpu\libc_s.a(lib_a-freer.o)
                              d:/programs/atollic/truestudio for arm lite 5.0.0/armtools/bin/../lib/gcc/arm-atollic-eabi/4.7.3/../../../../arm-atollic-eabi/lib/armv7e-m/fpu\libc_s.a(lib_a-malloc.o) (_free_r)
d:/programs/atollic/truestudio for arm lite 5.0.0/armtools/bin/../lib/gcc/arm-atollic-eabi/4.7.3/../../../../arm-atollic-eabi/lib/armv7e-m/fpu\libc_s.a(lib_a-impure.o)
                              d:/programs/atollic/truestudio for arm lite 5.0.0/armtools/bin/../lib/gcc/arm-atollic-eabi/4.7.3/../../../../arm-atollic-eabi/lib/armv7e-m/fpu\libc_s.a(lib_a-malloc.o) (_impure_ptr)
d:/programs/atollic/truestudio for arm lite 5.0.0/armtools/bin/../lib/gcc/arm-atollic-eabi/4.7.3/../../../../arm-atollic-eabi/lib/armv7e-m/fpu\libc_s.a(lib_a-reent.o)
                              d:/programs/atollic/truestudio for arm lite 5.0.0/armtools/bin/../lib/gcc/arm-atollic-eabi/4.7.3/../../../../arm-atollic-eabi/lib/armv7e-m/fpu\libc_s.a(lib_a-sbrkr.o) (errno)
d:/programs/atollic/truestudio for arm lite 5.0.0/armtools/bin/../lib/gcc/arm-atollic-eabi/4.7.3/../../../../arm-atollic-eabi/lib/armv7e-m/fpu\libm.a(lib_a-s_sin.o)
                              src\main.o (sin)
d:/programs/atollic/truestudio for arm lite 5.0.0/armtools/bin/../lib/gcc/arm-atollic-eabi/4.7.3/../../../../arm-atollic-eabi/lib/armv7e-m/fpu\libm.a(lib_a-e_rem_pio2.o)
                              d:/programs/atollic/truestudio for arm lite 5.0.0/armtools/bin/../lib/gcc/arm-atollic-eabi/4.7.3/../../../../arm-atollic-eabi/lib/armv7e-m/fpu\libm.a(lib_a-s_sin.o) (__ieee754_rem_pio2)
d:/programs/atollic/truestudio for arm lite 5.0.0/armtools/bin/../lib/gcc/arm-atollic-eabi/4.7.3/../../../../arm-atollic-eabi/lib/armv7e-m/fpu\libm.a(lib_a-k_cos.o)
                              d:/programs/atollic/truestudio for arm lite 5.0.0/armtools/bin/../lib/gcc/arm-atollic-eabi/4.7.3/../../../../arm-atollic-eabi/lib/armv7e-m/fpu\libm.a(lib_a-s_sin.o) (__kernel_cos)
d:/programs/atollic/truestudio for arm lite 5.0.0/armtools/bin/../lib/gcc/arm-atollic-eabi/4.7.3/../../../../arm-atollic-eabi/lib/armv7e-m/fpu\libm.a(lib_a-k_rem_pio2.o)
                              d:/programs/atollic/truestudio for arm lite 5.0.0/armtools/bin/../lib/gcc/arm-atollic-eabi/4.7.3/../../../../arm-atollic-eabi/lib/armv7e-m/fpu\libm.a(lib_a-e_rem_pio2.o) (__kernel_rem_pio2)
d:/programs/atollic/truestudio for arm lite 5.0.0/armtools/bin/../lib/gcc/arm-atollic-eabi/4.7.3/../../../../arm-atollic-eabi/lib/armv7e-m/fpu\libm.a(lib_a-k_sin.o)
                              d:/programs/atollic/truestudio for arm lite 5.0.0/armtools/bin/../lib/gcc/arm-atollic-eabi/4.7.3/../../../../arm-atollic-eabi/lib/armv7e-m/fpu\libm.a(lib_a-s_sin.o) (__kernel_sin)
d:/programs/atollic/truestudio for arm lite 5.0.0/armtools/bin/../lib/gcc/arm-atollic-eabi/4.7.3/../../../../arm-atollic-eabi/lib/armv7e-m/fpu\libm.a(lib_a-s_fabs.o)
[...]
Memory Configuration

Name             Origin             Length             Attributes
FLASH            0x08000000         0x00040000         xr
RAM              0x20000000         0x0000a000         xrw
MEMORY_B1        0x60000000         0x00000000         xr
CCMRAM           0x10000000         0x00002000         rw
*default*        0x00000000         0xffffffff

Linker script and memory map

LOAD d:/programs/atollic/truestudio for arm lite 5.0.0/armtools/bin/../lib/gcc/arm-atollic-eabi/4.7.3/armv7e-m/fpu/crti.o
LOAD d:/programs/atollic/truestudio for arm lite 5.0.0/armtools/bin/../lib/gcc/arm-atollic-eabi/4.7.3/armv7e-m/fpu/crtbegin.o
LOAD src\tiny_printf.o
LOAD src\timer.o
LOAD src\system_stm32f30x.o
LOAD src\stm32f30x_it.o
LOAD src\startup_stm32f30x.o
LOAD src\main.o
LOAD src\io.o
LOAD Utilities\STM32F3_Discovery\stm32f3_discovery_lsm303dlhc.o
LOAD Utilities\STM32F3_Discovery\stm32f3_discovery_l3gd20.o
LOAD Utilities\STM32F3_Discovery\stm32f3_discovery.o
LOAD Libraries\STM32F30x_StdPeriph_Driver\src\stm32f30x_wwdg.o
LOAD Libraries\STM32F30x_StdPeriph_Driver\src\stm32f30x_usart.o
LOAD Libraries\STM32F30x_StdPeriph_Driver\src\stm32f30x_tim.o
LOAD Libraries\STM32F30x_StdPeriph_Driver\src\stm32f30x_syscfg.o
LOAD Libraries\STM32F30x_StdPeriph_Driver\src\stm32f30x_spi.o
LOAD Libraries\STM32F30x_StdPeriph_Driver\src\stm32f30x_rtc.o
LOAD Libraries\STM32F30x_StdPeriph_Driver\src\stm32f30x_rcc.o
LOAD Libraries\STM32F30x_StdPeriph_Driver\src\stm32f30x_pwr.o
LOAD Libraries\STM32F30x_StdPeriph_Driver\src\stm32f30x_opamp.o
LOAD Libraries\STM32F30x_StdPeriph_Driver\src\stm32f30x_misc.o
LOAD Libraries\STM32F30x_StdPeriph_Driver\src\stm32f30x_iwdg.o
LOAD Libraries\STM32F30x_StdPeriph_Driver\src\stm32f30x_i2c.o
LOAD Libraries\STM32F30x_StdPeriph_Driver\src\stm32f30x_gpio.o
LOAD Libraries\STM32F30x_StdPeriph_Driver\src\stm32f30x_flash.o
LOAD Libraries\STM32F30x_StdPeriph_Driver\src\stm32f30x_exti.o
LOAD Libraries\STM32F30x_StdPeriph_Driver\src\stm32f30x_dma.o
LOAD Libraries\STM32F30x_StdPeriph_Driver\src\stm32f30x_dbgmcu.o
LOAD Libraries\STM32F30x_StdPeriph_Driver\src\stm32f30x_dac.o
LOAD Libraries\STM32F30x_StdPeriph_Driver\src\stm32f30x_crc.o
LOAD Libraries\STM32F30x_StdPeriph_Driver\src\stm32f30x_comp.o
LOAD Libraries\STM32F30x_StdPeriph_Driver\src\stm32f30x_can.o
LOAD Libraries\STM32F30x_StdPeriph_Driver\src\stm32f30x_adc.o
START GROUP
LOAD d:/programs/atollic/truestudio for arm lite 5.0.0/armtools/bin/../lib/gcc/arm-atollic-eabi/4.7.3/../../../../arm-atollic-eabi/lib/armv7e-m/fpu\libc_s.a
LOAD d:/programs/atollic/truestudio for arm lite 5.0.0/armtools/bin/../lib/gcc/arm-atollic-eabi/4.7.3/../../../../arm-atollic-eabi/lib/armv7e-m/fpu\libm.a
END GROUP
                0x00001000                malloc_getpagesize_P = 0x1000
START GROUP
LOAD d:/programs/atollic/truestudio for arm lite 5.0.0/armtools/bin/../lib/gcc/arm-atollic-eabi/4.7.3/armv7e-m/fpu\libgcc.a
LOAD d:/programs/atollic/truestudio for arm lite 5.0.0/armtools/bin/../lib/gcc/arm-atollic-eabi/4.7.3/../../../../arm-atollic-eabi/lib/armv7e-m/fpu\libc.a
END GROUP
LOAD d:/programs/atollic/truestudio for arm lite 5.0.0/armtools/bin/../lib/gcc/arm-atollic-eabi/4.7.3/armv7e-m/fpu/crtend.o
LOAD d:/programs/atollic/truestudio for arm lite 5.0.0/armtools/bin/../lib/gcc/arm-atollic-eabi/4.7.3/armv7e-m/fpu/crtn.o
                0x2000a000                _estack = 0x2000a000
                0x00000000                _Min_Heap_Size = 0x0
                0x00000200                _Min_Stack_Size = 0x200

.isr_vector     0x08000000      0x188
                0x08000000                . = ALIGN (0x4)
 *(.isr_vector)
 .isr_vector    0x08000000      0x188 src\startup_stm32f30x.o
                0x08000000                g_pfnVectors
                0x08000188                . = ALIGN (0x4)

.text           0x08000188     0x3898
                0x08000188                . = ALIGN (0x4)
 *(.text)
 .text          0x08000188       0x54 d:/programs/atollic/truestudio for arm lite 5.0.0/armtools/bin/../lib/gcc/arm-atollic-eabi/4.7.3/armv7e-m/fpu/crtbegin.o
 .text          0x080001dc      0x370 d:/programs/atollic/truestudio for arm lite 5.0.0/armtools/bin/../lib/gcc/arm-atollic-eabi/4.7.3/armv7e-m/fpu\libgcc.a(_arm_addsubdf3.o)
                0x080001dc                __aeabi_drsub
                0x080001e4                __aeabi_dsub
                0x080001e4                __subdf3
                0x080001e8                __aeabi_dadd
                0x080001e8                __adddf3
                0x08000460                __floatunsidf
                0x08000460                __aeabi_ui2d
                0x08000480                __floatsidf
                0x08000480                __aeabi_i2d
                0x080004a4                __aeabi_f2d
                0x080004a4                __extendsfdf2
                0x080004e0                __floatundidf
                0x080004e0                __aeabi_ul2d
                0x080004f0                __floatdidf
                0x080004f0                __aeabi_l2d
 .text          0x0800054c      0x424 d:/programs/atollic/truestudio for arm lite 5.0.0/armtools/bin/../lib/gcc/arm-atollic-eabi/4.7.3/armv7e-m/fpu\libgcc.a(_arm_muldivdf3.o)
                0x0800054c                __aeabi_dmul
                0x0800054c                __muldf3
                0x080007a0                __divdf3
                0x080007a0                __aeabi_ddiv
 .text          0x08000970      0x110 d:/programs/atollic/truestudio for arm lite 5.0.0/armtools/bin/../lib/gcc/arm-atollic-eabi/4.7.3/armv7e-m/fpu\libgcc.a(_arm_cmpdf2.o)
                0x08000970                __gtdf2
                0x08000970                __gedf2
                0x08000978                __ltdf2
                0x08000978                __ledf2
                0x08000980                __nedf2
                0x08000980                __eqdf2
                0x08000980                __cmpdf2
                0x080009fc                __aeabi_cdrcmple
                0x08000a0c                __aeabi_cdcmpeq
                0x08000a0c                __aeabi_cdcmple
                0x08000a1c                __aeabi_dcmpeq
                0x08000a30                __aeabi_dcmplt
                0x08000a44                __aeabi_dcmple
                0x08000a58                __aeabi_dcmpge
                0x08000a6c                __aeabi_dcmpgt
 .text          0x08000a80       0x50 d:/programs/atollic/truestudio for arm lite 5.0.0/armtools/bin/../lib/gcc/arm-atollic-eabi/4.7.3/armv7e-m/fpu\libgcc.a(_arm_fixdfsi.o)
                0x08000a80                __aeabi_d2iz
                0x08000a80                __fixdfsi
 .text          0x08000ad0       0x40 d:/programs/atollic/truestudio for arm lite 5.0.0/armtools/bin/../lib/gcc/arm-atollic-eabi/4.7.3/armv7e-m/fpu\libgcc.a(_arm_fixunsdfsi.o)
                0x08000ad0                __aeabi_d2uiz
                0x08000ad0                __fixunsdfsi
 *(.text*)
 .text.ts_itoa  0x08000b10       0x9c src\tiny_printf.o
                0x08000b10                ts_itoa
 .text.ts_formatstring
                0x08000bac      0x164 src\tiny_printf.o
                0x08000bac                ts_formatstring
 .text.ts_formatlength
                0x08000d10      0x158 src\tiny_printf.o
                0x08000d10                ts_formatlength
 .text.iprintf  0x08000e68       0xac src\tiny_printf.o
                0x08000e68                iprintf
                0x08000e68                printf
 .text.TIM_IRQHandler
                0x08000f14       0xc0 src\timer.o
                0x08000f14                TIM_IRQHandler
 .text.TIM1_BRK_TIM15_IRQHandler
                0x08000fd4        0xc src\timer.o
                0x08000fd4                TIM1_BRK_TIM15_IRQHandler
 .text.TIM8_BRK_IRQHandler
                0x08000fe0        0xc src\timer.o
                0x08000fe0                TIM8_BRK_IRQHandler
 .text.TIM2_IRQHandler
                0x08000fec        0xc src\timer.o
                0x08000fec                TIM2_IRQHandler
 .text.TIM3_IRQHandler
                0x08000ff8        0xc src\timer.o
                0x08000ff8                TIM3_IRQHandler
 .text.TIM4_IRQHandler
                0x08001004        0xc src\timer.o
                0x08001004                TIM4_IRQHandler
 .text.TIM7_IRQHandler
                0x08001010        0xc src\timer.o
                0x08001010                TIM7_IRQHandler
 .text.TIM6_DAC_IRQHandler
                0x0800101c        0xc src\timer.o
                0x0800101c                TIM6_DAC_IRQHandler
 .text.TIM8_CC_IRQHandler
                0x08001028        0xc src\timer.o
                0x08001028                TIM8_CC_IRQHandler
 .text.TIM8_TRG_COM_IRQHandler
                0x08001034        0xc src\timer.o
                0x08001034                TIM8_TRG_COM_IRQHandler
 .text.TIM8_UP_IRQHandler
                0x08001040        0xc src\timer.o
                0x08001040                TIM8_UP_IRQHandler
 .text.TIM1_CC_IRQHandler
                0x0800104c        0xc src\timer.o
                0x0800104c                TIM1_CC_IRQHandler
 .text.TIM1_TRG_COM_TIM17_IRQHandler
                0x08001058        0xc src\timer.o
                0x08001058                TIM1_TRG_COM_TIM17_IRQHandler
 .text.TIM1_UP_TIM16_IRQHandler
                0x08001064        0xc src\timer.o
                0x08001064                TIM1_UP_TIM16_IRQHandler
 .text.startTimer
                0x08001070       0x6c src\timer.o
                0x08001070                startTimer
 .text.setTimerCustom
                0x080010dc       0x58 src\timer.o
                0x080010dc                setTimerCustom
 .text.stopTimer
                0x08001134       0x28 src\timer.o
                0x08001134                stopTimer
 .text.initTimers
                0x0800115c      0x18c src\timer.o
                0x0800115c                initTimers
 .text.callFuncInCustom
                0x080012e8       0x88 src\timer.o
                0x080012e8                callFuncInCustom
 .text.SystemInit
                0x08001370       0xfc src\system_stm32f30x.o
                0x08001370                SystemInit
 .text.SystemCoreClockUpdate
                0x0800146c      0x13c src\system_stm32f30x.o
                0x0800146c                SystemCoreClockUpdate
 .text.SetSysClock
                0x080015a8      0x170 src\system_stm32f30x.o
 .text.NMI_Handler
                0x08001718       0x1c src\stm32f30x_it.o
                0x08001718                NMI_Handler
 .text.HardFault_Handler
                0x08001734       0x10 src\stm32f30x_it.o
                0x08001734                HardFault_Handler
 .text.MemManage_Handler
                0x08001744       0x10 src\stm32f30x_it.o
                0x08001744                MemManage_Handler
 .text.BusFault_Handler
                0x08001754       0x10 src\stm32f30x_it.o
                0x08001754                BusFault_Handler
 .text.UsageFault_Handler
                0x08001764       0x10 src\stm32f30x_it.o
                0x08001764                UsageFault_Handler
 .text.SVC_Handler
                0x08001774       0x1c src\stm32f30x_it.o
                0x08001774                SVC_Handler
 .text.DebugMon_Handler
                0x08001790       0x1c src\stm32f30x_it.o
                0x08001790                DebugMon_Handler
 .text.PendSV_Handler
                0x080017ac       0x1c src\stm32f30x_it.o
                0x080017ac                PendSV_Handler
 .text.SysTick_Handler
                0x080017c8       0x7c src\stm32f30x_it.o
                0x080017c8                SysTick_Handler
 .text.Reset_Handler
                0x08001844       0x64 src\startup_stm32f30x.o
                0x08001844                Reset_Handler
 .text.Default_Handler
                0x080018a8        0x4 src\startup_stm32f30x.o
                0x080018a8                RTC_Alarm_IRQHandler
                0x080018a8                USB_HP_IRQHandler
                0x080018a8                PVD_IRQHandler
                0x080018a8                EXTI3_IRQHandler
                0x080018a8                EXTI0_IRQHandler
                0x080018a8                I2C2_EV_IRQHandler
                0x080018a8                FPU_IRQHandler
                0x080018a8                EXTI2_TS_IRQHandler
                0x080018a8                ADC1_2_IRQHandler
                0x080018a8                SPI1_IRQHandler
                0x080018a8                DMA2_Channel2_IRQHandler
                0x080018a8                DMA1_Channel4_IRQHandler
                0x080018a8                USART3_IRQHandler
                0x080018a8                DMA1_Channel7_IRQHandler
                0x080018a8                CAN1_RX1_IRQHandler
                0x080018a8                UART5_IRQHandler
                0x080018a8                ADC3_IRQHandler
                0x080018a8                DMA2_Channel1_IRQHandler
                0x080018a8                I2C1_EV_IRQHandler
                0x080018a8                DMA1_Channel6_IRQHandler
                0x080018a8                UART4_IRQHandler
                0x080018a8                DMA2_Channel4_IRQHandler
                0x080018a8                RCC_IRQHandler
                0x080018a8                DMA1_Channel1_IRQHandler
                0x080018a8                Default_Handler
                0x080018a8                USBWakeUp_RMP_IRQHandler
                0x080018a8                EXTI15_10_IRQHandler
                0x080018a8                EXTI9_5_IRQHandler
                0x080018a8                TAMPER_STAMP_IRQHandler
                0x080018a8                RTC_WKUP_IRQHandler
                0x080018a8                SPI2_IRQHandler
                0x080018a8                DMA2_Channel5_IRQHandler
                0x080018a8                DMA1_Channel5_IRQHandler
                0x080018a8                USB_LP_IRQHandler
                0x080018a8                EXTI4_IRQHandler
                0x080018a8                USB_LP_CAN1_RX0_IRQHandler
                0x080018a8                USB_HP_CAN1_TX_IRQHandler
                0x080018a8                DMA1_Channel3_IRQHandler
                0x080018a8                ADC4_IRQHandler
                0x080018a8                WWDG_IRQHandler
                0x080018a8                COMP7_IRQHandler
                0x080018a8                COMP1_2_3_IRQHandler
                0x080018a8                EXTI1_IRQHandler
                0x080018a8                USART2_IRQHandler
                0x080018a8                COMP4_5_6_IRQHandler
                0x080018a8                I2C2_ER_IRQHandler
                0x080018a8                DMA1_Channel2_IRQHandler
                0x080018a8                CAN1_SCE_IRQHandler
                0x080018a8                FLASH_IRQHandler
                0x080018a8                USART1_IRQHandler
                0x080018a8                SPI3_IRQHandler
                0x080018a8                I2C1_ER_IRQHandler
                0x080018a8                USBWakeUp_IRQHandler
                0x080018a8                DMA2_Channel3_IRQHandler
 .text.NVIC_SetPriority
                0x080018ac       0x5c src\main.o
 .text.SysTick_Config
                0x08001908       0x64 src\main.o
 *fill*         0x0800196c        0x4 00
 .text.audio    0x08001970      0x218 src\main.o
                0x08001970                audio
 .text.main     0x08001b88       0xd0 src\main.o
                0x08001b88                main
 .text.initOutput
                0x08001c58       0x44 src\io.o
                0x08001c58                initOutput
 .text.setOut   0x08001c9c       0xe8 src\io.o
                0x08001c9c                setOut
 .text.initIOs  0x08001d84       0x80 src\io.o
                0x08001d84                initIOs
 .text.updateIOs
                0x08001e04        0xc src\io.o
                0x08001e04                updateIOs
 .text.STM_EVAL_LEDInit
                0x08001e10       0x6c Utilities\STM32F3_Discovery\stm32f3_discovery.o
                0x08001e10                STM_EVAL_LEDInit
 .text.STM_EVAL_LEDOn
                0x08001e7c       0x34 Utilities\STM32F3_Discovery\stm32f3_discovery.o
                0x08001e7c                STM_EVAL_LEDOn
 .text.STM_EVAL_PBInit
                0x08001eb0       0xec Utilities\STM32F3_Discovery\stm32f3_discovery.o
                0x08001eb0                STM_EVAL_PBInit
 .text.TIM_TimeBaseInit
                0x08001f9c      0x110 Libraries\STM32F30x_StdPeriph_Driver\src\stm32f30x_tim.o
                0x08001f9c                TIM_TimeBaseInit
 .text.TIM_SetCounter
                0x080020ac       0x1c Libraries\STM32F30x_StdPeriph_Driver\src\stm32f30x_tim.o
                0x080020ac                TIM_SetCounter
 .text.TIM_Cmd  0x080020c8       0x40 Libraries\STM32F30x_StdPeriph_Driver\src\stm32f30x_tim.o
                0x080020c8                TIM_Cmd
 .text.TIM_ITConfig
                0x08002108       0x40 Libraries\STM32F30x_StdPeriph_Driver\src\stm32f30x_tim.o
                0x08002108                TIM_ITConfig
 .text.TIM_GetITStatus
                0x08002148       0x60 Libraries\STM32F30x_StdPeriph_Driver\src\stm32f30x_tim.o
                0x08002148                TIM_GetITStatus
 .text.TIM_ClearITPendingBit
                0x080021a8       0x24 Libraries\STM32F30x_StdPeriph_Driver\src\stm32f30x_tim.o
                0x080021a8                TIM_ClearITPendingBit
 .text.SYSCFG_EXTILineConfig
                0x080021cc       0xb0 Libraries\STM32F30x_StdPeriph_Driver\src\stm32f30x_syscfg.o
                0x080021cc                SYSCFG_EXTILineConfig
 .text.RCC_AHBPeriphClockCmd
                0x0800227c       0x54 Libraries\STM32F30x_StdPeriph_Driver\src\stm32f30x_rcc.o
                0x0800227c                RCC_AHBPeriphClockCmd
 .text.RCC_APB2PeriphClockCmd
                0x080022d0       0x54 Libraries\STM32F30x_StdPeriph_Driver\src\stm32f30x_rcc.o
                0x080022d0                RCC_APB2PeriphClockCmd
 .text.RCC_APB1PeriphClockCmd
                0x08002324       0x54 Libraries\STM32F30x_StdPeriph_Driver\src\stm32f30x_rcc.o
                0x08002324                RCC_APB1PeriphClockCmd
 .text.NVIC_Init
                0x08002378       0xe8 Libraries\STM32F30x_StdPeriph_Driver\src\stm32f30x_misc.o
                0x08002378                NVIC_Init
 .text.GPIO_Init
                0x08002460      0x150 Libraries\STM32F30x_StdPeriph_Driver\src\stm32f30x_gpio.o
                0x08002460                GPIO_Init
 .text.GPIO_WriteBit
                0x080025b0       0x30 Libraries\STM32F30x_StdPeriph_Driver\src\stm32f30x_gpio.o
                0x080025b0                GPIO_WriteBit
 .text.EXTI_Init
                0x080025e0      0x288 Libraries\STM32F30x_StdPeriph_Driver\src\stm32f30x_exti.o
                0x080025e0                EXTI_Init
 .text.__libc_init_array
                0x08002868       0x4c d:/programs/atollic/truestudio for arm lite 5.0.0/armtools/bin/../lib/gcc/arm-atollic-eabi/4.7.3/../../../../arm-atollic-eabi/lib/armv7e-m/fpu\libc_s.a(lib_a-init.o)
                0x08002868                __libc_init_array
 .text._write   0x080028b4        0x4 d:/programs/atollic/truestudio for arm lite 5.0.0/armtools/bin/../lib/gcc/arm-atollic-eabi/4.7.3/../../../../arm-atollic-eabi/lib/armv7e-m/fpu\libc_s.a(lib_a-syscalls.o)
                0x080028b4                _write
 .text.sin      0x080028b8       0x90 d:/programs/atollic/truestudio for arm lite 5.0.0/armtools/bin/../lib/gcc/arm-atollic-eabi/4.7.3/../../../../arm-atollic-eabi/lib/armv7e-m/fpu\libm.a(lib_a-s_sin.o)
                0x080028b8                sin
 .text.__ieee754_rem_pio2
                0x08002948      0x430 d:/programs/atollic/truestudio for arm lite 5.0.0/armtools/bin/../lib/gcc/arm-atollic-eabi/4.7.3/../../../../arm-atollic-eabi/lib/armv7e-m/fpu\libm.a(lib_a-e_rem_pio2.o)
                0x08002948                __ieee754_rem_pio2
 .text.__kernel_cos
                0x08002d78      0x1e8 d:/programs/atollic/truestudio for arm lite 5.0.0/armtools/bin/../lib/gcc/arm-atollic-eabi/4.7.3/../../../../arm-atollic-eabi/lib/armv7e-m/fpu\libm.a(lib_a-k_cos.o)
                0x08002d78                __kernel_cos
 .text.__kernel_rem_pio2
                0x08002f60      0x6d8 d:/programs/atollic/truestudio for arm lite 5.0.0/armtools/bin/../lib/gcc/arm-atollic-eabi/4.7.3/../../../../arm-atollic-eabi/lib/armv7e-m/fpu\libm.a(lib_a-k_rem_pio2.o)
                0x08002f60                __kernel_rem_pio2
 .text.__kernel_sin
                0x08003638      0x188 d:/programs/atollic/truestudio for arm lite 5.0.0/armtools/bin/../lib/gcc/arm-atollic-eabi/4.7.3/../../../../arm-atollic-eabi/lib/armv7e-m/fpu\libm.a(lib_a-k_sin.o)
                0x08003638                __kernel_sin
 .text.fabs     0x080037c0       0x12 d:/programs/atollic/truestudio for arm lite 5.0.0/armtools/bin/../lib/gcc/arm-atollic-eabi/4.7.3/../../../../arm-atollic-eabi/lib/armv7e-m/fpu\libm.a(lib_a-s_fabs.o)
                0x080037c0                fabs
 *fill*         0x080037d2        0x6 00
 .text.floor    0x080037d8      0x110 d:/programs/atollic/truestudio for arm lite 5.0.0/armtools/bin/../lib/gcc/arm-atollic-eabi/4.7.3/../../../../arm-atollic-eabi/lib/armv7e-m/fpu\libm.a(lib_a-s_floor.o)
                0x080037d8                floor
 .text.scalbn   0x080038e8      0x100 d:/programs/atollic/truestudio for arm lite 5.0.0/armtools/bin/../lib/gcc/arm-atollic-eabi/4.7.3/../../../../arm-atollic-eabi/lib/armv7e-m/fpu\libm.a(lib_a-s_scalbn.o)
                0x080038e8                scalbn
 .text.copysign
                0x080039e8       0x20 d:/programs/atollic/truestudio for arm lite 5.0.0/armtools/bin/../lib/gcc/arm-atollic-eabi/4.7.3/../../../../arm-atollic-eabi/lib/armv7e-m/fpu\libm.a(lib_a-s_copysign.o)
                0x080039e8                copysign
 *(.glue_7)
 .glue_7        0x00000000        0x0 linker stubs
 *(.glue_7t)
 .glue_7t       0x00000000        0x0 linker stubs
 *(.eh_frame)
 .eh_frame      0x08003a08        0x0 d:/programs/atollic/truestudio for arm lite 5.0.0/armtools/bin/../lib/gcc/arm-atollic-eabi/4.7.3/armv7e-m/fpu/crtbegin.o
 *(.init)
 .init          0x08003a08        0x4 d:/programs/atollic/truestudio for arm lite 5.0.0/armtools/bin/../lib/gcc/arm-atollic-eabi/4.7.3/armv7e-m/fpu/crti.o
                0x08003a08                _init
 .init          0x08003a0c        0x8 d:/programs/atollic/truestudio for arm lite 5.0.0/armtools/bin/../lib/gcc/arm-atollic-eabi/4.7.3/armv7e-m/fpu/crtn.o
 *(.fini)
 .fini          0x08003a14        0x4 d:/programs/atollic/truestudio for arm lite 5.0.0/armtools/bin/../lib/gcc/arm-atollic-eabi/4.7.3/armv7e-m/fpu/crti.o
                0x08003a14                _fini
 .fini          0x08003a18        0x8 d:/programs/atollic/truestudio for arm lite 5.0.0/armtools/bin/../lib/gcc/arm-atollic-eabi/4.7.3/armv7e-m/fpu/crtn.o
                0x08003a20                . = ALIGN (0x4)
                0x08003a20                _etext = .

.vfp11_veneer   0x08003a20        0x0
 .vfp11_veneer  0x00000000        0x0 linker stubs

.v4_bx          0x08003a20        0x0
 .v4_bx         0x00000000        0x0 linker stubs

.iplt           0x08003a20        0x0
 .iplt          0x00000000        0x0 d:/programs/atollic/truestudio for arm lite 5.0.0/armtools/bin/../lib/gcc/arm-atollic-eabi/4.7.3/armv7e-m/fpu/crtbegin.o

.rodata         0x08003a20      0x268
                0x08003a20                . = ALIGN (0x4)
 *(.rodata)
 .rodata        0x08003a20       0x10 src\timer.o
 .rodata        0x08003a30       0x1c src\stm32f30x_it.o
 *(.rodata*)
 .rodata.LATCH  0x08003a4c        0x8 src\main.o
                0x08003a4c                LATCH
 .rodata.CLOCK  0x08003a54        0x8 src\main.o
                0x08003a54                CLOCK
 .rodata.DATA   0x08003a5c        0x8 src\main.o
                0x08003a5c                DATA
 .rodata.GPIO_PIN
                0x08003a64       0x10 Utilities\STM32F3_Discovery\stm32f3_discovery.o
                0x08003a64                GPIO_PIN
 .rodata.GPIO_CLK
                0x08003a74       0x20 Utilities\STM32F3_Discovery\stm32f3_discovery.o
                0x08003a74                GPIO_CLK
 .rodata.BUTTON_PIN
                0x08003a94        0x4 Utilities\STM32F3_Discovery\stm32f3_discovery.o
                0x08003a94                BUTTON_PIN
 .rodata.BUTTON_CLK
                0x08003a98        0x4 Utilities\STM32F3_Discovery\stm32f3_discovery.o
                0x08003a98                BUTTON_CLK
 .rodata.BUTTON_EXTI_LINE
                0x08003a9c        0x4 Utilities\STM32F3_Discovery\stm32f3_discovery.o
                0x08003a9c                BUTTON_EXTI_LINE
 .rodata.BUTTON_PORT_SOURCE
                0x08003aa0        0x4 Utilities\STM32F3_Discovery\stm32f3_discovery.o
                0x08003aa0                BUTTON_PORT_SOURCE
 .rodata.BUTTON_PIN_SOURCE
                0x08003aa4        0x4 Utilities\STM32F3_Discovery\stm32f3_discovery.o
                0x08003aa4                BUTTON_PIN_SOURCE
 .rodata.BUTTON_IRQn
                0x08003aa8        0x4 Utilities\STM32F3_Discovery\stm32f3_discovery.o
                0x08003aa8                BUTTON_IRQn
 .rodata.npio2_hw
                0x08003aac       0x80 d:/programs/atollic/truestudio for arm lite 5.0.0/armtools/bin/../lib/gcc/arm-atollic-eabi/4.7.3/../../../../arm-atollic-eabi/lib/armv7e-m/fpu\libm.a(lib_a-e_rem_pio2.o)
 .rodata.two_over_pi
                0x08003b2c      0x108 d:/programs/atollic/truestudio for arm lite 5.0.0/armtools/bin/../lib/gcc/arm-atollic-eabi/4.7.3/../../../../arm-atollic-eabi/lib/armv7e-m/fpu\libm.a(lib_a-e_rem_pio2.o)
 .rodata.init_jk
                0x08003c34       0x10 d:/programs/atollic/truestudio for arm lite 5.0.0/armtools/bin/../lib/gcc/arm-atollic-eabi/4.7.3/../../../../arm-atollic-eabi/lib/armv7e-m/fpu\libm.a(lib_a-k_rem_pio2.o)
 *fill*         0x08003c44        0x4 00
 .rodata.PIo2   0x08003c48       0x40 d:/programs/atollic/truestudio for arm lite 5.0.0/armtools/bin/../lib/gcc/arm-atollic-eabi/4.7.3/../../../../arm-atollic-eabi/lib/armv7e-m/fpu\libm.a(lib_a-k_rem_pio2.o)
                0x08003c88                . = ALIGN (0x4)

.rel.dyn        0x08003c88        0x0
 .rel.iplt      0x00000000        0x0 d:/programs/atollic/truestudio for arm lite 5.0.0/armtools/bin/../lib/gcc/arm-atollic-eabi/4.7.3/armv7e-m/fpu/crtbegin.o

.ARM.extab
 *(.ARM.extab* .gnu.linkonce.armextab.*)

.ARM            0x08003c88        0x0
                0x08003c88                __exidx_start = .
 *(.ARM.exidx*)
                0x08003c88                __exidx_end = .

.preinit_array  0x08003c88        0x0
                0x08003c88                PROVIDE (__preinit_array_start, .)
 *(.preinit_array*)
                0x08003c88                PROVIDE (__preinit_array_end, .)

.init_array     0x08003c88        0x4
                0x08003c88                PROVIDE (__init_array_start, .)
 *(SORT(.init_array.*))
 *(.init_array*)
 .init_array    0x08003c88        0x4 d:/programs/atollic/truestudio for arm lite 5.0.0/armtools/bin/../lib/gcc/arm-atollic-eabi/4.7.3/armv7e-m/fpu/crtbegin.o
                0x08003c8c                PROVIDE (__init_array_end, .)

.fini_array     0x08003c8c        0x4
                0x08003c8c                PROVIDE (__fini_array_start, .)
 *(SORT(.fini_array.*))
 *(.fini_array*)
 .fini_array    0x08003c8c        0x4 d:/programs/atollic/truestudio for arm lite 5.0.0/armtools/bin/../lib/gcc/arm-atollic-eabi/4.7.3/armv7e-m/fpu/crtbegin.o
                0x08003c90                PROVIDE (__fini_array_end, .)
                0x08003c90                _sidata = LOADADDR (.data)

.data           0x20000000       0x6c load address 0x08003c90
                0x20000000                . = ALIGN (0x4)
                0x20000000                _sdata = .
 *(.data)
 *(.data*)
 .data.timerIds
                0x20000000       0x28 src\timer.o
                0x20000000                timerIds
 .data.SystemCoreClock
                0x20000028        0x4 src\system_stm32f30x.o
                0x20000028                SystemCoreClock
 .data.AHBPrescTable
                0x2000002c       0x10 src\system_stm32f30x.o
                0x2000002c                AHBPrescTable
 .data.count.7147
                0x2000003c        0x4 src\stm32f30x_it.o
 .data.tone     0x20000040        0x8 src\main.o
                0x20000040                tone
 .data.GPIO_PORT
                0x20000048       0x20 Utilities\STM32F3_Discovery\stm32f3_discovery.o
                0x20000048                GPIO_PORT
 .data.BUTTON_PORT
                0x20000068        0x4 Utilities\STM32F3_Discovery\stm32f3_discovery.o
                0x20000068                BUTTON_PORT
                0x2000006c                . = ALIGN (0x4)
                0x2000006c                _edata = .
                0x08003cfc                _siccmram = LOADADDR (.ccmram)

.jcr            0x2000006c        0x0 load address 0x08003cfc
 .jcr           0x2000006c        0x0 d:/programs/atollic/truestudio for arm lite 5.0.0/armtools/bin/../lib/gcc/arm-atollic-eabi/4.7.3/armv7e-m/fpu/crtbegin.o

.igot.plt       0x2000006c        0x0 load address 0x08003cfc
 .igot.plt      0x00000000        0x0 d:/programs/atollic/truestudio for arm lite 5.0.0/armtools/bin/../lib/gcc/arm-atollic-eabi/4.7.3/armv7e-m/fpu/crtbegin.o

.ccmram         0x10000000        0x0 load address 0x08003cfc
                0x10000000                . = ALIGN (0x4)
                0x10000000                _sccmram = .
 *(.ccmram)
 *(.ccmram*)
                0x10000000                . = ALIGN (0x4)
                0x10000000                _eccmram = .
                0x10000000                . = ALIGN (0x4)

.bss            0x2000006c       0xc4
                0x2000006c                _sbss = .
                0x2000006c                __bss_start__ = _sbss
 *(.bss)
 .bss           0x2000006c       0x1c d:/programs/atollic/truestudio for arm lite 5.0.0/armtools/bin/../lib/gcc/arm-atollic-eabi/4.7.3/armv7e-m/fpu/crtbegin.o
 *(.bss*)
 .bss.msTicks   0x20000088        0x4 src\timer.o
                0x20000088                msTicks
 .bss.msElapsed
                0x2000008c        0x4 src\timer.o
                0x2000008c                msElapsed
 .bss.a         0x20000090        0x4 src\main.o
                0x20000090                a
 .bss.LED_Dirty
                0x20000094        0x1 src\io.o
                0x20000094                LED_Dirty
 *(COMMON)
 *fill*         0x20000095        0x3 00
 COMMON         0x20000098       0x88 src\timer.o
                0x20000098                timerFuncs
                0x200000c4                active
                0x200000d0                setting
                0x200000f8                timerData
 COMMON         0x20000120        0x4 src\main.o
                0x20000120                ii
 COMMON         0x20000124        0xa src\io.o
                0x20000124                mInputState
                0x20000128                mLEDState
                0x20000130                . = ALIGN (0x4)
 *fill*         0x2000012e        0x2 00
                0x20000130                _ebss = .
                0x20000130                __bss_end__ = _ebss

._user_heap_stack
                0x20000130      0x200
                0x20000130                . = ALIGN (0x4)
                0x20000130                PROVIDE (end, .)
                0x20000130                PROVIDE (_end, .)
                0x20000130                . = (. + _Min_Heap_Size)
                0x20000330                . = (. + _Min_Stack_Size)
 *fill*         0x20000130      0x200 00
                0x20000330                . = ALIGN (0x4)

.memory_b1_text
 *(.mb1text)
 *(.mb1text*)
 *(.mb1rodata)
 *(.mb1rodata*)

/DISCARD/
 libc.a(*)
 libm.a(*)
 libgcc.a(*)

.ARM.attributes
                0x00000000       0x32
 *(.ARM.attributes)
 .ARM.attributes
                0x00000000       0x24 d:/programs/atollic/truestudio for arm lite 5.0.0/armtools/bin/../lib/gcc/arm-atollic-eabi/4.7.3/armv7e-m/fpu/crti.o
 .ARM.attributes
                0x00000024       0x36 d:/programs/atollic/truestudio for arm lite 5.0.0/armtools/bin/../lib/gcc/arm-atollic-eabi/4.7.3/armv7e-m/fpu/crtbegin.o
 .ARM.attributes
                0x0000005a       0x3b src\tiny_printf.o
 .ARM.attributes
                0x00000095       0x3b src\timer.o
 .ARM.attributes
                0x000000d0       0x3b src\system_stm32f30x.o
 .ARM.attributes
                0x0000010b       0x3b src\stm32f30x_it.o
 .ARM.attributes
                0x00000146       0x21 src\startup_stm32f30x.o
 .ARM.attributes
                0x00000167       0x3b src\main.o
 .ARM.attributes
                0x000001a2       0x3b src\io.o
 .ARM.attributes
                0x000001dd       0x3b Utilities\STM32F3_Discovery\stm32f3_discovery.o
 .ARM.attributes
                0x00000218       0x3b Libraries\STM32F30x_StdPeriph_Driver\src\stm32f30x_tim.o
 .ARM.attributes
                0x00000253       0x3b Libraries\STM32F30x_StdPeriph_Driver\src\stm32f30x_syscfg.o
 .ARM.attributes
                0x0000028e       0x3b Libraries\STM32F30x_StdPeriph_Driver\src\stm32f30x_rcc.o
 .ARM.attributes
                0x000002c9       0x3b Libraries\STM32F30x_StdPeriph_Driver\src\stm32f30x_misc.o
 .ARM.attributes
                0x00000304       0x3b Libraries\STM32F30x_StdPeriph_Driver\src\stm32f30x_gpio.o
 .ARM.attributes
                0x0000033f       0x3b Libraries\STM32F30x_StdPeriph_Driver\src\stm32f30x_exti.o
 .ARM.attributes
                0x0000037a       0x36 d:/programs/atollic/truestudio for arm lite 5.0.0/armtools/bin/../lib/gcc/arm-atollic-eabi/4.7.3/../../../../arm-atollic-eabi/lib/armv7e-m/fpu\libc_s.a(lib_a-init.o)
 .ARM.attributes
                0x000003b0       0x36 d:/programs/atollic/truestudio for arm lite 5.0.0/armtools/bin/../lib/gcc/arm-atollic-eabi/4.7.3/../../../../arm-atollic-eabi/lib/armv7e-m/fpu\libc_s.a(lib_a-syscalls.o)
 .ARM.attributes
                0x000003e6       0x36 d:/programs/atollic/truestudio for arm lite 5.0.0/armtools/bin/../lib/gcc/arm-atollic-eabi/4.7.3/../../../../arm-atollic-eabi/lib/armv7e-m/fpu\libm.a(lib_a-s_sin.o)
 .ARM.attributes
                0x0000041c       0x36 d:/programs/atollic/truestudio for arm lite 5.0.0/armtools/bin/../lib/gcc/arm-atollic-eabi/4.7.3/../../../../arm-atollic-eabi/lib/armv7e-m/fpu\libm.a(lib_a-e_rem_pio2.o)
 .ARM.attributes
                0x00000452       0x36 d:/programs/atollic/truestudio for arm lite 5.0.0/armtools/bin/../lib/gcc/arm-atollic-eabi/4.7.3/../../../../arm-atollic-eabi/lib/armv7e-m/fpu\libm.a(lib_a-k_cos.o)
 .ARM.attributes
                0x00000488       0x36 d:/programs/atollic/truestudio for arm lite 5.0.0/armtools/bin/../lib/gcc/arm-atollic-eabi/4.7.3/../../../../arm-atollic-eabi/lib/armv7e-m/fpu\libm.a(lib_a-k_rem_pio2.o)
 .ARM.attributes
                0x000004be       0x36 d:/programs/atollic/truestudio for arm lite 5.0.0/armtools/bin/../lib/gcc/arm-atollic-eabi/4.7.3/../../../../arm-atollic-eabi/lib/armv7e-m/fpu\libm.a(lib_a-k_sin.o)
 .ARM.attributes
                0x000004f4       0x36 d:/programs/atollic/truestudio for arm lite 5.0.0/armtools/bin/../lib/gcc/arm-atollic-eabi/4.7.3/../../../../arm-atollic-eabi/lib/armv7e-m/fpu\libm.a(lib_a-s_fabs.o)
 .ARM.attributes
                0x0000052a       0x36 d:/programs/atollic/truestudio for arm lite 5.0.0/armtools/bin/../lib/gcc/arm-atollic-eabi/4.7.3/../../../../arm-atollic-eabi/lib/armv7e-m/fpu\libm.a(lib_a-s_floor.o)
 .ARM.attributes
                0x00000560       0x36 d:/programs/atollic/truestudio for arm lite 5.0.0/armtools/bin/../lib/gcc/arm-atollic-eabi/4.7.3/../../../../arm-atollic-eabi/lib/armv7e-m/fpu\libm.a(lib_a-s_scalbn.o)
 .ARM.attributes
                0x00000596       0x36 d:/programs/atollic/truestudio for arm lite 5.0.0/armtools/bin/../lib/gcc/arm-atollic-eabi/4.7.3/../../../../arm-atollic-eabi/lib/armv7e-m/fpu\libm.a(lib_a-s_copysign.o)
 .ARM.attributes
                0x000005cc       0x24 d:/programs/atollic/truestudio for arm lite 5.0.0/armtools/bin/../lib/gcc/arm-atollic-eabi/4.7.3/armv7e-m/fpu\libgcc.a(_arm_addsubdf3.o)
 .ARM.attributes
                0x000005f0       0x24 d:/programs/atollic/truestudio for arm lite 5.0.0/armtools/bin/../lib/gcc/arm-atollic-eabi/4.7.3/armv7e-m/fpu\libgcc.a(_arm_muldivdf3.o)
 .ARM.attributes
                0x00000614       0x24 d:/programs/atollic/truestudio for arm lite 5.0.0/armtools/bin/../lib/gcc/arm-atollic-eabi/4.7.3/armv7e-m/fpu\libgcc.a(_arm_cmpdf2.o)
 .ARM.attributes
                0x00000638       0x24 d:/programs/atollic/truestudio for arm lite 5.0.0/armtools/bin/../lib/gcc/arm-atollic-eabi/4.7.3/armv7e-m/fpu\libgcc.a(_arm_fixdfsi.o)
 .ARM.attributes
                0x0000065c       0x24 d:/programs/atollic/truestudio for arm lite 5.0.0/armtools/bin/../lib/gcc/arm-atollic-eabi/4.7.3/armv7e-m/fpu\libgcc.a(_arm_fixunsdfsi.o)
 .ARM.attributes
                0x00000680       0x24 d:/programs/atollic/truestudio for arm lite 5.0.0/armtools/bin/../lib/gcc/arm-atollic-eabi/4.7.3/armv7e-m/fpu/crtn.o
OUTPUT(test.elf elf32-littlearm)

.debug_info     0x00000000     0x7a14
 .debug_info    0x00000000      0xcc2 src\tiny_printf.o
 .debug_info    0x00000cc2      0x9f6 src\timer.o
 .debug_info    0x000016b8      0x4dd src\system_stm32f30x.o
 .debug_info    0x00001b95      0x2b0 src\stm32f30x_it.o
 .debug_info    0x00001e45       0x7a src\startup_stm32f30x.o
 .debug_info    0x00001ebf      0x9d7 src\main.o
 .debug_info    0x00002896      0x5a0 src\io.o
 .debug_info    0x00002e36      0x88f Utilities\STM32F3_Discovery\stm32f3_discovery.o
 .debug_info    0x000036c5     0x2404 Libraries\STM32F30x_StdPeriph_Driver\src\stm32f30x_tim.o
 .debug_info    0x00005ac9      0x3fd Libraries\STM32F30x_StdPeriph_Driver\src\stm32f30x_syscfg.o
 .debug_info    0x00005ec6      0xb85 Libraries\STM32F30x_StdPeriph_Driver\src\stm32f30x_rcc.o
 .debug_info    0x00006a4b      0x596 Libraries\STM32F30x_StdPeriph_Driver\src\stm32f30x_misc.o
 .debug_info    0x00006fe1      0x63f Libraries\STM32F30x_StdPeriph_Driver\src\stm32f30x_gpio.o
 .debug_info    0x00007620      0x3f4 Libraries\STM32F30x_StdPeriph_Driver\src\stm32f30x_exti.o

.debug_abbrev   0x00000000     0x14b6
 .debug_abbrev  0x00000000      0x23b src\tiny_printf.o
 .debug_abbrev  0x0000023b      0x1e0 src\timer.o
 .debug_abbrev  0x0000041b      0x149 src\system_stm32f30x.o
 .debug_abbrev  0x00000564       0xf2 src\stm32f30x_it.o
 .debug_abbrev  0x00000656       0x12 src\startup_stm32f30x.o
 .debug_abbrev  0x00000668      0x1dc src\main.o
 .debug_abbrev  0x00000844      0x1b3 src\io.o
 .debug_abbrev  0x000009f7      0x187 Utilities\STM32F3_Discovery\stm32f3_discovery.o
 .debug_abbrev  0x00000b7e      0x18b Libraries\STM32F30x_StdPeriph_Driver\src\stm32f30x_tim.o
 .debug_abbrev  0x00000d09      0x185 Libraries\STM32F30x_StdPeriph_Driver\src\stm32f30x_syscfg.o
 .debug_abbrev  0x00000e8e      0x1e7 Libraries\STM32F30x_StdPeriph_Driver\src\stm32f30x_rcc.o
 .debug_abbrev  0x00001075      0x12b Libraries\STM32F30x_StdPeriph_Driver\src\stm32f30x_misc.o
 .debug_abbrev  0x000011a0      0x198 Libraries\STM32F30x_StdPeriph_Driver\src\stm32f30x_gpio.o
 .debug_abbrev  0x00001338      0x17e Libraries\STM32F30x_StdPeriph_Driver\src\stm32f30x_exti.o

.debug_loc      0x00000000     0x37a0
 .debug_loc     0x00000000      0x220 src\tiny_printf.o
 .debug_loc     0x00000220      0x46c src\timer.o
 .debug_loc     0x0000068c       0x9c src\system_stm32f30x.o
 .debug_loc     0x00000728      0x234 src\stm32f30x_it.o
 .debug_loc     0x0000095c      0x118 src\main.o
 .debug_loc     0x00000a74      0x1ec src\io.o
 .debug_loc     0x00000c60      0x150 Utilities\STM32F3_Discovery\stm32f3_discovery.o
 .debug_loc     0x00000db0     0x18f0 Libraries\STM32F30x_StdPeriph_Driver\src\stm32f30x_tim.o
 .debug_loc     0x000026a0      0x2f8 Libraries\STM32F30x_StdPeriph_Driver\src\stm32f30x_syscfg.o
 .debug_loc     0x00002998      0x864 Libraries\STM32F30x_StdPeriph_Driver\src\stm32f30x_rcc.o
 .debug_loc     0x000031fc      0x118 Libraries\STM32F30x_StdPeriph_Driver\src\stm32f30x_misc.o
 .debug_loc     0x00003314      0x2d8 Libraries\STM32F30x_StdPeriph_Driver\src\stm32f30x_gpio.o
 .debug_loc     0x000035ec      0x1b4 Libraries\STM32F30x_StdPeriph_Driver\src\stm32f30x_exti.o

.debug_aranges  0x00000000      0x980
 .debug_aranges
                0x00000000       0x60 src\tiny_printf.o
 .debug_aranges
                0x00000060       0xd0 src\timer.o
 .debug_aranges
                0x00000130       0x30 src\system_stm32f30x.o
 .debug_aranges
                0x00000160       0x78 src\stm32f30x_it.o
 .debug_aranges
                0x000001d8       0x28 src\startup_stm32f30x.o
 .debug_aranges
                0x00000200       0x40 src\main.o
 .debug_aranges
                0x00000240       0x60 src\io.o
 .debug_aranges
                0x000002a0       0x48 Utilities\STM32F3_Discovery\stm32f3_discovery.o
 .debug_aranges
                0x000002e8      0x3a8 Libraries\STM32F30x_StdPeriph_Driver\src\stm32f30x_tim.o
 .debug_aranges
                0x00000690       0x88 Libraries\STM32F30x_StdPeriph_Driver\src\stm32f30x_syscfg.o
 .debug_aranges
                0x00000718      0x150 Libraries\STM32F30x_StdPeriph_Driver\src\stm32f30x_rcc.o
 .debug_aranges
                0x00000868       0x40 Libraries\STM32F30x_StdPeriph_Driver\src\stm32f30x_misc.o
 .debug_aranges
                0x000008a8       0x80 Libraries\STM32F30x_StdPeriph_Driver\src\stm32f30x_gpio.o
 .debug_aranges
                0x00000928       0x58 Libraries\STM32F30x_StdPeriph_Driver\src\stm32f30x_exti.o

.debug_ranges   0x00000000      0x8a8
 .debug_ranges  0x00000000       0x50 src\tiny_printf.o
 .debug_ranges  0x00000050       0xc0 src\timer.o
 .debug_ranges  0x00000110       0x20 src\system_stm32f30x.o
 .debug_ranges  0x00000130       0x68 src\stm32f30x_it.o
 .debug_ranges  0x00000198       0x20 src\startup_stm32f30x.o
 .debug_ranges  0x000001b8       0x30 src\main.o
 .debug_ranges  0x000001e8       0x50 src\io.o
 .debug_ranges  0x00000238       0x38 Utilities\STM32F3_Discovery\stm32f3_discovery.o
 .debug_ranges  0x00000270      0x398 Libraries\STM32F30x_StdPeriph_Driver\src\stm32f30x_tim.o
 .debug_ranges  0x00000608       0x78 Libraries\STM32F30x_StdPeriph_Driver\src\stm32f30x_syscfg.o
 .debug_ranges  0x00000680      0x140 Libraries\STM32F30x_StdPeriph_Driver\src\stm32f30x_rcc.o
 .debug_ranges  0x000007c0       0x30 Libraries\STM32F30x_StdPeriph_Driver\src\stm32f30x_misc.o
 .debug_ranges  0x000007f0       0x70 Libraries\STM32F30x_StdPeriph_Driver\src\stm32f30x_gpio.o
 .debug_ranges  0x00000860       0x48 Libraries\STM32F30x_StdPeriph_Driver\src\stm32f30x_exti.o

.debug_line     0x00000000     0x2d0e
 .debug_line    0x00000000      0x32a src\tiny_printf.o
 .debug_line    0x0000032a      0x3db src\timer.o
 .debug_line    0x00000705      0x1b3 src\system_stm32f30x.o
 .debug_line    0x000008b8      0x21a src\stm32f30x_it.o
 .debug_line    0x00000ad2       0x7f src\startup_stm32f30x.o
 .debug_line    0x00000b51      0x238 src\main.o
 .debug_line    0x00000d89      0x255 src\io.o
 .debug_line    0x00000fde      0x250 Utilities\STM32F3_Discovery\stm32f3_discovery.o
 .debug_line    0x0000122e      0xbfd Libraries\STM32F30x_StdPeriph_Driver\src\stm32f30x_tim.o
 .debug_line    0x00001e2b      0x272 Libraries\STM32F30x_StdPeriph_Driver\src\stm32f30x_syscfg.o
 .debug_line    0x0000209d      0x53a Libraries\STM32F30x_StdPeriph_Driver\src\stm32f30x_rcc.o
 .debug_line    0x000025d7      0x202 Libraries\STM32F30x_StdPeriph_Driver\src\stm32f30x_misc.o
 .debug_line    0x000027d9      0x2ce Libraries\STM32F30x_StdPeriph_Driver\src\stm32f30x_gpio.o
 .debug_line    0x00002aa7      0x267 Libraries\STM32F30x_StdPeriph_Driver\src\stm32f30x_exti.o

.debug_str      0x00000000     0x2d77
 .debug_str     0x00000000      0x523 src\tiny_printf.o
                                0x59a (size before relaxing)
 .debug_str     0x00000523      0x7ef src\timer.o
                                0x92e (size before relaxing)
 .debug_str     0x00000d12      0x15b src\system_stm32f30x.o
                                0x2be (size before relaxing)
 .debug_str     0x00000e6d      0x128 src\stm32f30x_it.o
                                0x27e (size before relaxing)
 .debug_str     0x00000f95      0x19c src\main.o
                                0x7d1 (size before relaxing)
 .debug_str     0x00001131      0x1ce src\io.o
                                0x3e7 (size before relaxing)
 .debug_str     0x000012ff      0x24e Utilities\STM32F3_Discovery\stm32f3_discovery.o
                                0xa50 (size before relaxing)
 .debug_str     0x0000154d      0xc81 Libraries\STM32F30x_StdPeriph_Driver\src\stm32f30x_tim.o
                                0xf52 (size before relaxing)
 .debug_str     0x000021ce      0x266 Libraries\STM32F30x_StdPeriph_Driver\src\stm32f30x_syscfg.o
                                0x3e6 (size before relaxing)
 .debug_str     0x00002434      0x596 Libraries\STM32F30x_StdPeriph_Driver\src\stm32f30x_rcc.o
                                0x7cf (size before relaxing)
 .debug_str     0x000029ca      0x110 Libraries\STM32F30x_StdPeriph_Driver\src\stm32f30x_misc.o
                                0x3b4 (size before relaxing)
 .debug_str     0x00002ada      0x180 Libraries\STM32F30x_StdPeriph_Driver\src\stm32f30x_gpio.o
                                0x47a (size before relaxing)
 .debug_str     0x00002c5a      0x11d Libraries\STM32F30x_StdPeriph_Driver\src\stm32f30x_exti.o
                                0x370 (size before relaxing)

.comment        0x00000000       0x83
 .comment       0x00000000       0x83 src\tiny_printf.o
                                 0x84 (size before relaxing)
 .comment       0x00000000       0x84 src\timer.o
 .comment       0x00000000       0x84 src\system_stm32f30x.o
 .comment       0x00000000       0x84 src\stm32f30x_it.o
 .comment       0x00000000       0x84 src\main.o
 .comment       0x00000000       0x84 src\io.o
 .comment       0x00000000       0x84 Utilities\STM32F3_Discovery\stm32f3_discovery.o
 .comment       0x00000000       0x84 Libraries\STM32F30x_StdPeriph_Driver\src\stm32f30x_tim.o
 .comment       0x00000000       0x84 Libraries\STM32F30x_StdPeriph_Driver\src\stm32f30x_syscfg.o
 .comment       0x00000000       0x84 Libraries\STM32F30x_StdPeriph_Driver\src\stm32f30x_rcc.o
 .comment       0x00000000       0x84 Libraries\STM32F30x_StdPeriph_Driver\src\stm32f30x_misc.o
 .comment       0x00000000       0x84 Libraries\STM32F30x_StdPeriph_Driver\src\stm32f30x_gpio.o
 .comment       0x00000000       0x84 Libraries\STM32F30x_StdPeriph_Driver\src\stm32f30x_exti.o

.debug_frame    0x00000000     0x2130
 .debug_frame   0x00000000      0x154 src\tiny_printf.o
 .debug_frame   0x00000154      0x2b8 src\timer.o
 .debug_frame   0x0000040c       0x64 src\system_stm32f30x.o
 .debug_frame   0x00000470      0x160 src\stm32f30x_it.o
 .debug_frame   0x000005d0       0xac src\main.o
 .debug_frame   0x0000067c      0x128 src\io.o
 .debug_frame   0x000007a4       0xc4 Utilities\STM32F3_Discovery\stm32f3_discovery.o
 .debug_frame   0x00000868      0xca4 Libraries\STM32F30x_StdPeriph_Driver\src\stm32f30x_tim.o
 .debug_frame   0x0000150c      0x194 Libraries\STM32F30x_StdPeriph_Driver\src\stm32f30x_syscfg.o
 .debug_frame   0x000016a0      0x44c Libraries\STM32F30x_StdPeriph_Driver\src\stm32f30x_rcc.o
 .debug_frame   0x00001aec       0x9c Libraries\STM32F30x_StdPeriph_Driver\src\stm32f30x_misc.o
 .debug_frame   0x00001b88      0x180 Libraries\STM32F30x_StdPeriph_Driver\src\stm32f30x_gpio.o
 .debug_frame   0x00001d08       0xec Libraries\STM32F30x_StdPeriph_Driver\src\stm32f30x_exti.o
 .debug_frame   0x00001df4       0x2c d:/programs/atollic/truestudio for arm lite 5.0.0/armtools/bin/../lib/gcc/arm-atollic-eabi/4.7.3/../../../../arm-atollic-eabi/lib/armv7e-m/fpu\libc_s.a(lib_a-init.o)
 .debug_frame   0x00001e20      0x14c d:/programs/atollic/truestudio for arm lite 5.0.0/armtools/bin/../lib/gcc/arm-atollic-eabi/4.7.3/../../../../arm-atollic-eabi/lib/armv7e-m/fpu\libc_s.a(lib_a-syscalls.o)
 .debug_frame   0x00001f6c       0x30 d:/programs/atollic/truestudio for arm lite 5.0.0/armtools/bin/../lib/gcc/arm-atollic-eabi/4.7.3/../../../../arm-atollic-eabi/lib/armv7e-m/fpu\libm.a(lib_a-s_sin.o)
 .debug_frame   0x00001f9c       0x38 d:/programs/atollic/truestudio for arm lite 5.0.0/armtools/bin/../lib/gcc/arm-atollic-eabi/4.7.3/../../../../arm-atollic-eabi/lib/armv7e-m/fpu\libm.a(lib_a-e_rem_pio2.o)
 .debug_frame   0x00001fd4       0x38 d:/programs/atollic/truestudio for arm lite 5.0.0/armtools/bin/../lib/gcc/arm-atollic-eabi/4.7.3/../../../../arm-atollic-eabi/lib/armv7e-m/fpu\libm.a(lib_a-k_cos.o)
 .debug_frame   0x0000200c       0x3c d:/programs/atollic/truestudio for arm lite 5.0.0/armtools/bin/../lib/gcc/arm-atollic-eabi/4.7.3/../../../../arm-atollic-eabi/lib/armv7e-m/fpu\libm.a(lib_a-k_rem_pio2.o)
 .debug_frame   0x00002048       0x38 d:/programs/atollic/truestudio for arm lite 5.0.0/armtools/bin/../lib/gcc/arm-atollic-eabi/4.7.3/../../../../arm-atollic-eabi/lib/armv7e-m/fpu\libm.a(lib_a-k_sin.o)
 .debug_frame   0x00002080       0x20 d:/programs/atollic/truestudio for arm lite 5.0.0/armtools/bin/../lib/gcc/arm-atollic-eabi/4.7.3/../../../../arm-atollic-eabi/lib/armv7e-m/fpu\libm.a(lib_a-s_fabs.o)
 .debug_frame   0x000020a0       0x34 d:/programs/atollic/truestudio for arm lite 5.0.0/armtools/bin/../lib/gcc/arm-atollic-eabi/4.7.3/../../../../arm-atollic-eabi/lib/armv7e-m/fpu\libm.a(lib_a-s_floor.o)
 .debug_frame   0x000020d4       0x30 d:/programs/atollic/truestudio for arm lite 5.0.0/armtools/bin/../lib/gcc/arm-atollic-eabi/4.7.3/../../../../arm-atollic-eabi/lib/armv7e-m/fpu\libm.a(lib_a-s_scalbn.o)
 .debug_frame   0x00002104       0x2c d:/programs/atollic/truestudio for arm lite 5.0.0/armtools/bin/../lib/gcc/arm-atollic-eabi/4.7.3/../../../../arm-atollic-eabi/lib/armv7e-m/fpu\libm.a(lib_a-s_copysign.o)

Cross Reference Table

Symbol                                            File
ADC1_2_IRQHandler                                 src\startup_stm32f30x.o
ADC3_IRQHandler                                   src\startup_stm32f30x.o
ADC4_IRQHandler                                   src\startup_stm32f30x.o
ADC_AnalogWatchdog1SingleChannelConfig            Libraries\STM32F30x_StdPeriph_Driver\src\stm32f30x_adc.o
ADC_AnalogWatchdog1ThresholdsConfig               Libraries\STM32F30x_StdPeriph_Driver\src\stm32f30x_adc.o
ADC_AnalogWatchdog2SingleChannelConfig            Libraries\STM32F30x_StdPeriph_Driver\src\stm32f30x_adc.o
ADC_AnalogWatchdog2ThresholdsConfig               Libraries\STM32F30x_StdPeriph_Driver\src\stm32f30x_adc.o
ADC_AnalogWatchdog3SingleChannelConfig            Libraries\STM32F30x_StdPeriph_Driver\src\stm32f30x_adc.o
ADC_AnalogWatchdog3ThresholdsConfig               Libraries\STM32F30x_StdPeriph_Driver\src\stm32f30x_adc.o
ADC_AnalogWatchdogCmd                             Libraries\STM32F30x_StdPeriph_Driver\src\stm32f30x_adc.o
ADC_AutoDelayCmd                                  Libraries\STM32F30x_StdPeriph_Driver\src\stm32f30x_adc.o
ADC_AutoInjectedConvCmd                           Libraries\STM32F30x_StdPeriph_Driver\src\stm32f30x_adc.o
ADC_ChannelOffset1Cmd                             Libraries\STM32F30x_StdPeriph_Driver\src\stm32f30x_adc.o
ADC_ChannelOffset2Cmd                             Libraries\STM32F30x_StdPeriph_Driver\src\stm32f30x_adc.o
ADC_ChannelOffset3Cmd                             Libraries\STM32F30x_StdPeriph_Driver\src\stm32f30x_adc.o
ADC_ChannelOffset4Cmd                             Libraries\STM32F30x_StdPeriph_Driver\src\stm32f30x_adc.o
ADC_ClearCommonFlag                               Libraries\STM32F30x_StdPeriph_Driver\src\stm32f30x_adc.o
ADC_ClearFlag                                     Libraries\STM32F30x_StdPeriph_Driver\src\stm32f30x_adc.o
ADC_ClearITPendingBit                             Libraries\STM32F30x_StdPeriph_Driver\src\stm32f30x_adc.o
ADC_Cmd                                           Libraries\STM32F30x_StdPeriph_Driver\src\stm32f30x_adc.o
ADC_CommonInit                                    Libraries\STM32F30x_StdPeriph_Driver\src\stm32f30x_adc.o
ADC_CommonStructInit                              Libraries\STM32F30x_StdPeriph_Driver\src\stm32f30x_adc.o
ADC_DMACmd                                        Libraries\STM32F30x_StdPeriph_Driver\src\stm32f30x_adc.o
ADC_DMAConfig                                     Libraries\STM32F30x_StdPeriph_Driver\src\stm32f30x_adc.o
ADC_DeInit                                        Libraries\STM32F30x_StdPeriph_Driver\src\stm32f30x_adc.o
ADC_DisableCmd                                    Libraries\STM32F30x_StdPeriph_Driver\src\stm32f30x_adc.o
ADC_DiscModeChannelCountConfig                    Libraries\STM32F30x_StdPeriph_Driver\src\stm32f30x_adc.o
ADC_DiscModeCmd                                   Libraries\STM32F30x_StdPeriph_Driver\src\stm32f30x_adc.o
ADC_ExternalTriggerConfig                         Libraries\STM32F30x_StdPeriph_Driver\src\stm32f30x_adc.o
ADC_GetCalibrationStatus                          Libraries\STM32F30x_StdPeriph_Driver\src\stm32f30x_adc.o
ADC_GetCalibrationValue                           Libraries\STM32F30x_StdPeriph_Driver\src\stm32f30x_adc.o
ADC_GetCommonFlagStatus                           Libraries\STM32F30x_StdPeriph_Driver\src\stm32f30x_adc.o
ADC_GetConversionValue                            Libraries\STM32F30x_StdPeriph_Driver\src\stm32f30x_adc.o
ADC_GetDisableCmdStatus                           Libraries\STM32F30x_StdPeriph_Driver\src\stm32f30x_adc.o
ADC_GetDualModeConversionValue                    Libraries\STM32F30x_StdPeriph_Driver\src\stm32f30x_adc.o
ADC_GetFlagStatus                                 Libraries\STM32F30x_StdPeriph_Driver\src\stm32f30x_adc.o
ADC_GetITStatus                                   Libraries\STM32F30x_StdPeriph_Driver\src\stm32f30x_adc.o
ADC_GetInjectedConversionValue                    Libraries\STM32F30x_StdPeriph_Driver\src\stm32f30x_adc.o
ADC_GetStartConversionStatus                      Libraries\STM32F30x_StdPeriph_Driver\src\stm32f30x_adc.o
ADC_GetStartInjectedConversionStatus              Libraries\STM32F30x_StdPeriph_Driver\src\stm32f30x_adc.o
ADC_ITConfig                                      Libraries\STM32F30x_StdPeriph_Driver\src\stm32f30x_adc.o
ADC_Init                                          Libraries\STM32F30x_StdPeriph_Driver\src\stm32f30x_adc.o
ADC_InjectedChannelSampleTimeConfig               Libraries\STM32F30x_StdPeriph_Driver\src\stm32f30x_adc.o
ADC_InjectedDiscModeCmd                           Libraries\STM32F30x_StdPeriph_Driver\src\stm32f30x_adc.o
ADC_InjectedInit                                  Libraries\STM32F30x_StdPeriph_Driver\src\stm32f30x_adc.o
ADC_InjectedStructInit                            Libraries\STM32F30x_StdPeriph_Driver\src\stm32f30x_adc.o
ADC_RegularChannelConfig                          Libraries\STM32F30x_StdPeriph_Driver\src\stm32f30x_adc.o
ADC_RegularChannelSequencerLengthConfig           Libraries\STM32F30x_StdPeriph_Driver\src\stm32f30x_adc.o
ADC_SelectCalibrationMode                         Libraries\STM32F30x_StdPeriph_Driver\src\stm32f30x_adc.o
ADC_SelectDifferentialMode                        Libraries\STM32F30x_StdPeriph_Driver\src\stm32f30x_adc.o
ADC_SelectQueueOfContextMode                      Libraries\STM32F30x_StdPeriph_Driver\src\stm32f30x_adc.o
ADC_SetCalibrationValue                           Libraries\STM32F30x_StdPeriph_Driver\src\stm32f30x_adc.o
ADC_SetChannelOffset1                             Libraries\STM32F30x_StdPeriph_Driver\src\stm32f30x_adc.o
ADC_SetChannelOffset2                             Libraries\STM32F30x_StdPeriph_Driver\src\stm32f30x_adc.o
ADC_SetChannelOffset3                             Libraries\STM32F30x_StdPeriph_Driver\src\stm32f30x_adc.o
ADC_SetChannelOffset4                             Libraries\STM32F30x_StdPeriph_Driver\src\stm32f30x_adc.o
ADC_StartCalibration                              Libraries\STM32F30x_StdPeriph_Driver\src\stm32f30x_adc.o
ADC_StartConversion                               Libraries\STM32F30x_StdPeriph_Driver\src\stm32f30x_adc.o
ADC_StartInjectedConversion                       Libraries\STM32F30x_StdPeriph_Driver\src\stm32f30x_adc.o
ADC_StopConversion                                Libraries\STM32F30x_StdPeriph_Driver\src\stm32f30x_adc.o
ADC_StopInjectedConversion                        Libraries\STM32F30x_StdPeriph_Driver\src\stm32f30x_adc.o
ADC_StructInit                                    Libraries\STM32F30x_StdPeriph_Driver\src\stm32f30x_adc.o
ADC_TempSensorCmd                                 Libraries\STM32F30x_StdPeriph_Driver\src\stm32f30x_adc.o
ADC_VbatCmd                                       Libraries\STM32F30x_StdPeriph_Driver\src\stm32f30x_adc.o
ADC_VoltageRegulatorCmd                           Libraries\STM32F30x_StdPeriph_Driver\src\stm32f30x_adc.o
ADC_VrefintCmd                                    Libraries\STM32F30x_StdPeriph_Driver\src\stm32f30x_adc.o
AHBPrescTable                                     src\system_stm32f30x.o
BUTTON_CLK                                        Utilities\STM32F3_Discovery\stm32f3_discovery.o
BUTTON_EXTI_LINE                                  Utilities\STM32F3_Discovery\stm32f3_discovery.o
BUTTON_IRQn                                       Utilities\STM32F3_Discovery\stm32f3_discovery.o
BUTTON_PIN                                        Utilities\STM32F3_Discovery\stm32f3_discovery.o
BUTTON_PIN_SOURCE                                 Utilities\STM32F3_Discovery\stm32f3_discovery.o
BUTTON_PORT                                       Utilities\STM32F3_Discovery\stm32f3_discovery.o
BUTTON_PORT_SOURCE                                Utilities\STM32F3_Discovery\stm32f3_discovery.o
BusFault_Handler                                  src\stm32f30x_it.o
CAN1_RX1_IRQHandler                               src\startup_stm32f30x.o
CAN1_SCE_IRQHandler                               src\startup_stm32f30x.o
CAN_CancelTransmit                                Libraries\STM32F30x_StdPeriph_Driver\src\stm32f30x_can.o
CAN_ClearFlag                                     Libraries\STM32F30x_StdPeriph_Driver\src\stm32f30x_can.o
CAN_ClearITPendingBit                             Libraries\STM32F30x_StdPeriph_Driver\src\stm32f30x_can.o
CAN_DBGFreeze                                     Libraries\STM32F30x_StdPeriph_Driver\src\stm32f30x_can.o
CAN_DeInit                                        Libraries\STM32F30x_StdPeriph_Driver\src\stm32f30x_can.o
CAN_FIFORelease                                   Libraries\STM32F30x_StdPeriph_Driver\src\stm32f30x_can.o
CAN_FilterInit                                    Libraries\STM32F30x_StdPeriph_Driver\src\stm32f30x_can.o
CAN_GetFlagStatus                                 Libraries\STM32F30x_StdPeriph_Driver\src\stm32f30x_can.o
CAN_GetITStatus                                   Libraries\STM32F30x_StdPeriph_Driver\src\stm32f30x_can.o
CAN_GetLSBTransmitErrorCounter                    Libraries\STM32F30x_StdPeriph_Driver\src\stm32f30x_can.o
CAN_GetLastErrorCode                              Libraries\STM32F30x_StdPeriph_Driver\src\stm32f30x_can.o
CAN_GetReceiveErrorCounter                        Libraries\STM32F30x_StdPeriph_Driver\src\stm32f30x_can.o
CAN_ITConfig                                      Libraries\STM32F30x_StdPeriph_Driver\src\stm32f30x_can.o
CAN_Init                                          Libraries\STM32F30x_StdPeriph_Driver\src\stm32f30x_can.o
CAN_MessagePending                                Libraries\STM32F30x_StdPeriph_Driver\src\stm32f30x_can.o
CAN_OperatingModeRequest                          Libraries\STM32F30x_StdPeriph_Driver\src\stm32f30x_can.o
CAN_Receive                                       Libraries\STM32F30x_StdPeriph_Driver\src\stm32f30x_can.o
CAN_SlaveStartBank                                Libraries\STM32F30x_StdPeriph_Driver\src\stm32f30x_can.o
CAN_Sleep                                         Libraries\STM32F30x_StdPeriph_Driver\src\stm32f30x_can.o
CAN_StructInit                                    Libraries\STM32F30x_StdPeriph_Driver\src\stm32f30x_can.o
CAN_TTComModeCmd                                  Libraries\STM32F30x_StdPeriph_Driver\src\stm32f30x_can.o
CAN_Transmit                                      Libraries\STM32F30x_StdPeriph_Driver\src\stm32f30x_can.o
CAN_TransmitStatus                                Libraries\STM32F30x_StdPeriph_Driver\src\stm32f30x_can.o
CAN_WakeUp                                        Libraries\STM32F30x_StdPeriph_Driver\src\stm32f30x_can.o
CLOCK                                             src\main.o
COMP1_2_3_IRQHandler                              src\startup_stm32f30x.o
COMP4_5_6_IRQHandler                              src\startup_stm32f30x.o
COMP7_IRQHandler                                  src\startup_stm32f30x.o
COMP_Cmd                                          Libraries\STM32F30x_StdPeriph_Driver\src\stm32f30x_comp.o
COMP_DeInit                                       Libraries\STM32F30x_StdPeriph_Driver\src\stm32f30x_comp.o
COMP_GetOutputLevel                               Libraries\STM32F30x_StdPeriph_Driver\src\stm32f30x_comp.o
COMP_Init                                         Libraries\STM32F30x_StdPeriph_Driver\src\stm32f30x_comp.o
COMP_LockConfig                                   Libraries\STM32F30x_StdPeriph_Driver\src\stm32f30x_comp.o
COMP_StructInit                                   Libraries\STM32F30x_StdPeriph_Driver\src\stm32f30x_comp.o
COMP_SwitchCmd                                    Libraries\STM32F30x_StdPeriph_Driver\src\stm32f30x_comp.o
COMP_WindowCmd                                    Libraries\STM32F30x_StdPeriph_Driver\src\stm32f30x_comp.o
CRC_CalcBlockCRC                                  Libraries\STM32F30x_StdPeriph_Driver\src\stm32f30x_crc.o
CRC_CalcCRC                                       Libraries\STM32F30x_StdPeriph_Driver\src\stm32f30x_crc.o
CRC_CalcCRC16bits                                 Libraries\STM32F30x_StdPeriph_Driver\src\stm32f30x_crc.o
CRC_CalcCRC8bits                                  Libraries\STM32F30x_StdPeriph_Driver\src\stm32f30x_crc.o
CRC_DeInit                                        Libraries\STM32F30x_StdPeriph_Driver\src\stm32f30x_crc.o
CRC_GetCRC                                        Libraries\STM32F30x_StdPeriph_Driver\src\stm32f30x_crc.o
CRC_GetIDRegister                                 Libraries\STM32F30x_StdPeriph_Driver\src\stm32f30x_crc.o
CRC_PolynomialSizeSelect                          Libraries\STM32F30x_StdPeriph_Driver\src\stm32f30x_crc.o
CRC_ResetDR                                       Libraries\STM32F30x_StdPeriph_Driver\src\stm32f30x_crc.o
CRC_ReverseInputDataSelect                        Libraries\STM32F30x_StdPeriph_Driver\src\stm32f30x_crc.o
CRC_ReverseOutputDataCmd                          Libraries\STM32F30x_StdPeriph_Driver\src\stm32f30x_crc.o
CRC_SetIDRegister                                 Libraries\STM32F30x_StdPeriph_Driver\src\stm32f30x_crc.o
CRC_SetInitRegister                               Libraries\STM32F30x_StdPeriph_Driver\src\stm32f30x_crc.o
CRC_SetPolynomial                                 Libraries\STM32F30x_StdPeriph_Driver\src\stm32f30x_crc.o
DAC_ClearFlag                                     Libraries\STM32F30x_StdPeriph_Driver\src\stm32f30x_dac.o
DAC_ClearITPendingBit                             Libraries\STM32F30x_StdPeriph_Driver\src\stm32f30x_dac.o
DAC_Cmd                                           Libraries\STM32F30x_StdPeriph_Driver\src\stm32f30x_dac.o
DAC_DMACmd                                        Libraries\STM32F30x_StdPeriph_Driver\src\stm32f30x_dac.o
DAC_DeInit                                        Libraries\STM32F30x_StdPeriph_Driver\src\stm32f30x_dac.o
DAC_DualSoftwareTriggerCmd                        Libraries\STM32F30x_StdPeriph_Driver\src\stm32f30x_dac.o
DAC_GetDataOutputValue                            Libraries\STM32F30x_StdPeriph_Driver\src\stm32f30x_dac.o
DAC_GetFlagStatus                                 Libraries\STM32F30x_StdPeriph_Driver\src\stm32f30x_dac.o
DAC_GetITStatus                                   Libraries\STM32F30x_StdPeriph_Driver\src\stm32f30x_dac.o
DAC_ITConfig                                      Libraries\STM32F30x_StdPeriph_Driver\src\stm32f30x_dac.o
DAC_Init                                          Libraries\STM32F30x_StdPeriph_Driver\src\stm32f30x_dac.o
DAC_SetChannel1Data                               Libraries\STM32F30x_StdPeriph_Driver\src\stm32f30x_dac.o
DAC_SetChannel2Data                               Libraries\STM32F30x_StdPeriph_Driver\src\stm32f30x_dac.o
DAC_SetDualChannelData                            Libraries\STM32F30x_StdPeriph_Driver\src\stm32f30x_dac.o
DAC_SoftwareTriggerCmd                            Libraries\STM32F30x_StdPeriph_Driver\src\stm32f30x_dac.o
DAC_StructInit                                    Libraries\STM32F30x_StdPeriph_Driver\src\stm32f30x_dac.o
DAC_WaveGenerationCmd                             Libraries\STM32F30x_StdPeriph_Driver\src\stm32f30x_dac.o
DATA                                              src\main.o
DBGMCU_APB1PeriphConfig                           Libraries\STM32F30x_StdPeriph_Driver\src\stm32f30x_dbgmcu.o
DBGMCU_APB2PeriphConfig                           Libraries\STM32F30x_StdPeriph_Driver\src\stm32f30x_dbgmcu.o
DBGMCU_Config                                     Libraries\STM32F30x_StdPeriph_Driver\src\stm32f30x_dbgmcu.o
DBGMCU_GetDEVID                                   Libraries\STM32F30x_StdPeriph_Driver\src\stm32f30x_dbgmcu.o
DBGMCU_GetREVID                                   Libraries\STM32F30x_StdPeriph_Driver\src\stm32f30x_dbgmcu.o
DMA1_Channel1_IRQHandler                          src\startup_stm32f30x.o
DMA1_Channel2_IRQHandler                          src\startup_stm32f30x.o
DMA1_Channel3_IRQHandler                          src\startup_stm32f30x.o
DMA1_Channel4_IRQHandler                          src\startup_stm32f30x.o
DMA1_Channel5_IRQHandler                          src\startup_stm32f30x.o
DMA1_Channel6_IRQHandler                          src\startup_stm32f30x.o
DMA1_Channel7_IRQHandler                          src\startup_stm32f30x.o
DMA2_Channel1_IRQHandler                          src\startup_stm32f30x.o
DMA2_Channel2_IRQHandler                          src\startup_stm32f30x.o
DMA2_Channel3_IRQHandler                          src\startup_stm32f30x.o
DMA2_Channel4_IRQHandler                          src\startup_stm32f30x.o
DMA2_Channel5_IRQHandler                          src\startup_stm32f30x.o
DMA_ClearFlag                                     Libraries\STM32F30x_StdPeriph_Driver\src\stm32f30x_dma.o
DMA_ClearITPendingBit                             Libraries\STM32F30x_StdPeriph_Driver\src\stm32f30x_dma.o
DMA_Cmd                                           Libraries\STM32F30x_StdPeriph_Driver\src\stm32f30x_dma.o
DMA_DeInit                                        Libraries\STM32F30x_StdPeriph_Driver\src\stm32f30x_dma.o
DMA_GetCurrDataCounter                            Libraries\STM32F30x_StdPeriph_Driver\src\stm32f30x_dma.o
DMA_GetFlagStatus                                 Libraries\STM32F30x_StdPeriph_Driver\src\stm32f30x_dma.o
DMA_GetITStatus                                   Libraries\STM32F30x_StdPeriph_Driver\src\stm32f30x_dma.o
DMA_ITConfig                                      Libraries\STM32F30x_StdPeriph_Driver\src\stm32f30x_dma.o
DMA_Init                                          Libraries\STM32F30x_StdPeriph_Driver\src\stm32f30x_dma.o
DMA_SetCurrDataCounter                            Libraries\STM32F30x_StdPeriph_Driver\src\stm32f30x_dma.o
DMA_StructInit                                    Libraries\STM32F30x_StdPeriph_Driver\src\stm32f30x_dma.o
DebugMon_Handler                                  src\stm32f30x_it.o
Default_Handler                                   src\startup_stm32f30x.o
EVAL_AUDIO_TransferComplete_CallBack              src\stm32f30x_it.o
EXTI0_IRQHandler                                  src\startup_stm32f30x.o
EXTI15_10_IRQHandler                              src\startup_stm32f30x.o
EXTI1_IRQHandler                                  src\startup_stm32f30x.o
EXTI2_TS_IRQHandler                               src\startup_stm32f30x.o
EXTI3_IRQHandler                                  src\startup_stm32f30x.o
EXTI4_IRQHandler                                  src\startup_stm32f30x.o
EXTI9_5_IRQHandler                                src\startup_stm32f30x.o
EXTI_ClearFlag                                    Libraries\STM32F30x_StdPeriph_Driver\src\stm32f30x_exti.o
EXTI_ClearITPendingBit                            Libraries\STM32F30x_StdPeriph_Driver\src\stm32f30x_exti.o
EXTI_DeInit                                       Libraries\STM32F30x_StdPeriph_Driver\src\stm32f30x_exti.o
EXTI_GenerateSWInterrupt                          Libraries\STM32F30x_StdPeriph_Driver\src\stm32f30x_exti.o
EXTI_GetFlagStatus                                Libraries\STM32F30x_StdPeriph_Driver\src\stm32f30x_exti.o
EXTI_GetITStatus                                  Libraries\STM32F30x_StdPeriph_Driver\src\stm32f30x_exti.o
EXTI_Init                                         Libraries\STM32F30x_StdPeriph_Driver\src\stm32f30x_exti.o
                                                  Utilities\STM32F3_Discovery\stm32f3_discovery.o
                                                  Utilities\STM32F3_Discovery\stm32f3_discovery_lsm303dlhc.o
EXTI_StructInit                                   Libraries\STM32F30x_StdPeriph_Driver\src\stm32f30x_exti.o
FLASH_ClearFlag                                   Libraries\STM32F30x_StdPeriph_Driver\src\stm32f30x_flash.o
FLASH_EraseAllPages                               Libraries\STM32F30x_StdPeriph_Driver\src\stm32f30x_flash.o
FLASH_ErasePage                                   Libraries\STM32F30x_StdPeriph_Driver\src\stm32f30x_flash.o
FLASH_GetFlagStatus                               Libraries\STM32F30x_StdPeriph_Driver\src\stm32f30x_flash.o
FLASH_GetStatus                                   Libraries\STM32F30x_StdPeriph_Driver\src\stm32f30x_flash.o
FLASH_HalfCycleAccessCmd                          Libraries\STM32F30x_StdPeriph_Driver\src\stm32f30x_flash.o
FLASH_IRQHandler                                  src\startup_stm32f30x.o
FLASH_ITConfig                                    Libraries\STM32F30x_StdPeriph_Driver\src\stm32f30x_flash.o
FLASH_Lock                                        Libraries\STM32F30x_StdPeriph_Driver\src\stm32f30x_flash.o
FLASH_OB_BOOTConfig                               Libraries\STM32F30x_StdPeriph_Driver\src\stm32f30x_flash.o
FLASH_OB_EnableWRP                                Libraries\STM32F30x_StdPeriph_Driver\src\stm32f30x_flash.o
FLASH_OB_Erase                                    Libraries\STM32F30x_StdPeriph_Driver\src\stm32f30x_flash.o
FLASH_OB_GetRDP                                   Libraries\STM32F30x_StdPeriph_Driver\src\stm32f30x_flash.o
FLASH_OB_GetUser                                  Libraries\STM32F30x_StdPeriph_Driver\src\stm32f30x_flash.o
FLASH_OB_GetWRP                                   Libraries\STM32F30x_StdPeriph_Driver\src\stm32f30x_flash.o
FLASH_OB_Launch                                   Libraries\STM32F30x_StdPeriph_Driver\src\stm32f30x_flash.o
FLASH_OB_Lock                                     Libraries\STM32F30x_StdPeriph_Driver\src\stm32f30x_flash.o
FLASH_OB_RDPConfig                                Libraries\STM32F30x_StdPeriph_Driver\src\stm32f30x_flash.o
FLASH_OB_SRAMParityConfig                         Libraries\STM32F30x_StdPeriph_Driver\src\stm32f30x_flash.o
FLASH_OB_Unlock                                   Libraries\STM32F30x_StdPeriph_Driver\src\stm32f30x_flash.o
FLASH_OB_UserConfig                               Libraries\STM32F30x_StdPeriph_Driver\src\stm32f30x_flash.o
FLASH_OB_VDDAConfig                               Libraries\STM32F30x_StdPeriph_Driver\src\stm32f30x_flash.o
FLASH_OB_WriteUser                                Libraries\STM32F30x_StdPeriph_Driver\src\stm32f30x_flash.o
FLASH_PrefetchBufferCmd                           Libraries\STM32F30x_StdPeriph_Driver\src\stm32f30x_flash.o
FLASH_ProgramHalfWord                             Libraries\STM32F30x_StdPeriph_Driver\src\stm32f30x_flash.o
FLASH_ProgramOptionByteData                       Libraries\STM32F30x_StdPeriph_Driver\src\stm32f30x_flash.o
FLASH_ProgramWord                                 Libraries\STM32F30x_StdPeriph_Driver\src\stm32f30x_flash.o
FLASH_SetLatency                                  Libraries\STM32F30x_StdPeriph_Driver\src\stm32f30x_flash.o
FLASH_Unlock                                      Libraries\STM32F30x_StdPeriph_Driver\src\stm32f30x_flash.o
FLASH_WaitForLastOperation                        Libraries\STM32F30x_StdPeriph_Driver\src\stm32f30x_flash.o
FPU_IRQHandler                                    src\startup_stm32f30x.o
GPIO_CLK                                          Utilities\STM32F3_Discovery\stm32f3_discovery.o
GPIO_DeInit                                       Libraries\STM32F30x_StdPeriph_Driver\src\stm32f30x_gpio.o
GPIO_Init                                         Libraries\STM32F30x_StdPeriph_Driver\src\stm32f30x_gpio.o
                                                  Utilities\STM32F3_Discovery\stm32f3_discovery.o
                                                  Utilities\STM32F3_Discovery\stm32f3_discovery_l3gd20.o
                                                  Utilities\STM32F3_Discovery\stm32f3_discovery_lsm303dlhc.o
                                                  src\io.o
GPIO_PIN                                          Utilities\STM32F3_Discovery\stm32f3_discovery.o
GPIO_PORT                                         Utilities\STM32F3_Discovery\stm32f3_discovery.o
GPIO_PinAFConfig                                  Libraries\STM32F30x_StdPeriph_Driver\src\stm32f30x_gpio.o
                                                  Utilities\STM32F3_Discovery\stm32f3_discovery_l3gd20.o
                                                  Utilities\STM32F3_Discovery\stm32f3_discovery_lsm303dlhc.o
GPIO_PinLockConfig                                Libraries\STM32F30x_StdPeriph_Driver\src\stm32f30x_gpio.o
GPIO_ReadInputData                                Libraries\STM32F30x_StdPeriph_Driver\src\stm32f30x_gpio.o
GPIO_ReadInputDataBit                             Libraries\STM32F30x_StdPeriph_Driver\src\stm32f30x_gpio.o
                                                  Utilities\STM32F3_Discovery\stm32f3_discovery.o
                                                  src\io.o
GPIO_ReadOutputData                               Libraries\STM32F30x_StdPeriph_Driver\src\stm32f30x_gpio.o
GPIO_ReadOutputDataBit                            Libraries\STM32F30x_StdPeriph_Driver\src\stm32f30x_gpio.o
GPIO_ResetBits                                    Libraries\STM32F30x_StdPeriph_Driver\src\stm32f30x_gpio.o
                                                  Utilities\STM32F3_Discovery\stm32f3_discovery_l3gd20.o
GPIO_SetBits                                      Libraries\STM32F30x_StdPeriph_Driver\src\stm32f30x_gpio.o
                                                  Utilities\STM32F3_Discovery\stm32f3_discovery_l3gd20.o
GPIO_StructInit                                   Libraries\STM32F30x_StdPeriph_Driver\src\stm32f30x_gpio.o
GPIO_Write                                        Libraries\STM32F30x_StdPeriph_Driver\src\stm32f30x_gpio.o
GPIO_WriteBit                                     Libraries\STM32F30x_StdPeriph_Driver\src\stm32f30x_gpio.o
                                                  src\io.o
HardFault_Handler                                 src\stm32f30x_it.o
I2C1_ER_IRQHandler                                src\startup_stm32f30x.o
I2C1_EV_IRQHandler                                src\startup_stm32f30x.o
I2C2_ER_IRQHandler                                src\startup_stm32f30x.o
I2C2_EV_IRQHandler                                src\startup_stm32f30x.o
I2C_10BitAddressHeaderCmd                         Libraries\STM32F30x_StdPeriph_Driver\src\stm32f30x_i2c.o
I2C_10BitAddressingModeCmd                        Libraries\STM32F30x_StdPeriph_Driver\src\stm32f30x_i2c.o
I2C_AcknowledgeConfig                             Libraries\STM32F30x_StdPeriph_Driver\src\stm32f30x_i2c.o
I2C_AutoEndCmd                                    Libraries\STM32F30x_StdPeriph_Driver\src\stm32f30x_i2c.o
I2C_CalculatePEC                                  Libraries\STM32F30x_StdPeriph_Driver\src\stm32f30x_i2c.o
I2C_ClearFlag                                     Libraries\STM32F30x_StdPeriph_Driver\src\stm32f30x_i2c.o
                                                  Utilities\STM32F3_Discovery\stm32f3_discovery_lsm303dlhc.o
I2C_ClearITPendingBit                             Libraries\STM32F30x_StdPeriph_Driver\src\stm32f30x_i2c.o
I2C_ClockTimeoutCmd                               Libraries\STM32F30x_StdPeriph_Driver\src\stm32f30x_i2c.o
I2C_Cmd                                           Libraries\STM32F30x_StdPeriph_Driver\src\stm32f30x_i2c.o
                                                  Utilities\STM32F3_Discovery\stm32f3_discovery_lsm303dlhc.o
I2C_DMACmd                                        Libraries\STM32F30x_StdPeriph_Driver\src\stm32f30x_i2c.o
I2C_DeInit                                        Libraries\STM32F30x_StdPeriph_Driver\src\stm32f30x_i2c.o
I2C_DualAddressCmd                                Libraries\STM32F30x_StdPeriph_Driver\src\stm32f30x_i2c.o
I2C_ExtendedClockTimeoutCmd                       Libraries\STM32F30x_StdPeriph_Driver\src\stm32f30x_i2c.o
I2C_GeneralCallCmd                                Libraries\STM32F30x_StdPeriph_Driver\src\stm32f30x_i2c.o
I2C_GenerateSTART                                 Libraries\STM32F30x_StdPeriph_Driver\src\stm32f30x_i2c.o
I2C_GenerateSTOP                                  Libraries\STM32F30x_StdPeriph_Driver\src\stm32f30x_i2c.o
I2C_GetAddressMatched                             Libraries\STM32F30x_StdPeriph_Driver\src\stm32f30x_i2c.o
I2C_GetFlagStatus                                 Libraries\STM32F30x_StdPeriph_Driver\src\stm32f30x_i2c.o
                                                  Utilities\STM32F3_Discovery\stm32f3_discovery_lsm303dlhc.o
I2C_GetITStatus                                   Libraries\STM32F30x_StdPeriph_Driver\src\stm32f30x_i2c.o
I2C_GetPEC                                        Libraries\STM32F30x_StdPeriph_Driver\src\stm32f30x_i2c.o
I2C_GetTransferDirection                          Libraries\STM32F30x_StdPeriph_Driver\src\stm32f30x_i2c.o
I2C_ITConfig                                      Libraries\STM32F30x_StdPeriph_Driver\src\stm32f30x_i2c.o
I2C_IdleClockTimeoutCmd                           Libraries\STM32F30x_StdPeriph_Driver\src\stm32f30x_i2c.o
I2C_Init                                          Libraries\STM32F30x_StdPeriph_Driver\src\stm32f30x_i2c.o
                                                  Utilities\STM32F3_Discovery\stm32f3_discovery_lsm303dlhc.o
I2C_MasterRequestConfig                           Libraries\STM32F30x_StdPeriph_Driver\src\stm32f30x_i2c.o
I2C_NumberOfBytesConfig                           Libraries\STM32F30x_StdPeriph_Driver\src\stm32f30x_i2c.o
I2C_OwnAddress2Config                             Libraries\STM32F30x_StdPeriph_Driver\src\stm32f30x_i2c.o
I2C_PECRequestCmd                                 Libraries\STM32F30x_StdPeriph_Driver\src\stm32f30x_i2c.o
I2C_ReadRegister                                  Libraries\STM32F30x_StdPeriph_Driver\src\stm32f30x_i2c.o
I2C_ReceiveData                                   Libraries\STM32F30x_StdPeriph_Driver\src\stm32f30x_i2c.o
                                                  Utilities\STM32F3_Discovery\stm32f3_discovery_lsm303dlhc.o
I2C_ReloadCmd                                     Libraries\STM32F30x_StdPeriph_Driver\src\stm32f30x_i2c.o
I2C_SMBusAlertCmd                                 Libraries\STM32F30x_StdPeriph_Driver\src\stm32f30x_i2c.o
I2C_SendData                                      Libraries\STM32F30x_StdPeriph_Driver\src\stm32f30x_i2c.o
                                                  Utilities\STM32F3_Discovery\stm32f3_discovery_lsm303dlhc.o
I2C_SlaveAddressConfig                            Libraries\STM32F30x_StdPeriph_Driver\src\stm32f30x_i2c.o
I2C_SlaveByteControlCmd                           Libraries\STM32F30x_StdPeriph_Driver\src\stm32f30x_i2c.o
I2C_SoftwareResetCmd                              Libraries\STM32F30x_StdPeriph_Driver\src\stm32f30x_i2c.o
I2C_StopModeCmd                                   Libraries\STM32F30x_StdPeriph_Driver\src\stm32f30x_i2c.o
I2C_StretchClockCmd                               Libraries\STM32F30x_StdPeriph_Driver\src\stm32f30x_i2c.o
I2C_StructInit                                    Libraries\STM32F30x_StdPeriph_Driver\src\stm32f30x_i2c.o
I2C_TimeoutAConfig                                Libraries\STM32F30x_StdPeriph_Driver\src\stm32f30x_i2c.o
I2C_TimeoutBConfig                                Libraries\STM32F30x_StdPeriph_Driver\src\stm32f30x_i2c.o
I2C_TransferHandling                              Libraries\STM32F30x_StdPeriph_Driver\src\stm32f30x_i2c.o
                                                  Utilities\STM32F3_Discovery\stm32f3_discovery_lsm303dlhc.o
I2S_Cmd                                           Libraries\STM32F30x_StdPeriph_Driver\src\stm32f30x_spi.o
I2S_FullDuplexConfig                              Libraries\STM32F30x_StdPeriph_Driver\src\stm32f30x_spi.o
I2S_Init                                          Libraries\STM32F30x_StdPeriph_Driver\src\stm32f30x_spi.o
I2S_StructInit                                    Libraries\STM32F30x_StdPeriph_Driver\src\stm32f30x_spi.o
IWDG_Enable                                       Libraries\STM32F30x_StdPeriph_Driver\src\stm32f30x_iwdg.o
IWDG_GetFlagStatus                                Libraries\STM32F30x_StdPeriph_Driver\src\stm32f30x_iwdg.o
IWDG_ReloadCounter                                Libraries\STM32F30x_StdPeriph_Driver\src\stm32f30x_iwdg.o
IWDG_SetPrescaler                                 Libraries\STM32F30x_StdPeriph_Driver\src\stm32f30x_iwdg.o
IWDG_SetReload                                    Libraries\STM32F30x_StdPeriph_Driver\src\stm32f30x_iwdg.o
IWDG_SetWindowValue                               Libraries\STM32F30x_StdPeriph_Driver\src\stm32f30x_iwdg.o
IWDG_WriteAccessCmd                               Libraries\STM32F30x_StdPeriph_Driver\src\stm32f30x_iwdg.o
L3GD20Timeout                                     Utilities\STM32F3_Discovery\stm32f3_discovery_l3gd20.o
L3GD20_FilterCmd                                  Utilities\STM32F3_Discovery\stm32f3_discovery_l3gd20.o
L3GD20_FilterConfig                               Utilities\STM32F3_Discovery\stm32f3_discovery_l3gd20.o
L3GD20_GetDataStatus                              Utilities\STM32F3_Discovery\stm32f3_discovery_l3gd20.o
L3GD20_INT1InterruptCmd                           Utilities\STM32F3_Discovery\stm32f3_discovery_l3gd20.o
L3GD20_INT1InterruptConfig                        Utilities\STM32F3_Discovery\stm32f3_discovery_l3gd20.o
L3GD20_INT2InterruptCmd                           Utilities\STM32F3_Discovery\stm32f3_discovery_l3gd20.o
L3GD20_Init                                       Utilities\STM32F3_Discovery\stm32f3_discovery_l3gd20.o
L3GD20_Read                                       Utilities\STM32F3_Discovery\stm32f3_discovery_l3gd20.o
L3GD20_RebootCmd                                  Utilities\STM32F3_Discovery\stm32f3_discovery_l3gd20.o
L3GD20_TIMEOUT_UserCallback                       Utilities\STM32F3_Discovery\stm32f3_discovery_l3gd20.o
L3GD20_Write                                      Utilities\STM32F3_Discovery\stm32f3_discovery_l3gd20.o
LATCH                                             src\main.o
LED_Dirty                                         src\io.o
LSM303DLHC_AccClickITConfig                       Utilities\STM32F3_Discovery\stm32f3_discovery_lsm303dlhc.o
LSM303DLHC_AccFilterClickCmd                      Utilities\STM32F3_Discovery\stm32f3_discovery_lsm303dlhc.o
LSM303DLHC_AccFilterCmd                           Utilities\STM32F3_Discovery\stm32f3_discovery_lsm303dlhc.o
LSM303DLHC_AccFilterConfig                        Utilities\STM32F3_Discovery\stm32f3_discovery_lsm303dlhc.o
LSM303DLHC_AccGetDataStatus                       Utilities\STM32F3_Discovery\stm32f3_discovery_lsm303dlhc.o
LSM303DLHC_AccINT1InterruptConfig                 Utilities\STM32F3_Discovery\stm32f3_discovery_lsm303dlhc.o
LSM303DLHC_AccINT2InterruptConfig                 Utilities\STM32F3_Discovery\stm32f3_discovery_lsm303dlhc.o
LSM303DLHC_AccIT1Config                           Utilities\STM32F3_Discovery\stm32f3_discovery_lsm303dlhc.o
LSM303DLHC_AccIT2Config                           Utilities\STM32F3_Discovery\stm32f3_discovery_lsm303dlhc.o
LSM303DLHC_AccInit                                Utilities\STM32F3_Discovery\stm32f3_discovery_lsm303dlhc.o
LSM303DLHC_AccRebootCmd                           Utilities\STM32F3_Discovery\stm32f3_discovery_lsm303dlhc.o
LSM303DLHC_MagGetDataStatus                       Utilities\STM32F3_Discovery\stm32f3_discovery_lsm303dlhc.o
LSM303DLHC_MagInit                                Utilities\STM32F3_Discovery\stm32f3_discovery_lsm303dlhc.o
LSM303DLHC_Read                                   Utilities\STM32F3_Discovery\stm32f3_discovery_lsm303dlhc.o
LSM303DLHC_TIMEOUT_UserCallback                   Utilities\STM32F3_Discovery\stm32f3_discovery_lsm303dlhc.o
LSM303DLHC_Timeout                                Utilities\STM32F3_Discovery\stm32f3_discovery_lsm303dlhc.o
LSM303DLHC_Write                                  Utilities\STM32F3_Discovery\stm32f3_discovery_lsm303dlhc.o
MemManage_Handler                                 src\stm32f30x_it.o
NMI_Handler                                       src\stm32f30x_it.o
NVIC_Init                                         Libraries\STM32F30x_StdPeriph_Driver\src\stm32f30x_misc.o
                                                  Utilities\STM32F3_Discovery\stm32f3_discovery.o
                                                  src\timer.o
NVIC_PriorityGroupConfig                          Libraries\STM32F30x_StdPeriph_Driver\src\stm32f30x_misc.o
NVIC_SetVectorTable                               Libraries\STM32F30x_StdPeriph_Driver\src\stm32f30x_misc.o
NVIC_SystemLPConfig                               Libraries\STM32F30x_StdPeriph_Driver\src\stm32f30x_misc.o
OPAMP_Cmd                                         Libraries\STM32F30x_StdPeriph_Driver\src\stm32f30x_opamp.o
OPAMP_DeInit                                      Libraries\STM32F30x_StdPeriph_Driver\src\stm32f30x_opamp.o
OPAMP_GetOutputLevel                              Libraries\STM32F30x_StdPeriph_Driver\src\stm32f30x_opamp.o
OPAMP_Init                                        Libraries\STM32F30x_StdPeriph_Driver\src\stm32f30x_opamp.o
OPAMP_LockConfig                                  Libraries\STM32F30x_StdPeriph_Driver\src\stm32f30x_opamp.o
OPAMP_OffsetTrimConfig                            Libraries\STM32F30x_StdPeriph_Driver\src\stm32f30x_opamp.o
OPAMP_OffsetTrimModeSelect                        Libraries\STM32F30x_StdPeriph_Driver\src\stm32f30x_opamp.o
OPAMP_PGAConfig                                   Libraries\STM32F30x_StdPeriph_Driver\src\stm32f30x_opamp.o
OPAMP_StartCalibration                            Libraries\STM32F30x_StdPeriph_Driver\src\stm32f30x_opamp.o
OPAMP_StructInit                                  Libraries\STM32F30x_StdPeriph_Driver\src\stm32f30x_opamp.o
OPAMP_TimerControlledMuxCmd                       Libraries\STM32F30x_StdPeriph_Driver\src\stm32f30x_opamp.o
OPAMP_TimerControlledMuxConfig                    Libraries\STM32F30x_StdPeriph_Driver\src\stm32f30x_opamp.o
OPAMP_VrefConfig                                  Libraries\STM32F30x_StdPeriph_Driver\src\stm32f30x_opamp.o
OPAMP_VrefConnectADCCmd                           Libraries\STM32F30x_StdPeriph_Driver\src\stm32f30x_opamp.o
OPAMP_VrefConnectNonInvertingInput                Libraries\STM32F30x_StdPeriph_Driver\src\stm32f30x_opamp.o
PVD_IRQHandler                                    src\startup_stm32f30x.o
PWR_BackupAccessCmd                               Libraries\STM32F30x_StdPeriph_Driver\src\stm32f30x_pwr.o
PWR_ClearFlag                                     Libraries\STM32F30x_StdPeriph_Driver\src\stm32f30x_pwr.o
PWR_DeInit                                        Libraries\STM32F30x_StdPeriph_Driver\src\stm32f30x_pwr.o
PWR_EnterSTANDBYMode                              Libraries\STM32F30x_StdPeriph_Driver\src\stm32f30x_pwr.o
PWR_EnterSTOPMode                                 Libraries\STM32F30x_StdPeriph_Driver\src\stm32f30x_pwr.o
PWR_EnterSleepMode                                Libraries\STM32F30x_StdPeriph_Driver\src\stm32f30x_pwr.o
PWR_GetFlagStatus                                 Libraries\STM32F30x_StdPeriph_Driver\src\stm32f30x_pwr.o
PWR_PVDCmd                                        Libraries\STM32F30x_StdPeriph_Driver\src\stm32f30x_pwr.o
PWR_PVDLevelConfig                                Libraries\STM32F30x_StdPeriph_Driver\src\stm32f30x_pwr.o
PWR_WakeUpPinCmd                                  Libraries\STM32F30x_StdPeriph_Driver\src\stm32f30x_pwr.o
PendSV_Handler                                    src\stm32f30x_it.o
RCC_ADCCLKConfig                                  Libraries\STM32F30x_StdPeriph_Driver\src\stm32f30x_rcc.o
RCC_AHBPeriphClockCmd                             Libraries\STM32F30x_StdPeriph_Driver\src\stm32f30x_rcc.o
                                                  Utilities\STM32F3_Discovery\stm32f3_discovery.o
                                                  Utilities\STM32F3_Discovery\stm32f3_discovery_l3gd20.o
                                                  Utilities\STM32F3_Discovery\stm32f3_discovery_lsm303dlhc.o
                                                  src\io.o
RCC_AHBPeriphResetCmd                             Libraries\STM32F30x_StdPeriph_Driver\src\stm32f30x_rcc.o
                                                  Libraries\STM32F30x_StdPeriph_Driver\src\stm32f30x_adc.o
                                                  Libraries\STM32F30x_StdPeriph_Driver\src\stm32f30x_gpio.o
RCC_APB1PeriphClockCmd                            Libraries\STM32F30x_StdPeriph_Driver\src\stm32f30x_rcc.o
                                                  Utilities\STM32F3_Discovery\stm32f3_discovery_lsm303dlhc.o
                                                  src\timer.o
RCC_APB1PeriphResetCmd                            Libraries\STM32F30x_StdPeriph_Driver\src\stm32f30x_rcc.o
                                                  Libraries\STM32F30x_StdPeriph_Driver\src\stm32f30x_can.o
                                                  Libraries\STM32F30x_StdPeriph_Driver\src\stm32f30x_dac.o
                                                  Libraries\STM32F30x_StdPeriph_Driver\src\stm32f30x_i2c.o
                                                  Libraries\STM32F30x_StdPeriph_Driver\src\stm32f30x_pwr.o
                                                  Libraries\STM32F30x_StdPeriph_Driver\src\stm32f30x_spi.o
                                                  Libraries\STM32F30x_StdPeriph_Driver\src\stm32f30x_tim.o
                                                  Libraries\STM32F30x_StdPeriph_Driver\src\stm32f30x_usart.o
                                                  Libraries\STM32F30x_StdPeriph_Driver\src\stm32f30x_wwdg.o
RCC_APB2PeriphClockCmd                            Libraries\STM32F30x_StdPeriph_Driver\src\stm32f30x_rcc.o
                                                  Utilities\STM32F3_Discovery\stm32f3_discovery.o
                                                  Utilities\STM32F3_Discovery\stm32f3_discovery_l3gd20.o
                                                  src\timer.o
RCC_APB2PeriphResetCmd                            Libraries\STM32F30x_StdPeriph_Driver\src\stm32f30x_rcc.o
                                                  Libraries\STM32F30x_StdPeriph_Driver\src\stm32f30x_spi.o
                                                  Libraries\STM32F30x_StdPeriph_Driver\src\stm32f30x_tim.o
                                                  Libraries\STM32F30x_StdPeriph_Driver\src\stm32f30x_usart.o
RCC_AdjustHSICalibrationValue                     Libraries\STM32F30x_StdPeriph_Driver\src\stm32f30x_rcc.o
RCC_BackupResetCmd                                Libraries\STM32F30x_StdPeriph_Driver\src\stm32f30x_rcc.o
RCC_ClearFlag                                     Libraries\STM32F30x_StdPeriph_Driver\src\stm32f30x_rcc.o
RCC_ClearITPendingBit                             Libraries\STM32F30x_StdPeriph_Driver\src\stm32f30x_rcc.o
RCC_ClockSecuritySystemCmd                        Libraries\STM32F30x_StdPeriph_Driver\src\stm32f30x_rcc.o
RCC_DeInit                                        Libraries\STM32F30x_StdPeriph_Driver\src\stm32f30x_rcc.o
RCC_GetClocksFreq                                 Libraries\STM32F30x_StdPeriph_Driver\src\stm32f30x_rcc.o
                                                  Libraries\STM32F30x_StdPeriph_Driver\src\stm32f30x_spi.o
                                                  Libraries\STM32F30x_StdPeriph_Driver\src\stm32f30x_usart.o
RCC_GetFlagStatus                                 Libraries\STM32F30x_StdPeriph_Driver\src\stm32f30x_rcc.o
RCC_GetITStatus                                   Libraries\STM32F30x_StdPeriph_Driver\src\stm32f30x_rcc.o
RCC_GetSYSCLKSource                               Libraries\STM32F30x_StdPeriph_Driver\src\stm32f30x_rcc.o
RCC_HCLKConfig                                    Libraries\STM32F30x_StdPeriph_Driver\src\stm32f30x_rcc.o
RCC_HSEConfig                                     Libraries\STM32F30x_StdPeriph_Driver\src\stm32f30x_rcc.o
RCC_HSICmd                                        Libraries\STM32F30x_StdPeriph_Driver\src\stm32f30x_rcc.o
RCC_I2CCLKConfig                                  Libraries\STM32F30x_StdPeriph_Driver\src\stm32f30x_rcc.o
RCC_I2SCLKConfig                                  Libraries\STM32F30x_StdPeriph_Driver\src\stm32f30x_rcc.o
RCC_IRQHandler                                    src\startup_stm32f30x.o
RCC_ITConfig                                      Libraries\STM32F30x_StdPeriph_Driver\src\stm32f30x_rcc.o
RCC_LSEConfig                                     Libraries\STM32F30x_StdPeriph_Driver\src\stm32f30x_rcc.o
RCC_LSEDriveConfig                                Libraries\STM32F30x_StdPeriph_Driver\src\stm32f30x_rcc.o
RCC_LSICmd                                        Libraries\STM32F30x_StdPeriph_Driver\src\stm32f30x_rcc.o
RCC_MCOConfig                                     Libraries\STM32F30x_StdPeriph_Driver\src\stm32f30x_rcc.o
RCC_PCLK1Config                                   Libraries\STM32F30x_StdPeriph_Driver\src\stm32f30x_rcc.o
RCC_PCLK2Config                                   Libraries\STM32F30x_StdPeriph_Driver\src\stm32f30x_rcc.o