16:22:03 **** Incremental Build of configuration Debug for project test ****
Info: Internal Builder is used for build
arm-atollic-eabi-gcc -c -mthumb -mcpu=cortex-m4 -mfloat-abi=hard -mfpu=fpv4-sp-d16 -std=gnu90 -DUSE_STM32F3_DISCOVERY -DHSE_VALUE=8000000 -DSTM32F30X -DUSE_STDPERIPH_DRIVER -I../src -I..\Libraries\CMSIS\Include -I..\Libraries\CMSIS\Device\ST\STM32F30x\Include -I..\Libraries\STM32F30x_StdPeriph_Driver\inc -I../Utilities/STM32F3_Discovery -O0 -ffunction-sections -fdata-sections -g -Wall -o src\main.o ..\src\main.c 
..\src\main.c: In function 'main':
..\src\main.c:215:7: warning: unused variable 'on' [-Wunused-variable]
..\src\main.c:169:12: warning: variable 'ii' set but not used [-Wunused-but-set-variable]
arm-atollic-eabi-gcc -c -mthumb -mcpu=cortex-m4 -mfloat-abi=hard -mfpu=fpv4-sp-d16 -std=gnu90 -DUSE_STM32F3_DISCOVERY -DHSE_VALUE=8000000 -DSTM32F30X -DUSE_STDPERIPH_DRIVER -I../src -I..\Libraries\CMSIS\Include -I..\Libraries\CMSIS\Device\ST\STM32F30x\Include -I..\Libraries\STM32F30x_StdPeriph_Driver\inc -I../Utilities/STM32F3_Discovery -O0 -ffunction-sections -fdata-sections -g -Wall -o Libraries\STM32F30x_StdPeriph_Driver\src\stm32f30x_usart.o ..\Libraries\STM32F30x_StdPeriph_Driver\src\stm32f30x_usart.c 
arm-atollic-eabi-gcc -c -mthumb -mcpu=cortex-m4 -mfloat-abi=hard -mfpu=fpv4-sp-d16 -std=gnu90 -DUSE_STM32F3_DISCOVERY -DHSE_VALUE=8000000 -DSTM32F30X -DUSE_STDPERIPH_DRIVER -I../src -I..\Libraries\CMSIS\Include -I..\Libraries\CMSIS\Device\ST\STM32F30x\Include -I..\Libraries\STM32F30x_StdPeriph_Driver\inc -I../Utilities/STM32F3_Discovery -O0 -ffunction-sections -fdata-sections -g -Wall -o Libraries\STM32F30x_StdPeriph_Driver\src\stm32f30x_dac.o ..\Libraries\STM32F30x_StdPeriph_Driver\src\stm32f30x_dac.c 
arm-atollic-eabi-gcc -c -mthumb -mcpu=cortex-m4 -mfloat-abi=hard -mfpu=fpv4-sp-d16 -std=gnu90 -DUSE_STM32F3_DISCOVERY -DHSE_VALUE=8000000 -DSTM32F30X -DUSE_STDPERIPH_DRIVER -I../src -I..\Libraries\CMSIS\Include -I..\Libraries\CMSIS\Device\ST\STM32F30x\Include -I..\Libraries\STM32F30x_StdPeriph_Driver\inc -I../Utilities/STM32F3_Discovery -O0 -ffunction-sections -fdata-sections -g -Wall -o src\tiny_printf.o ..\src\tiny_printf.c 
arm-atollic-eabi-gcc -c -mthumb -mcpu=cortex-m4 -mfloat-abi=hard -mfpu=fpv4-sp-d16 -std=gnu90 -DUSE_STM32F3_DISCOVERY -DHSE_VALUE=8000000 -DSTM32F30X -DUSE_STDPERIPH_DRIVER -I../src -I..\Libraries\CMSIS\Include -I..\Libraries\CMSIS\Device\ST\STM32F30x\Include -I..\Libraries\STM32F30x_StdPeriph_Driver\inc -I../Utilities/STM32F3_Discovery -O0 -ffunction-sections -fdata-sections -g -Wall -o Libraries\STM32F30x_StdPeriph_Driver\src\stm32f30x_opamp.o ..\Libraries\STM32F30x_StdPeriph_Driver\src\stm32f30x_opamp.c 
arm-atollic-eabi-gcc -c -mthumb -mcpu=cortex-m4 -mfloat-abi=hard -mfpu=fpv4-sp-d16 -std=gnu90 -DUSE_STM32F3_DISCOVERY -DHSE_VALUE=8000000 -DSTM32F30X -DUSE_STDPERIPH_DRIVER -I../src -I..\Libraries\CMSIS\Include -I..\Libraries\CMSIS\Device\ST\STM32F30x\Include -I..\Libraries\STM32F30x_StdPeriph_Driver\inc -I../Utilities/STM32F3_Discovery -O0 -ffunction-sections -fdata-sections -g -Wall -o Libraries\STM32F30x_StdPeriph_Driver\src\stm32f30x_dma.o ..\Libraries\STM32F30x_StdPeriph_Driver\src\stm32f30x_dma.c 
arm-atollic-eabi-gcc -c -mthumb -mcpu=cortex-m4 -mfloat-abi=hard -mfpu=fpv4-sp-d16 -g -Wa,--warn -x assembler-with-cpp -o src\startup_stm32f30x.o ..\src\startup_stm32f30x.s 
arm-atollic-eabi-gcc -c -mthumb -mcpu=cortex-m4 -mfloat-abi=hard -mfpu=fpv4-sp-d16 -std=gnu90 -DUSE_STM32F3_DISCOVERY -DHSE_VALUE=8000000 -DSTM32F30X -DUSE_STDPERIPH_DRIVER -I../src -I..\Libraries\CMSIS\Include -I..\Libraries\CMSIS\Device\ST\STM32F30x\Include -I..\Libraries\STM32F30x_StdPeriph_Driver\inc -I../Utilities/STM32F3_Discovery -O0 -ffunction-sections -fdata-sections -g -Wall -o Libraries\STM32F30x_StdPeriph_Driver\src\stm32f30x_wwdg.o ..\Libraries\STM32F30x_StdPeriph_Driver\src\stm32f30x_wwdg.c 
arm-atollic-eabi-gcc -c -mthumb -mcpu=cortex-m4 -mfloat-abi=hard -mfpu=fpv4-sp-d16 -std=gnu90 -DUSE_STM32F3_DISCOVERY -DHSE_VALUE=8000000 -DSTM32F30X -DUSE_STDPERIPH_DRIVER -I../src -I..\Libraries\CMSIS\Include -I..\Libraries\CMSIS\Device\ST\STM32F30x\Include -I..\Libraries\STM32F30x_StdPeriph_Driver\inc -I../Utilities/STM32F3_Discovery -O0 -ffunction-sections -fdata-sections -g -Wall -o Libraries\STM32F30x_StdPeriph_Driver\src\stm32f30x_pwr.o ..\Libraries\STM32F30x_StdPeriph_Driver\src\stm32f30x_pwr.c 
arm-atollic-eabi-gcc -c -mthumb -mcpu=cortex-m4 -mfloat-abi=hard -mfpu=fpv4-sp-d16 -std=gnu90 -DUSE_STM32F3_DISCOVERY -DHSE_VALUE=8000000 -DSTM32F30X -DUSE_STDPERIPH_DRIVER -I../src -I..\Libraries\CMSIS\Include -I..\Libraries\CMSIS\Device\ST\STM32F30x\Include -I..\Libraries\STM32F30x_StdPeriph_Driver\inc -I../Utilities/STM32F3_Discovery -O0 -ffunction-sections -fdata-sections -g -Wall -o Libraries\STM32F30x_StdPeriph_Driver\src\stm32f30x_crc.o ..\Libraries\STM32F30x_StdPeriph_Driver\src\stm32f30x_crc.c 
arm-atollic-eabi-gcc -c -mthumb -mcpu=cortex-m4 -mfloat-abi=hard -mfpu=fpv4-sp-d16 -std=gnu90 -DUSE_STM32F3_DISCOVERY -DHSE_VALUE=8000000 -DSTM32F30X -DUSE_STDPERIPH_DRIVER -I../src -I..\Libraries\CMSIS\Include -I..\Libraries\CMSIS\Device\ST\STM32F30x\Include -I..\Libraries\STM32F30x_StdPeriph_Driver\inc -I../Utilities/STM32F3_Discovery -O0 -ffunction-sections -fdata-sections -g -Wall -o Libraries\STM32F30x_StdPeriph_Driver\src\stm32f30x_comp.o ..\Libraries\STM32F30x_StdPeriph_Driver\src\stm32f30x_comp.c 
arm-atollic-eabi-gcc -c -mthumb -mcpu=cortex-m4 -mfloat-abi=hard -mfpu=fpv4-sp-d16 -std=gnu90 -DUSE_STM32F3_DISCOVERY -DHSE_VALUE=8000000 -DSTM32F30X -DUSE_STDPERIPH_DRIVER -I../src -I..\Libraries\CMSIS\Include -I..\Libraries\CMSIS\Device\ST\STM32F30x\Include -I..\Libraries\STM32F30x_StdPeriph_Driver\inc -I../Utilities/STM32F3_Discovery -O0 -ffunction-sections -fdata-sections -g -Wall -o src\system_stm32f30x.o ..\src\system_stm32f30x.c 
arm-atollic-eabi-gcc -c -mthumb -mcpu=cortex-m4 -mfloat-abi=hard -mfpu=fpv4-sp-d16 -std=gnu90 -DUSE_STM32F3_DISCOVERY -DHSE_VALUE=8000000 -DSTM32F30X -DUSE_STDPERIPH_DRIVER -I../src -I..\Libraries\CMSIS\Include -I..\Libraries\CMSIS\Device\ST\STM32F30x\Include -I..\Libraries\STM32F30x_StdPeriph_Driver\inc -I../Utilities/STM32F3_Discovery -O0 -ffunction-sections -fdata-sections -g -Wall -o src\stm32f30x_it.o ..\src\stm32f30x_it.c 
arm-atollic-eabi-gcc src\tiny_printf.o src\system_stm32f30x.o src\stm32f30x_it.o src\startup_stm32f30x.o src\main.o Utilities\STM32F3_Discovery\stm32f3_discovery_lsm303dlhc.o Utilities\STM32F3_Discovery\stm32f3_discovery_l3gd20.o Utilities\STM32F3_Discovery\stm32f3_discovery.o Libraries\STM32F30x_StdPeriph_Driver\src\stm32f30x_wwdg.o Libraries\STM32F30x_StdPeriph_Driver\src\stm32f30x_usart.o Libraries\STM32F30x_StdPeriph_Driver\src\stm32f30x_tim.o Libraries\STM32F30x_StdPeriph_Driver\src\stm32f30x_syscfg.o Libraries\STM32F30x_StdPeriph_Driver\src\stm32f30x_spi.o Libraries\STM32F30x_StdPeriph_Driver\src\stm32f30x_rtc.o Libraries\STM32F30x_StdPeriph_Driver\src\stm32f30x_rcc.o Libraries\STM32F30x_StdPeriph_Driver\src\stm32f30x_pwr.o Libraries\STM32F30x_StdPeriph_Driver\src\stm32f30x_opamp.o Libraries\STM32F30x_StdPeriph_Driver\src\stm32f30x_misc.o Libraries\STM32F30x_StdPeriph_Driver\src\stm32f30x_iwdg.o Libraries\STM32F30x_StdPeriph_Driver\src\stm32f30x_i2c.o Libraries\STM32F30x_StdPeriph_Driver\src\stm32f30x_gpio.o Libraries\STM32F30x_StdPeriph_Driver\src\stm32f30x_flash.o Libraries\STM32F30x_StdPeriph_Driver\src\stm32f30x_exti.o Libraries\STM32F30x_StdPeriph_Driver\src\stm32f30x_dma.o Libraries\STM32F30x_StdPeriph_Driver\src\stm32f30x_dbgmcu.o Libraries\STM32F30x_StdPeriph_Driver\src\stm32f30x_dac.o Libraries\STM32F30x_StdPeriph_Driver\src\stm32f30x_crc.o Libraries\STM32F30x_StdPeriph_Driver\src\stm32f30x_comp.o Libraries\STM32F30x_StdPeriph_Driver\src\stm32f30x_can.o Libraries\STM32F30x_StdPeriph_Driver\src\stm32f30x_adc.o -o test.elf -mthumb -mcpu=cortex-m4 -mfloat-abi=hard -mfpu=fpv4-sp-d16 -T..\stm32f30_flash.ld -Wl,--start-group -lc_s -lm -Wl,--end-group -static -Wl,-cref,-u,Reset_Handler -Wl,-Map=test.map -Wl,--gc-sections -Wl,--defsym=malloc_getpagesize_P=0x1000 
D:\programs\TrueSTUDIO for ARM Lite 5.0.0\ide\jre\bin\java -jar D:\programs\TrueSTUDIO for ARM Lite 5.0.0\Tools\arm-atollic-reports.jar sizeinfo test.elf 
Generate build reports...
Print size information
   text	   data	    bss	    dec	    hex	filename
   5736	     68	    556	   6360	   18d8	test.elf
Print size information done
Generate build reports done
16:34:32 **** Incremental Build of configuration Debug for project test ****
Info: Internal Builder is used for build
arm-atollic-eabi-gcc -c -mthumb -mcpu=cortex-m4 -mfloat-abi=hard -mfpu=fpv4-sp-d16 -std=gnu90 -DUSE_STM32F3_DISCOVERY -DHSE_VALUE=8000000 -DSTM32F30X -DUSE_STDPERIPH_DRIVER -I../src -I..\Libraries\CMSIS\Include -I..\Libraries\CMSIS\Device\ST\STM32F30x\Include -I..\Libraries\STM32F30x_StdPeriph_Driver\inc -I../Utilities/STM32F3_Discovery -O0 -ffunction-sections -fdata-sections -g -Wall -o src\main.o ..\src\main.c 
..\src\main.c: In function 'main':
..\src\main.c:174:25: error: 'RCC_AHBPeriph_GPIODA' undeclared (first use in this function)
..\src\main.c:174:25: note: each undeclared identifier is reported only once for each function it appears in
..\src\main.c:220:7: error: redeclaration of 'i' with no linkage
..\src\main.c:184:7: note: previous declaration of 'i' was here
..\src\main.c:221:7: warning: unused variable 'on' [-Wunused-variable]
