20:16:53 **** Incremental Build of configuration Debug for project test ****
Info: Internal Builder is used for build
arm-atollic-eabi-gcc -c -mthumb -mcpu=cortex-m4 -mfloat-abi=hard -mfpu=fpv4-sp-d16 -std=gnu1x -DUSE_STM32F3_DISCOVERY -DHSE_VALUE=8000000 -DSTM32F30X -DUSE_STDPERIPH_DRIVER -I../src -I..\Libraries\CMSIS\Include -I..\Libraries\CMSIS\Device\ST\STM32F30x\Include -I..\Libraries\STM32F30x_StdPeriph_Driver\inc -I../Utilities/STM32F3_Discovery -O0 -ffunction-sections -fdata-sections -g -Wall -Wextra -Wmissing-include-dirs -Wswitch-enum -o Libraries\STM32F30x_StdPeriph_Driver\src\stm32f30x_can.o ..\Libraries\STM32F30x_StdPeriph_Driver\src\stm32f30x_can.c 
..\Libraries\STM32F30x_StdPeriph_Driver\src\stm32f30x_can.c: In function 'CAN_DeInit':
..\Libraries\STM32F30x_StdPeriph_Driver\src\stm32f30x_can.c:152:30: warning: unused parameter 'CANx' [-Wunused-parameter]
arm-atollic-eabi-gcc -c -mthumb -mcpu=cortex-m4 -mfloat-abi=hard -mfpu=fpv4-sp-d16 -std=gnu1x -DUSE_STM32F3_DISCOVERY -DHSE_VALUE=8000000 -DSTM32F30X -DUSE_STDPERIPH_DRIVER -I../src -I..\Libraries\CMSIS\Include -I..\Libraries\CMSIS\Device\ST\STM32F30x\Include -I..\Libraries\STM32F30x_StdPeriph_Driver\inc -I../Utilities/STM32F3_Discovery -O0 -ffunction-sections -fdata-sections -g -Wall -Wextra -Wmissing-include-dirs -Wswitch-enum -o Libraries\STM32F30x_StdPeriph_Driver\src\stm32f30x_pwr.o ..\Libraries\STM32F30x_StdPeriph_Driver\src\stm32f30x_pwr.c 
arm-atollic-eabi-gcc -c -mthumb -mcpu=cortex-m4 -mfloat-abi=hard -mfpu=fpv4-sp-d16 -std=gnu1x -DUSE_STM32F3_DISCOVERY -DHSE_VALUE=8000000 -DSTM32F30X -DUSE_STDPERIPH_DRIVER -I../src -I..\Libraries\CMSIS\Include -I..\Libraries\CMSIS\Device\ST\STM32F30x\Include -I..\Libraries\STM32F30x_StdPeriph_Driver\inc -I../Utilities/STM32F3_Discovery -O0 -ffunction-sections -fdata-sections -g -Wall -Wextra -Wmissing-include-dirs -Wswitch-enum -o Libraries\STM32F30x_StdPeriph_Driver\src\stm32f30x_dbgmcu.o ..\Libraries\STM32F30x_StdPeriph_Driver\src\stm32f30x_dbgmcu.c 
arm-atollic-eabi-gcc -c -mthumb -mcpu=cortex-m4 -mfloat-abi=hard -mfpu=fpv4-sp-d16 -std=gnu1x -DUSE_STM32F3_DISCOVERY -DHSE_VALUE=8000000 -DSTM32F30X -DUSE_STDPERIPH_DRIVER -I../src -I..\Libraries\CMSIS\Include -I..\Libraries\CMSIS\Device\ST\STM32F30x\Include -I..\Libraries\STM32F30x_StdPeriph_Driver\inc -I../Utilities/STM32F3_Discovery -O0 -ffunction-sections -fdata-sections -g -Wall -Wextra -Wmissing-include-dirs -Wswitch-enum -o Libraries\STM32F30x_StdPeriph_Driver\src\stm32f30x_opamp.o ..\Libraries\STM32F30x_StdPeriph_Driver\src\stm32f30x_opamp.c 
arm-atollic-eabi-gcc -c -mthumb -mcpu=cortex-m4 -mfloat-abi=hard -mfpu=fpv4-sp-d16 -std=gnu1x -DUSE_STM32F3_DISCOVERY -DHSE_VALUE=8000000 -DSTM32F30X -DUSE_STDPERIPH_DRIVER -I../src -I..\Libraries\CMSIS\Include -I..\Libraries\CMSIS\Device\ST\STM32F30x\Include -I..\Libraries\STM32F30x_StdPeriph_Driver\inc -I../Utilities/STM32F3_Discovery -O0 -ffunction-sections -fdata-sections -g -Wall -Wextra -Wmissing-include-dirs -Wswitch-enum -o src\stm32f30x_it.o ..\src\stm32f30x_it.c 
..\src\stm32f30x_it.c: In function '__assert_func':
..\src\stm32f30x_it.c:200:32: warning: unused parameter 'file' [-Wunused-parameter]
..\src\stm32f30x_it.c:200:42: warning: unused parameter 'line' [-Wunused-parameter]
..\src\stm32f30x_it.c:200:60: warning: unused parameter 'func' [-Wunused-parameter]
..\src\stm32f30x_it.c:200:78: warning: unused parameter 'failedexpr' [-Wunused-parameter]
..\src\stm32f30x_it.c: In function 'EVAL_AUDIO_TransferComplete_CallBack':
..\src\stm32f30x_it.c:235:52: warning: unused parameter 'pBuffer' [-Wunused-parameter]
..\src\stm32f30x_it.c:235:70: warning: unused parameter 'Size' [-Wunused-parameter]
arm-atollic-eabi-gcc -c -mthumb -mcpu=cortex-m4 -mfloat-abi=hard -mfpu=fpv4-sp-d16 -std=gnu1x -DUSE_STM32F3_DISCOVERY -DHSE_VALUE=8000000 -DSTM32F30X -DUSE_STDPERIPH_DRIVER -I../src -I..\Libraries\CMSIS\Include -I..\Libraries\CMSIS\Device\ST\STM32F30x\Include -I..\Libraries\STM32F30x_StdPeriph_Driver\inc -I../Utilities/STM32F3_Discovery -O0 -ffunction-sections -fdata-sections -g -Wall -Wextra -Wmissing-include-dirs -Wswitch-enum -o Libraries\STM32F30x_StdPeriph_Driver\src\stm32f30x_iwdg.o ..\Libraries\STM32F30x_StdPeriph_Driver\src\stm32f30x_iwdg.c 
arm-atollic-eabi-gcc -c -mthumb -mcpu=cortex-m4 -mfloat-abi=hard -mfpu=fpv4-sp-d16 -std=gnu1x -DUSE_STM32F3_DISCOVERY -DHSE_VALUE=8000000 -DSTM32F30X -DUSE_STDPERIPH_DRIVER -I../src -I..\Libraries\CMSIS\Include -I..\Libraries\CMSIS\Device\ST\STM32F30x\Include -I..\Libraries\STM32F30x_StdPeriph_Driver\inc -I../Utilities/STM32F3_Discovery -O0 -ffunction-sections -fdata-sections -g -Wall -Wextra -Wmissing-include-dirs -Wswitch-enum -o Libraries\STM32F30x_StdPeriph_Driver\src\stm32f30x_dma.o ..\Libraries\STM32F30x_StdPeriph_Driver\src\stm32f30x_dma.c 
arm-atollic-eabi-gcc -c -mthumb -mcpu=cortex-m4 -mfloat-abi=hard -mfpu=fpv4-sp-d16 -std=gnu1x -DUSE_STM32F3_DISCOVERY -DHSE_VALUE=8000000 -DSTM32F30X -DUSE_STDPERIPH_DRIVER -I../src -I..\Libraries\CMSIS\Include -I..\Libraries\CMSIS\Device\ST\STM32F30x\Include -I..\Libraries\STM32F30x_StdPeriph_Driver\inc -I../Utilities/STM32F3_Discovery -O0 -ffunction-sections -fdata-sections -g -Wall -Wextra -Wmissing-include-dirs -Wswitch-enum -o src\io.o ..\src\io.c 
arm-atollic-eabi-gcc -c -mthumb -mcpu=cortex-m4 -mfloat-abi=hard -mfpu=fpv4-sp-d16 -std=gnu1x -DUSE_STM32F3_DISCOVERY -DHSE_VALUE=8000000 -DSTM32F30X -DUSE_STDPERIPH_DRIVER -I../src -I..\Libraries\CMSIS\Include -I..\Libraries\CMSIS\Device\ST\STM32F30x\Include -I..\Libraries\STM32F30x_StdPeriph_Driver\inc -I../Utilities/STM32F3_Discovery -O0 -ffunction-sections -fdata-sections -g -Wall -Wextra -Wmissing-include-dirs -Wswitch-enum -o Utilities\STM32F3_Discovery\stm32f3_discovery.o ..\Utilities\STM32F3_Discovery\stm32f3_discovery.c 
arm-atollic-eabi-gcc -c -mthumb -mcpu=cortex-m4 -mfloat-abi=hard -mfpu=fpv4-sp-d16 -std=gnu1x -DUSE_STM32F3_DISCOVERY -DHSE_VALUE=8000000 -DSTM32F30X -DUSE_STDPERIPH_DRIVER -I../src -I..\Libraries\CMSIS\Include -I..\Libraries\CMSIS\Device\ST\STM32F30x\Include -I..\Libraries\STM32F30x_StdPeriph_Driver\inc -I../Utilities/STM32F3_Discovery -O0 -ffunction-sections -fdata-sections -g -Wall -Wextra -Wmissing-include-dirs -Wswitch-enum -o Libraries\STM32F30x_StdPeriph_Driver\src\stm32f30x_gpio.o ..\Libraries\STM32F30x_StdPeriph_Driver\src\stm32f30x_gpio.c 
arm-atollic-eabi-gcc -c -mthumb -mcpu=cortex-m4 -mfloat-abi=hard -mfpu=fpv4-sp-d16 -std=gnu1x -DUSE_STM32F3_DISCOVERY -DHSE_VALUE=8000000 -DSTM32F30X -DUSE_STDPERIPH_DRIVER -I../src -I..\Libraries\CMSIS\Include -I..\Libraries\CMSIS\Device\ST\STM32F30x\Include -I..\Libraries\STM32F30x_StdPeriph_Driver\inc -I../Utilities/STM32F3_Discovery -O0 -ffunction-sections -fdata-sections -g -Wall -Wextra -Wmissing-include-dirs -Wswitch-enum -o Libraries\STM32F30x_StdPeriph_Driver\src\stm32f30x_wwdg.o ..\Libraries\STM32F30x_StdPeriph_Driver\src\stm32f30x_wwdg.c 
arm-atollic-eabi-gcc -c -mthumb -mcpu=cortex-m4 -mfloat-abi=hard -mfpu=fpv4-sp-d16 -std=gnu1x -DUSE_STM32F3_DISCOVERY -DHSE_VALUE=8000000 -DSTM32F30X -DUSE_STDPERIPH_DRIVER -I../src -I..\Libraries\CMSIS\Include -I..\Libraries\CMSIS\Device\ST\STM32F30x\Include -I..\Libraries\STM32F30x_StdPeriph_Driver\inc -I../Utilities/STM32F3_Discovery -O0 -ffunction-sections -fdata-sections -g -Wall -Wextra -Wmissing-include-dirs -Wswitch-enum -o Libraries\STM32F30x_StdPeriph_Driver\src\stm32f30x_rcc.o ..\Libraries\STM32F30x_StdPeriph_Driver\src\stm32f30x_rcc.c 
arm-atollic-eabi-gcc -c -mthumb -mcpu=cortex-m4 -mfloat-abi=hard -mfpu=fpv4-sp-d16 -std=gnu1x -DUSE_STM32F3_DISCOVERY -DHSE_VALUE=8000000 -DSTM32F30X -DUSE_STDPERIPH_DRIVER -I../src -I..\Libraries\CMSIS\Include -I..\Libraries\CMSIS\Device\ST\STM32F30x\Include -I..\Libraries\STM32F30x_StdPeriph_Driver\inc -I../Utilities/STM32F3_Discovery -O0 -ffunction-sections -fdata-sections -g -Wall -Wextra -Wmissing-include-dirs -Wswitch-enum -o Libraries\STM32F30x_StdPeriph_Driver\src\stm32f30x_comp.o ..\Libraries\STM32F30x_StdPeriph_Driver\src\stm32f30x_comp.c 
arm-atollic-eabi-gcc -c -mthumb -mcpu=cortex-m4 -mfloat-abi=hard -mfpu=fpv4-sp-d16 -std=gnu1x -DUSE_STM32F3_DISCOVERY -DHSE_VALUE=8000000 -DSTM32F30X -DUSE_STDPERIPH_DRIVER -I../src -I..\Libraries\CMSIS\Include -I..\Libraries\CMSIS\Device\ST\STM32F30x\Include -I..\Libraries\STM32F30x_StdPeriph_Driver\inc -I../Utilities/STM32F3_Discovery -O0 -ffunction-sections -fdata-sections -g -Wall -Wextra -Wmissing-include-dirs -Wswitch-enum -o src\tiny_printf.o ..\src\tiny_printf.c 
..\src\tiny_printf.c: In function 'ts_itoa':
..\src\tiny_printf.c:73:15: warning: comparison between signed and unsigned integer expressions [-Wsign-compare]
arm-atollic-eabi-gcc -c -mthumb -mcpu=cortex-m4 -mfloat-abi=hard -mfpu=fpv4-sp-d16 -std=gnu1x -DUSE_STM32F3_DISCOVERY -DHSE_VALUE=8000000 -DSTM32F30X -DUSE_STDPERIPH_DRIVER -I../src -I..\Libraries\CMSIS\Include -I..\Libraries\CMSIS\Device\ST\STM32F30x\Include -I..\Libraries\STM32F30x_StdPeriph_Driver\inc -I../Utilities/STM32F3_Discovery -O0 -ffunction-sections -fdata-sections -g -Wall -Wextra -Wmissing-include-dirs -Wswitch-enum -o Libraries\STM32F30x_StdPeriph_Driver\src\stm32f30x_usart.o ..\Libraries\STM32F30x_StdPeriph_Driver\src\stm32f30x_usart.c 
arm-atollic-eabi-gcc -c -mthumb -mcpu=cortex-m4 -mfloat-abi=hard -mfpu=fpv4-sp-d16 -std=gnu1x -DUSE_STM32F3_DISCOVERY -DHSE_VALUE=8000000 -DSTM32F30X -DUSE_STDPERIPH_DRIVER -I../src -I..\Libraries\CMSIS\Include -I..\Libraries\CMSIS\Device\ST\STM32F30x\Include -I..\Libraries\STM32F30x_StdPeriph_Driver\inc -I../Utilities/STM32F3_Discovery -O0 -ffunction-sections -fdata-sections -g -Wall -Wextra -Wmissing-include-dirs -Wswitch-enum -o Utilities\STM32F3_Discovery\stm32f3_discovery_l3gd20.o ..\Utilities\STM32F3_Discovery\stm32f3_discovery_l3gd20.c 
arm-atollic-eabi-gcc -c -mthumb -mcpu=cortex-m4 -mfloat-abi=hard -mfpu=fpv4-sp-d16 -std=gnu1x -DUSE_STM32F3_DISCOVERY -DHSE_VALUE=8000000 -DSTM32F30X -DUSE_STDPERIPH_DRIVER -I../src -I..\Libraries\CMSIS\Include -I..\Libraries\CMSIS\Device\ST\STM32F30x\Include -I..\Libraries\STM32F30x_StdPeriph_Driver\inc -I../Utilities/STM32F3_Discovery -O0 -ffunction-sections -fdata-sections -g -Wall -Wextra -Wmissing-include-dirs -Wswitch-enum -o Libraries\STM32F30x_StdPeriph_Driver\src\stm32f30x_tim.o ..\Libraries\STM32F30x_StdPeriph_Driver\src\stm32f30x_tim.c 
arm-atollic-eabi-gcc -c -mthumb -mcpu=cortex-m4 -mfloat-abi=hard -mfpu=fpv4-sp-d16 -std=gnu1x -DUSE_STM32F3_DISCOVERY -DHSE_VALUE=8000000 -DSTM32F30X -DUSE_STDPERIPH_DRIVER -I../src -I..\Libraries\CMSIS\Include -I..\Libraries\CMSIS\Device\ST\STM32F30x\Include -I..\Libraries\STM32F30x_StdPeriph_Driver\inc -I../Utilities/STM32F3_Discovery -O0 -ffunction-sections -fdata-sections -g -Wall -Wextra -Wmissing-include-dirs -Wswitch-enum -o Libraries\STM32F30x_StdPeriph_Driver\src\stm32f30x_exti.o ..\Libraries\STM32F30x_StdPeriph_Driver\src\stm32f30x_exti.c 
arm-atollic-eabi-gcc -c -mthumb -mcpu=cortex-m4 -mfloat-abi=hard -mfpu=fpv4-sp-d16 -std=gnu1x -DUSE_STM32F3_DISCOVERY -DHSE_VALUE=8000000 -DSTM32F30X -DUSE_STDPERIPH_DRIVER -I../src -I..\Libraries\CMSIS\Include -I..\Libraries\CMSIS\Device\ST\STM32F30x\Include -I..\Libraries\STM32F30x_StdPeriph_Driver\inc -I../Utilities/STM32F3_Discovery -O0 -ffunction-sections -fdata-sections -g -Wall -Wextra -Wmissing-include-dirs -Wswitch-enum -o Libraries\STM32F30x_StdPeriph_Driver\src\stm32f30x_syscfg.o ..\Libraries\STM32F30x_StdPeriph_Driver\src\stm32f30x_syscfg.c 
..\Libraries\STM32F30x_StdPeriph_Driver\src\stm32f30x_syscfg.c: In function 'SYSCFG_GetFlagStatus':
..\Libraries\STM32F30x_StdPeriph_Driver\src\stm32f30x_syscfg.c:419:42: warning: unused parameter 'SYSCFG_Flag' [-Wunused-parameter]
arm-atollic-eabi-gcc -c -mthumb -mcpu=cortex-m4 -mfloat-abi=hard -mfpu=fpv4-sp-d16 -std=gnu1x -DUSE_STM32F3_DISCOVERY -DHSE_VALUE=8000000 -DSTM32F30X -DUSE_STDPERIPH_DRIVER -I../src -I..\Libraries\CMSIS\Include -I..\Libraries\CMSIS\Device\ST\STM32F30x\Include -I..\Libraries\STM32F30x_StdPeriph_Driver\inc -I../Utilities/STM32F3_Discovery -O0 -ffunction-sections -fdata-sections -g -Wall -Wextra -Wmissing-include-dirs -Wswitch-enum -o src\timer.o ..\src\timer.c 
arm-atollic-eabi-gcc -c -mthumb -mcpu=cortex-m4 -mfloat-abi=hard -mfpu=fpv4-sp-d16 -std=gnu1x -DUSE_STM32F3_DISCOVERY -DHSE_VALUE=8000000 -DSTM32F30X -DUSE_STDPERIPH_DRIVER -I../src -I..\Libraries\CMSIS\Include -I..\Libraries\CMSIS\Device\ST\STM32F30x\Include -I..\Libraries\STM32F30x_StdPeriph_Driver\inc -I../Utilities/STM32F3_Discovery -O0 -ffunction-sections -fdata-sections -g -Wall -Wextra -Wmissing-include-dirs -Wswitch-enum -o Libraries\STM32F30x_StdPeriph_Driver\src\stm32f30x_crc.o ..\Libraries\STM32F30x_StdPeriph_Driver\src\stm32f30x_crc.c 
arm-atollic-eabi-gcc -c -mthumb -mcpu=cortex-m4 -mfloat-abi=hard -mfpu=fpv4-sp-d16 -std=gnu1x -DUSE_STM32F3_DISCOVERY -DHSE_VALUE=8000000 -DSTM32F30X -DUSE_STDPERIPH_DRIVER -I../src -I..\Libraries\CMSIS\Include -I..\Libraries\CMSIS\Device\ST\STM32F30x\Include -I..\Libraries\STM32F30x_StdPeriph_Driver\inc -I../Utilities/STM32F3_Discovery -O0 -ffunction-sections -fdata-sections -g -Wall -Wextra -Wmissing-include-dirs -Wswitch-enum -o Libraries\STM32F30x_StdPeriph_Driver\src\stm32f30x_spi.o ..\Libraries\STM32F30x_StdPeriph_Driver\src\stm32f30x_spi.c 
arm-atollic-eabi-gcc -c -mthumb -mcpu=cortex-m4 -mfloat-abi=hard -mfpu=fpv4-sp-d16 -std=gnu1x -DUSE_STM32F3_DISCOVERY -DHSE_VALUE=8000000 -DSTM32F30X -DUSE_STDPERIPH_DRIVER -I../src -I..\Libraries\CMSIS\Include -I..\Libraries\CMSIS\Device\ST\STM32F30x\Include -I..\Libraries\STM32F30x_StdPeriph_Driver\inc -I../Utilities/STM32F3_Discovery -O0 -ffunction-sections -fdata-sections -g -Wall -Wextra -Wmissing-include-dirs -Wswitch-enum -o Utilities\STM32F3_Discovery\stm32f3_discovery_lsm303dlhc.o ..\Utilities\STM32F3_Discovery\stm32f3_discovery_lsm303dlhc.c 
arm-atollic-eabi-gcc -c -mthumb -mcpu=cortex-m4 -mfloat-abi=hard -mfpu=fpv4-sp-d16 -g -Wa,--warn -x assembler-with-cpp -o src\startup_stm32f30x.o ..\src\startup_stm32f30x.s 
arm-atollic-eabi-gcc -c -mthumb -mcpu=cortex-m4 -mfloat-abi=hard -mfpu=fpv4-sp-d16 -std=gnu1x -DUSE_STM32F3_DISCOVERY -DHSE_VALUE=8000000 -DSTM32F30X -DUSE_STDPERIPH_DRIVER -I../src -I..\Libraries\CMSIS\Include -I..\Libraries\CMSIS\Device\ST\STM32F30x\Include -I..\Libraries\STM32F30x_StdPeriph_Driver\inc -I../Utilities/STM32F3_Discovery -O0 -ffunction-sections -fdata-sections -g -Wall -Wextra -Wmissing-include-dirs -Wswitch-enum -o Libraries\STM32F30x_StdPeriph_Driver\src\stm32f30x_rtc.o ..\Libraries\STM32F30x_StdPeriph_Driver\src\stm32f30x_rtc.c 
arm-atollic-eabi-gcc -c -mthumb -mcpu=cortex-m4 -mfloat-abi=hard -mfpu=fpv4-sp-d16 -std=gnu1x -DUSE_STM32F3_DISCOVERY -DHSE_VALUE=8000000 -DSTM32F30X -DUSE_STDPERIPH_DRIVER -I../src -I..\Libraries\CMSIS\Include -I..\Libraries\CMSIS\Device\ST\STM32F30x\Include -I..\Libraries\STM32F30x_StdPeriph_Driver\inc -I../Utilities/STM32F3_Discovery -O0 -ffunction-sections -fdata-sections -g -Wall -Wextra -Wmissing-include-dirs -Wswitch-enum -o Libraries\STM32F30x_StdPeriph_Driver\src\stm32f30x_i2c.o ..\Libraries\STM32F30x_StdPeriph_Driver\src\stm32f30x_i2c.c 
arm-atollic-eabi-gcc -c -mthumb -mcpu=cortex-m4 -mfloat-abi=hard -mfpu=fpv4-sp-d16 -std=gnu1x -DUSE_STM32F3_DISCOVERY -DHSE_VALUE=8000000 -DSTM32F30X -DUSE_STDPERIPH_DRIVER -I../src -I..\Libraries\CMSIS\Include -I..\Libraries\CMSIS\Device\ST\STM32F30x\Include -I..\Libraries\STM32F30x_StdPeriph_Driver\inc -I../Utilities/STM32F3_Discovery -O0 -ffunction-sections -fdata-sections -g -Wall -Wextra -Wmissing-include-dirs -Wswitch-enum -o Libraries\STM32F30x_StdPeriph_Driver\src\stm32f30x_flash.o ..\Libraries\STM32F30x_StdPeriph_Driver\src\stm32f30x_flash.c 
arm-atollic-eabi-gcc -c -mthumb -mcpu=cortex-m4 -mfloat-abi=hard -mfpu=fpv4-sp-d16 -std=gnu1x -DUSE_STM32F3_DISCOVERY -DHSE_VALUE=8000000 -DSTM32F30X -DUSE_STDPERIPH_DRIVER -I../src -I..\Libraries\CMSIS\Include -I..\Libraries\CMSIS\Device\ST\STM32F30x\Include -I..\Libraries\STM32F30x_StdPeriph_Driver\inc -I../Utilities/STM32F3_Discovery -O0 -ffunction-sections -fdata-sections -g -Wall -Wextra -Wmissing-include-dirs -Wswitch-enum -o src\main.o ..\src\main.c 
..\src\main.c: In function 'audio':
..\src\main.c:113:22: warning: unused parameter 'data' [-Wunused-parameter]
arm-atollic-eabi-gcc -c -mthumb -mcpu=cortex-m4 -mfloat-abi=hard -mfpu=fpv4-sp-d16 -std=gnu1x -DUSE_STM32F3_DISCOVERY -DHSE_VALUE=8000000 -DSTM32F30X -DUSE_STDPERIPH_DRIVER -I../src -I..\Libraries\CMSIS\Include -I..\Libraries\CMSIS\Device\ST\STM32F30x\Include -I..\Libraries\STM32F30x_StdPeriph_Driver\inc -I../Utilities/STM32F3_Discovery -O0 -ffunction-sections -fdata-sections -g -Wall -Wextra -Wmissing-include-dirs -Wswitch-enum -o Libraries\STM32F30x_StdPeriph_Driver\src\stm32f30x_adc.o ..\Libraries\STM32F30x_StdPeriph_Driver\src\stm32f30x_adc.c 
arm-atollic-eabi-gcc -c -mthumb -mcpu=cortex-m4 -mfloat-abi=hard -mfpu=fpv4-sp-d16 -std=gnu1x -DUSE_STM32F3_DISCOVERY -DHSE_VALUE=8000000 -DSTM32F30X -DUSE_STDPERIPH_DRIVER -I../src -I..\Libraries\CMSIS\Include -I..\Libraries\CMSIS\Device\ST\STM32F30x\Include -I..\Libraries\STM32F30x_StdPeriph_Driver\inc -I../Utilities/STM32F3_Discovery -O0 -ffunction-sections -fdata-sections -g -Wall -Wextra -Wmissing-include-dirs -Wswitch-enum -o src\system_stm32f30x.o ..\src\system_stm32f30x.c 
arm-atollic-eabi-gcc -c -mthumb -mcpu=cortex-m4 -mfloat-abi=hard -mfpu=fpv4-sp-d16 -std=gnu1x -DUSE_STM32F3_DISCOVERY -DHSE_VALUE=8000000 -DSTM32F30X -DUSE_STDPERIPH_DRIVER -I../src -I..\Libraries\CMSIS\Include -I..\Libraries\CMSIS\Device\ST\STM32F30x\Include -I..\Libraries\STM32F30x_StdPeriph_Driver\inc -I../Utilities/STM32F3_Discovery -O0 -ffunction-sections -fdata-sections -g -Wall -Wextra -Wmissing-include-dirs -Wswitch-enum -o Libraries\STM32F30x_StdPeriph_Driver\src\stm32f30x_misc.o ..\Libraries\STM32F30x_StdPeriph_Driver\src\stm32f30x_misc.c 
arm-atollic-eabi-gcc -c -mthumb -mcpu=cortex-m4 -mfloat-abi=hard -mfpu=fpv4-sp-d16 -std=gnu1x -DUSE_STM32F3_DISCOVERY -DHSE_VALUE=8000000 -DSTM32F30X -DUSE_STDPERIPH_DRIVER -I../src -I..\Libraries\CMSIS\Include -I..\Libraries\CMSIS\Device\ST\STM32F30x\Include -I..\Libraries\STM32F30x_StdPeriph_Driver\inc -I../Utilities/STM32F3_Discovery -O0 -ffunction-sections -fdata-sections -g -Wall -Wextra -Wmissing-include-dirs -Wswitch-enum -o Libraries\STM32F30x_StdPeriph_Driver\src\stm32f30x_dac.o ..\Libraries\STM32F30x_StdPeriph_Driver\src\stm32f30x_dac.c 
arm-atollic-eabi-gcc src\tiny_printf.o src\timer.o src\system_stm32f30x.o src\stm32f30x_it.o src\startup_stm32f30x.o src\main.o src\io.o Utilities\STM32F3_Discovery\stm32f3_discovery_lsm303dlhc.o Utilities\STM32F3_Discovery\stm32f3_discovery_l3gd20.o Utilities\STM32F3_Discovery\stm32f3_discovery.o Libraries\STM32F30x_StdPeriph_Driver\src\stm32f30x_wwdg.o Libraries\STM32F30x_StdPeriph_Driver\src\stm32f30x_usart.o Libraries\STM32F30x_StdPeriph_Driver\src\stm32f30x_tim.o Libraries\STM32F30x_StdPeriph_Driver\src\stm32f30x_syscfg.o Libraries\STM32F30x_StdPeriph_Driver\src\stm32f30x_spi.o Libraries\STM32F30x_StdPeriph_Driver\src\stm32f30x_rtc.o Libraries\STM32F30x_StdPeriph_Driver\src\stm32f30x_rcc.o Libraries\STM32F30x_StdPeriph_Driver\src\stm32f30x_pwr.o Libraries\STM32F30x_StdPeriph_Driver\src\stm32f30x_opamp.o Libraries\STM32F30x_StdPeriph_Driver\src\stm32f30x_misc.o Libraries\STM32F30x_StdPeriph_Driver\src\stm32f30x_iwdg.o Libraries\STM32F30x_StdPeriph_Driver\src\stm32f30x_i2c.o Libraries\STM32F30x_StdPeriph_Driver\src\stm32f30x_gpio.o Libraries\STM32F30x_StdPeriph_Driver\src\stm32f30x_flash.o Libraries\STM32F30x_StdPeriph_Driver\src\stm32f30x_exti.o Libraries\STM32F30x_StdPeriph_Driver\src\stm32f30x_dma.o Libraries\STM32F30x_StdPeriph_Driver\src\stm32f30x_dbgmcu.o Libraries\STM32F30x_StdPeriph_Driver\src\stm32f30x_dac.o Libraries\STM32F30x_StdPeriph_Driver\src\stm32f30x_crc.o Libraries\STM32F30x_StdPeriph_Driver\src\stm32f30x_comp.o Libraries\STM32F30x_StdPeriph_Driver\src\stm32f30x_can.o Libraries\STM32F30x_StdPeriph_Driver\src\stm32f30x_adc.o -o test.elf -mthumb -mcpu=cortex-m4 -mfloat-abi=hard -mfpu=fpv4-sp-d16 -T..\stm32f30_flash.ld -Wl,--start-group -lc_s -lm -Wl,--end-group -static -Wl,-cref,-u,Reset_Handler -Wl,-Map=test.map -Wl,--gc-sections -Wl,--defsym=malloc_getpagesize_P=0x1000 
D:\programs\Atollic\TrueSTUDIO for ARM Lite 5.0.0\ide\jre\bin\java -jar D:\programs\Atollic\TrueSTUDIO for ARM Lite 5.0.0\Tools\arm-atollic-reports.jar sizeinfo test.elf 
Generate build reports...
Print size information
   text	   data	    bss	    dec	    hex	filename
  15496	    116	    708	  16320	   3fc0	test.elf
Print size information done
Generate build reports done

20:16:59 Build Finished (took 5s.274ms)

